16:21:19 **** Incremental Build of configuration Debug for project fmcomms_lan_sin ****
make all 
make: Nothing to be done for `all'.
16:22:50 **** Auto Build of configuration Debug for project fmcomms_lan_sin ****
make all 
'Building file: ../src/Common/test.c'
'Invoking: ARM gcc compiler'
arm-xilinx-eabi-gcc -Wall -O0 -g3 -I"E:\ZedBoard_Projects\FmComms_Lan\fmcomms1_zed.sdk\fmcomms_lan_sin\src\AD8366" -I"E:\ZedBoard_Projects\FmComms_Lan\fmcomms1_zed.sdk\fmcomms_lan_sin\src\AD9122" -I"E:\ZedBoard_Projects\FmComms_Lan\fmcomms1_zed.sdk\fmcomms_lan_sin\src\AD9523" -I"E:\ZedBoard_Projects\FmComms_Lan\fmcomms1_zed.sdk\fmcomms_lan_sin\src\AD9548" -I"E:\ZedBoard_Projects\FmComms_Lan\fmcomms1_zed.sdk\fmcomms_lan_sin\src\AD9643" -I"E:\ZedBoard_Projects\FmComms_Lan\fmcomms1_zed.sdk\fmcomms_lan_sin\src\ADF4351" -I"E:\ZedBoard_Projects\FmComms_Lan\fmcomms1_zed.sdk\fmcomms_lan_sin\src\Common" -c -fmessage-length=0 -MT"src/Common/test.o" -I../../fmcomms_lan_sin_bsp/ps7_cortexa9_0/include -MMD -MP -MF"src/Common/test.d" -MT"src/Common/test.d" -o "src/Common/test.o" "../src/Common/test.c"
../src/Common/test.c: In function 'double_buffer_dac_dma_setup_circular':
../src/Common/test.c:611:35: warning: variable 'END2' set but not used [-Wunused-but-set-variable]
  uint32_t current_src_add , END1, END2;
                                   ^
../src/Common/test.c:611:29: warning: variable 'END1' set but not used [-Wunused-but-set-variable]
  uint32_t current_src_add , END1, END2;
                             ^
../src/Common/test.c: In function 'dac_dma_setup_ipcoreaddress':
../src/Common/test.c:701:35: warning: variable 'END2' set but not used [-Wunused-but-set-variable]
  uint32_t current_src_add , END1, END2;
                                   ^
../src/Common/test.c:701:29: warning: variable 'END1' set but not used [-Wunused-but-set-variable]
  uint32_t current_src_add , END1, END2;
                             ^
'Finished building: ../src/Common/test.c'
' '
'Building target: fmcomms_lan_sin.elf'
'Invoking: ARM gcc linker'
arm-xilinx-eabi-gcc -Wl,-T -Wl,../src/lscript.ld -L../../fmcomms_lan_sin_bsp/ps7_cortexa9_0/lib -o "fmcomms_lan_sin.elf"  ./src/Common/adc_core.o ./src/Common/dac_core.o ./src/Common/eeprom.o ./src/Common/i2c_access.o ./src/Common/i2c_axi.o ./src/Common/i2c_ps7.o ./src/Common/lan.o ./src/Common/main.o ./src/Common/mmcm.o ./src/Common/platform.o ./src/Common/platform_mb.o ./src/Common/platform_ppc.o ./src/Common/platform_zynq.o ./src/Common/platform_zynqmp.o ./src/Common/recive_lan_callback.o ./src/Common/sfp.o ./src/Common/shared_variables.o ./src/Common/si5324.o ./src/Common/sinGen.o ./src/Common/spi_interface.o ./src/Common/test.o ./src/Common/xcomm.o  ./src/ADF4351/ADF4351.o  ./src/AD9643/AD9643.o  ./src/AD9548/AD9548.o  ./src/AD9523/AD9523.o  ./src/AD9122/AD9122.o ./src/AD9122/cf_axi_dds.o  ./src/AD8366/AD8366.o   -Wl,--start-group,-lxil,-lgcc,-lc,--end-group -Wl,--start-group,-lxil,-llwip4,-lgcc,-lc,--end-group
'Finished building target: fmcomms_lan_sin.elf'
' '
'Invoking: ARM Print Size'
arm-xilinx-eabi-size fmcomms_lan_sin.elf  |tee "fmcomms_lan_sin.elf.size"
   text	   data	    bss	    dec	    hex	filename
 220872	   3788	2218272	2442932	 2546b4	fmcomms_lan_sin.elf
'Finished building: fmcomms_lan_sin.elf.size'
' '
16:22:56 **** Auto Build of configuration Debug for project fmcomms_lan_sin ****
make all 
'Building file: ../src/Common/adc_core.c'
'Invoking: ARM gcc compiler'
arm-xilinx-eabi-gcc -Wall -O0 -g3 -I"E:\ZedBoard_Projects\FmComms_Lan\fmcomms1_zed.sdk\fmcomms_lan_sin\src\AD8366" -I"E:\ZedBoard_Projects\FmComms_Lan\fmcomms1_zed.sdk\fmcomms_lan_sin\src\AD9122" -I"E:\ZedBoard_Projects\FmComms_Lan\fmcomms1_zed.sdk\fmcomms_lan_sin\src\AD9523" -I"E:\ZedBoard_Projects\FmComms_Lan\fmcomms1_zed.sdk\fmcomms_lan_sin\src\AD9548" -I"E:\ZedBoard_Projects\FmComms_Lan\fmcomms1_zed.sdk\fmcomms_lan_sin\src\AD9643" -I"E:\ZedBoard_Projects\FmComms_Lan\fmcomms1_zed.sdk\fmcomms_lan_sin\src\ADF4351" -I"E:\ZedBoard_Projects\FmComms_Lan\fmcomms1_zed.sdk\fmcomms_lan_sin\src\Common" -c -fmessage-length=0 -MT"src/Common/adc_core.o" -I../../fmcomms_lan_sin_bsp/ps7_cortexa9_0/include -MMD -MP -MF"src/Common/adc_core.d" -MT"src/Common/adc_core.d" -o "src/Common/adc_core.o" "../src/Common/adc_core.c"
'Finished building: ../src/Common/adc_core.c'
' '
'Building file: ../src/Common/dac_core.c'
'Invoking: ARM gcc compiler'
arm-xilinx-eabi-gcc -Wall -O0 -g3 -I"E:\ZedBoard_Projects\FmComms_Lan\fmcomms1_zed.sdk\fmcomms_lan_sin\src\AD8366" -I"E:\ZedBoard_Projects\FmComms_Lan\fmcomms1_zed.sdk\fmcomms_lan_sin\src\AD9122" -I"E:\ZedBoard_Projects\FmComms_Lan\fmcomms1_zed.sdk\fmcomms_lan_sin\src\AD9523" -I"E:\ZedBoard_Projects\FmComms_Lan\fmcomms1_zed.sdk\fmcomms_lan_sin\src\AD9548" -I"E:\ZedBoard_Projects\FmComms_Lan\fmcomms1_zed.sdk\fmcomms_lan_sin\src\AD9643" -I"E:\ZedBoard_Projects\FmComms_Lan\fmcomms1_zed.sdk\fmcomms_lan_sin\src\ADF4351" -I"E:\ZedBoard_Projects\FmComms_Lan\fmcomms1_zed.sdk\fmcomms_lan_sin\src\Common" -c -fmessage-length=0 -MT"src/Common/dac_core.o" -I../../fmcomms_lan_sin_bsp/ps7_cortexa9_0/include -MMD -MP -MF"src/Common/dac_core.d" -MT"src/Common/dac_core.d" -o "src/Common/dac_core.o" "../src/Common/dac_core.c"
'Finished building: ../src/Common/dac_core.c'
' '
'Building file: ../src/Common/main.c'
'Invoking: ARM gcc compiler'
arm-xilinx-eabi-gcc -Wall -O0 -g3 -I"E:\ZedBoard_Projects\FmComms_Lan\fmcomms1_zed.sdk\fmcomms_lan_sin\src\AD8366" -I"E:\ZedBoard_Projects\FmComms_Lan\fmcomms1_zed.sdk\fmcomms_lan_sin\src\AD9122" -I"E:\ZedBoard_Projects\FmComms_Lan\fmcomms1_zed.sdk\fmcomms_lan_sin\src\AD9523" -I"E:\ZedBoard_Projects\FmComms_Lan\fmcomms1_zed.sdk\fmcomms_lan_sin\src\AD9548" -I"E:\ZedBoard_Projects\FmComms_Lan\fmcomms1_zed.sdk\fmcomms_lan_sin\src\AD9643" -I"E:\ZedBoard_Projects\FmComms_Lan\fmcomms1_zed.sdk\fmcomms_lan_sin\src\ADF4351" -I"E:\ZedBoard_Projects\FmComms_Lan\fmcomms1_zed.sdk\fmcomms_lan_sin\src\Common" -c -fmessage-length=0 -MT"src/Common/main.o" -I../../fmcomms_lan_sin_bsp/ps7_cortexa9_0/include -MMD -MP -MF"src/Common/main.d" -MT"src/Common/main.d" -o "src/Common/main.o" "../src/Common/main.c"
../src/Common/main.c: In function 'send_data_ethernet':
../src/Common/main.c:88:11: warning: pointer targets in passing argument 1 of 'sprintf' differ in signedness [-Wpointer-sign]
   sprintf(sending_data, "%u,%u\n", s_i[i], s_q[i]);
           ^
In file included from d:\xilinx\sdk\2015.4\gnu\arm\nt\arm-xilinx-eabi\include\stdio.h:29:0,
                 from ../src/Common/main.c:47:
d:\xilinx\sdk\2015.4\gnu\arm\nt\arm-xilinx-eabi\include\stdio.h:257:5: note: expected 'char *' but argument is of type 'unsigned char *'
 int _EXFUN(sprintf, (char *__restrict, const char *__restrict, ...)
     ^
../src/Common/main.c: In function 'main':
../src/Common/main.c:239:28: warning: passing argument 1 of 'send_data_ethernet' discards 'volatile' qualifier from pointer target type
         send_data_ethernet(rtcp, signal_i, signal_q);
                            ^
../src/Common/main.c:81:6: note: expected 'struct tcp_pcb *' but argument is of type 'volatile struct tcp_pcb *'
 void send_data_ethernet(struct tcp_pcb *pcb, uint16_t s_i[], uint16_t s_q[])
      ^
../src/Common/main.c:208:19: warning: unused variable 'sendBytes' [-Wunused-variable]
     unsigned char sendBytes[12]= "Complete";
                   ^
../src/Common/main.c:115:19: warning: variable 'IPCorePtr' set but not used [-Wunused-but-set-variable]
     unsigned int *IPCorePtr;
                   ^
In file included from ../src/Common/main.c:54:0:
../src/Common/main.c: At top level:
../src/Common/lan.h:48:21: warning: 'server_netif' defined but not used [-Wunused-variable]
 static struct netif server_netif;
                     ^
'Finished building: ../src/Common/main.c'
' '
'Building file: ../src/Common/mmcm.c'
'Invoking: ARM gcc compiler'
arm-xilinx-eabi-gcc -Wall -O0 -g3 -I"E:\ZedBoard_Projects\FmComms_Lan\fmcomms1_zed.sdk\fmcomms_lan_sin\src\AD8366" -I"E:\ZedBoard_Projects\FmComms_Lan\fmcomms1_zed.sdk\fmcomms_lan_sin\src\AD9122" -I"E:\ZedBoard_Projects\FmComms_Lan\fmcomms1_zed.sdk\fmcomms_lan_sin\src\AD9523" -I"E:\ZedBoard_Projects\FmComms_Lan\fmcomms1_zed.sdk\fmcomms_lan_sin\src\AD9548" -I"E:\ZedBoard_Projects\FmComms_Lan\fmcomms1_zed.sdk\fmcomms_lan_sin\src\AD9643" -I"E:\ZedBoard_Projects\FmComms_Lan\fmcomms1_zed.sdk\fmcomms_lan_sin\src\ADF4351" -I"E:\ZedBoard_Projects\FmComms_Lan\fmcomms1_zed.sdk\fmcomms_lan_sin\src\Common" -c -fmessage-length=0 -MT"src/Common/mmcm.o" -I../../fmcomms_lan_sin_bsp/ps7_cortexa9_0/include -MMD -MP -MF"src/Common/mmcm.d" -MT"src/Common/mmcm.d" -o "src/Common/mmcm.o" "../src/Common/mmcm.c"
'Finished building: ../src/Common/mmcm.c'
' '
'Building file: ../src/Common/test.c'
'Invoking: ARM gcc compiler'
arm-xilinx-eabi-gcc -Wall -O0 -g3 -I"E:\ZedBoard_Projects\FmComms_Lan\fmcomms1_zed.sdk\fmcomms_lan_sin\src\AD8366" -I"E:\ZedBoard_Projects\FmComms_Lan\fmcomms1_zed.sdk\fmcomms_lan_sin\src\AD9122" -I"E:\ZedBoard_Projects\FmComms_Lan\fmcomms1_zed.sdk\fmcomms_lan_sin\src\AD9523" -I"E:\ZedBoard_Projects\FmComms_Lan\fmcomms1_zed.sdk\fmcomms_lan_sin\src\AD9548" -I"E:\ZedBoard_Projects\FmComms_Lan\fmcomms1_zed.sdk\fmcomms_lan_sin\src\AD9643" -I"E:\ZedBoard_Projects\FmComms_Lan\fmcomms1_zed.sdk\fmcomms_lan_sin\src\ADF4351" -I"E:\ZedBoard_Projects\FmComms_Lan\fmcomms1_zed.sdk\fmcomms_lan_sin\src\Common" -c -fmessage-length=0 -MT"src/Common/test.o" -I../../fmcomms_lan_sin_bsp/ps7_cortexa9_0/include -MMD -MP -MF"src/Common/test.d" -MT"src/Common/test.d" -o "src/Common/test.o" "../src/Common/test.c"
../src/Common/test.c: In function 'double_buffer_dac_dma_setup_circular':
../src/Common/test.c:611:35: warning: variable 'END2' set but not used [-Wunused-but-set-variable]
  uint32_t current_src_add , END1, END2;
                                   ^
../src/Common/test.c:611:29: warning: variable 'END1' set but not used [-Wunused-but-set-variable]
  uint32_t current_src_add , END1, END2;
                             ^
../src/Common/test.c: In function 'dac_dma_setup_ipcoreaddress':
../src/Common/test.c:701:35: warning: variable 'END2' set but not used [-Wunused-but-set-variable]
  uint32_t current_src_add , END1, END2;
                                   ^
../src/Common/test.c:701:29: warning: variable 'END1' set but not used [-Wunused-but-set-variable]
  uint32_t current_src_add , END1, END2;
                             ^
'Finished building: ../src/Common/test.c'
' '
'Building target: fmcomms_lan_sin.elf'
'Invoking: ARM gcc linker'
arm-xilinx-eabi-gcc -Wl,-T -Wl,../src/lscript.ld -L../../fmcomms_lan_sin_bsp/ps7_cortexa9_0/lib -o "fmcomms_lan_sin.elf"  ./src/Common/adc_core.o ./src/Common/dac_core.o ./src/Common/eeprom.o ./src/Common/i2c_access.o ./src/Common/i2c_axi.o ./src/Common/i2c_ps7.o ./src/Common/lan.o ./src/Common/main.o ./src/Common/mmcm.o ./src/Common/platform.o ./src/Common/platform_mb.o ./src/Common/platform_ppc.o ./src/Common/platform_zynq.o ./src/Common/platform_zynqmp.o ./src/Common/recive_lan_callback.o ./src/Common/sfp.o ./src/Common/shared_variables.o ./src/Common/si5324.o ./src/Common/sinGen.o ./src/Common/spi_interface.o ./src/Common/test.o ./src/Common/xcomm.o  ./src/ADF4351/ADF4351.o  ./src/AD9643/AD9643.o  ./src/AD9548/AD9548.o  ./src/AD9523/AD9523.o  ./src/AD9122/AD9122.o ./src/AD9122/cf_axi_dds.o  ./src/AD8366/AD8366.o   -Wl,--start-group,-lxil,-lgcc,-lc,--end-group -Wl,--start-group,-lxil,-llwip4,-lgcc,-lc,--end-group
'Finished building target: fmcomms_lan_sin.elf'
' '
'Invoking: ARM Print Size'
arm-xilinx-eabi-size fmcomms_lan_sin.elf  |tee "fmcomms_lan_sin.elf.size"
   text	   data	    bss	    dec	    hex	filename
 220872	   3788	2218272	2442932	 2546b4	fmcomms_lan_sin.elf
'Finished building: fmcomms_lan_sin.elf.size'
' '
16:26:19 **** Auto Build of configuration Debug for project fmcomms_lan_sin ****
make all 
'Building file: ../src/Common/test.c'
'Invoking: ARM gcc compiler'
arm-xilinx-eabi-gcc -Wall -O0 -g3 -I"E:\ZedBoard_Projects\FmComms_Lan\fmcomms1_zed.sdk\fmcomms_lan_sin\src\AD8366" -I"E:\ZedBoard_Projects\FmComms_Lan\fmcomms1_zed.sdk\fmcomms_lan_sin\src\AD9122" -I"E:\ZedBoard_Projects\FmComms_Lan\fmcomms1_zed.sdk\fmcomms_lan_sin\src\AD9523" -I"E:\ZedBoard_Projects\FmComms_Lan\fmcomms1_zed.sdk\fmcomms_lan_sin\src\AD9548" -I"E:\ZedBoard_Projects\FmComms_Lan\fmcomms1_zed.sdk\fmcomms_lan_sin\src\AD9643" -I"E:\ZedBoard_Projects\FmComms_Lan\fmcomms1_zed.sdk\fmcomms_lan_sin\src\ADF4351" -I"E:\ZedBoard_Projects\FmComms_Lan\fmcomms1_zed.sdk\fmcomms_lan_sin\src\Common" -c -fmessage-length=0 -MT"src/Common/test.o" -I../../fmcomms_lan_sin_bsp/ps7_cortexa9_0/include -MMD -MP -MF"src/Common/test.d" -MT"src/Common/test.d" -o "src/Common/test.o" "../src/Common/test.c"
../src/Common/test.c: In function 'double_buffer_dac_dma_setup_circular':
../src/Common/test.c:611:35: warning: variable 'END2' set but not used [-Wunused-but-set-variable]
  uint32_t current_src_add , END1, END2;
                                   ^
../src/Common/test.c:611:29: warning: variable 'END1' set but not used [-Wunused-but-set-variable]
  uint32_t current_src_add , END1, END2;
                             ^
../src/Common/test.c: In function 'dac_dma_setup_ipcoreaddress':
../src/Common/test.c:752:2: error: 'END1' undeclared (first use in this function)
  END1 = DDRDAC_BASEADDR + tx_count*4;
  ^
../src/Common/test.c:752:2: note: each undeclared identifier is reported only once for each function it appears in
../src/Common/test.c:753:2: error: 'END2' undeclared (first use in this function)
  END2 = DDRDAC_BASEADDR + BUFFER_GAP + tx_count*4;
  ^
../src/Common/test.c:758:3: error: 'current_src_add' undeclared (first use in this function)
   current_src_add = Xil_In32(baddr + AXI_DMAC_REG_IRQ_PENDING);
   ^
../src/Common/test.c:701:11: warning: unused variable 'address' [-Wunused-variable]
  uint32_t address;
           ^
make: *** [src/Common/test.o] Error 1
16:26:31 **** Auto Build of configuration Debug for project fmcomms_lan_sin ****
make all 
'Building file: ../src/Common/test.c'
'Invoking: ARM gcc compiler'
arm-xilinx-eabi-gcc -Wall -O0 -g3 -I"E:\ZedBoard_Projects\FmComms_Lan\fmcomms1_zed.sdk\fmcomms_lan_sin\src\AD8366" -I"E:\ZedBoard_Projects\FmComms_Lan\fmcomms1_zed.sdk\fmcomms_lan_sin\src\AD9122" -I"E:\ZedBoard_Projects\FmComms_Lan\fmcomms1_zed.sdk\fmcomms_lan_sin\src\AD9523" -I"E:\ZedBoard_Projects\FmComms_Lan\fmcomms1_zed.sdk\fmcomms_lan_sin\src\AD9548" -I"E:\ZedBoard_Projects\FmComms_Lan\fmcomms1_zed.sdk\fmcomms_lan_sin\src\AD9643" -I"E:\ZedBoard_Projects\FmComms_Lan\fmcomms1_zed.sdk\fmcomms_lan_sin\src\ADF4351" -I"E:\ZedBoard_Projects\FmComms_Lan\fmcomms1_zed.sdk\fmcomms_lan_sin\src\Common" -c -fmessage-length=0 -MT"src/Common/test.o" -I../../fmcomms_lan_sin_bsp/ps7_cortexa9_0/include -MMD -MP -MF"src/Common/test.d" -MT"src/Common/test.d" -o "src/Common/test.o" "../src/Common/test.c"
../src/Common/test.c: In function 'double_buffer_dac_dma_setup_circular':
../src/Common/test.c:611:35: warning: variable 'END2' set but not used [-Wunused-but-set-variable]
  uint32_t current_src_add , END1, END2;
                                   ^
../src/Common/test.c:611:29: warning: variable 'END1' set but not used [-Wunused-but-set-variable]
  uint32_t current_src_add , END1, END2;
                             ^
../src/Common/test.c: In function 'dac_dma_setup_ipcoreaddress':
../src/Common/test.c:732:46: warning: passing argument 2 of 'Xil_Out32' makes integer from pointer without a cast
  Xil_Out32(baddr + AXI_DMAC_REG_SRC_ADDRESS, IPCorePtr);
                                              ^
In file included from ../src/Common/test.c:49:0:
../../fmcomms_lan_sin_bsp/ps7_cortexa9_0/include/xil_io.h:231:6: note: expected 'u32' but argument is of type 'unsigned int *'
 void Xil_Out32(INTPTR Addr, u32 Value);
      ^
../src/Common/test.c:752:2: error: 'END1' undeclared (first use in this function)
  END1 = DDRDAC_BASEADDR + tx_count*4;
  ^
../src/Common/test.c:752:2: note: each undeclared identifier is reported only once for each function it appears in
../src/Common/test.c:753:2: error: 'END2' undeclared (first use in this function)
  END2 = DDRDAC_BASEADDR + BUFFER_GAP + tx_count*4;
  ^
../src/Common/test.c:758:3: error: 'current_src_add' undeclared (first use in this function)
   current_src_add = Xil_In32(baddr + AXI_DMAC_REG_IRQ_PENDING);
   ^
../src/Common/test.c:701:11: warning: unused variable 'address' [-Wunused-variable]
  uint32_t address;
           ^
../src/Common/test.c:696:11: warning: unused variable 'data_q' [-Wunused-variable]
  uint32_t data_q;
           ^
../src/Common/test.c:695:11: warning: unused variable 'data_i' [-Wunused-variable]
  uint32_t data_i;
           ^
../src/Common/test.c:693:11: warning: unused variable 'index' [-Wunused-variable]
  uint32_t index;
           ^
make: *** [src/Common/test.o] Error 1
16:26:56 **** Auto Build of configuration Debug for project fmcomms_lan_sin ****
make all 
'Building file: ../src/Common/test.c'
'Invoking: ARM gcc compiler'
arm-xilinx-eabi-gcc -Wall -O0 -g3 -I"E:\ZedBoard_Projects\FmComms_Lan\fmcomms1_zed.sdk\fmcomms_lan_sin\src\AD8366" -I"E:\ZedBoard_Projects\FmComms_Lan\fmcomms1_zed.sdk\fmcomms_lan_sin\src\AD9122" -I"E:\ZedBoard_Projects\FmComms_Lan\fmcomms1_zed.sdk\fmcomms_lan_sin\src\AD9523" -I"E:\ZedBoard_Projects\FmComms_Lan\fmcomms1_zed.sdk\fmcomms_lan_sin\src\AD9548" -I"E:\ZedBoard_Projects\FmComms_Lan\fmcomms1_zed.sdk\fmcomms_lan_sin\src\AD9643" -I"E:\ZedBoard_Projects\FmComms_Lan\fmcomms1_zed.sdk\fmcomms_lan_sin\src\ADF4351" -I"E:\ZedBoard_Projects\FmComms_Lan\fmcomms1_zed.sdk\fmcomms_lan_sin\src\Common" -c -fmessage-length=0 -MT"src/Common/test.o" -I../../fmcomms_lan_sin_bsp/ps7_cortexa9_0/include -MMD -MP -MF"src/Common/test.d" -MT"src/Common/test.d" -o "src/Common/test.o" "../src/Common/test.c"
../src/Common/test.c: In function 'double_buffer_dac_dma_setup_circular':
../src/Common/test.c:611:35: warning: variable 'END2' set but not used [-Wunused-but-set-variable]
  uint32_t current_src_add , END1, END2;
                                   ^
../src/Common/test.c:611:29: warning: variable 'END1' set but not used [-Wunused-but-set-variable]
  uint32_t current_src_add , END1, END2;
                             ^
../src/Common/test.c: In function 'dac_dma_setup_ipcoreaddress':
../src/Common/test.c:752:2: error: 'END1' undeclared (first use in this function)
  END1 = DDRDAC_BASEADDR + tx_count*4;
  ^
../src/Common/test.c:752:2: note: each undeclared identifier is reported only once for each function it appears in
../src/Common/test.c:753:2: error: 'END2' undeclared (first use in this function)
  END2 = DDRDAC_BASEADDR + BUFFER_GAP + tx_count*4;
  ^
../src/Common/test.c:758:3: error: 'current_src_add' undeclared (first use in this function)
   current_src_add = Xil_In32(baddr + AXI_DMAC_REG_IRQ_PENDING);
   ^
../src/Common/test.c:701:11: warning: unused variable 'address' [-Wunused-variable]
  uint32_t address;
           ^
../src/Common/test.c:696:11: warning: unused variable 'data_q' [-Wunused-variable]
  uint32_t data_q;
           ^
../src/Common/test.c:695:11: warning: unused variable 'data_i' [-Wunused-variable]
  uint32_t data_i;
           ^
../src/Common/test.c:693:11: warning: unused variable 'index' [-Wunused-variable]
  uint32_t index;
           ^
make: *** [src/Common/test.o] Error 1
16:27:09 **** Auto Build of configuration Debug for project fmcomms_lan_sin ****
make all 
'Building file: ../src/Common/test.c'
'Invoking: ARM gcc compiler'
arm-xilinx-eabi-gcc -Wall -O0 -g3 -I"E:\ZedBoard_Projects\FmComms_Lan\fmcomms1_zed.sdk\fmcomms_lan_sin\src\AD8366" -I"E:\ZedBoard_Projects\FmComms_Lan\fmcomms1_zed.sdk\fmcomms_lan_sin\src\AD9122" -I"E:\ZedBoard_Projects\FmComms_Lan\fmcomms1_zed.sdk\fmcomms_lan_sin\src\AD9523" -I"E:\ZedBoard_Projects\FmComms_Lan\fmcomms1_zed.sdk\fmcomms_lan_sin\src\AD9548" -I"E:\ZedBoard_Projects\FmComms_Lan\fmcomms1_zed.sdk\fmcomms_lan_sin\src\AD9643" -I"E:\ZedBoard_Projects\FmComms_Lan\fmcomms1_zed.sdk\fmcomms_lan_sin\src\ADF4351" -I"E:\ZedBoard_Projects\FmComms_Lan\fmcomms1_zed.sdk\fmcomms_lan_sin\src\Common" -c -fmessage-length=0 -MT"src/Common/test.o" -I../../fmcomms_lan_sin_bsp/ps7_cortexa9_0/include -MMD -MP -MF"src/Common/test.d" -MT"src/Common/test.d" -o "src/Common/test.o" "../src/Common/test.c"
../src/Common/test.c: In function 'double_buffer_dac_dma_setup_circular':
../src/Common/test.c:611:35: warning: variable 'END2' set but not used [-Wunused-but-set-variable]
  uint32_t current_src_add , END1, END2;
                                   ^
../src/Common/test.c:611:29: warning: variable 'END1' set but not used [-Wunused-but-set-variable]
  uint32_t current_src_add , END1, END2;
                             ^
../src/Common/test.c: In function 'dac_dma_setup_ipcoreaddress':
../src/Common/test.c:702:6: warning: unused variable 'flag' [-Wunused-variable]
  int flag = 0;
      ^
../src/Common/test.c:701:11: warning: unused variable 'address' [-Wunused-variable]
  uint32_t address;
           ^
../src/Common/test.c:696:11: warning: unused variable 'data_q' [-Wunused-variable]
  uint32_t data_q;
           ^
../src/Common/test.c:695:11: warning: unused variable 'data_i' [-Wunused-variable]
  uint32_t data_i;
           ^
../src/Common/test.c:693:11: warning: unused variable 'index' [-Wunused-variable]
  uint32_t index;
           ^
'Finished building: ../src/Common/test.c'
' '
'Building target: fmcomms_lan_sin.elf'
'Invoking: ARM gcc linker'
arm-xilinx-eabi-gcc -Wl,-T -Wl,../src/lscript.ld -L../../fmcomms_lan_sin_bsp/ps7_cortexa9_0/lib -o "fmcomms_lan_sin.elf"  ./src/Common/adc_core.o ./src/Common/dac_core.o ./src/Common/eeprom.o ./src/Common/i2c_access.o ./src/Common/i2c_axi.o ./src/Common/i2c_ps7.o ./src/Common/lan.o ./src/Common/main.o ./src/Common/mmcm.o ./src/Common/platform.o ./src/Common/platform_mb.o ./src/Common/platform_ppc.o ./src/Common/platform_zynq.o ./src/Common/platform_zynqmp.o ./src/Common/recive_lan_callback.o ./src/Common/sfp.o ./src/Common/shared_variables.o ./src/Common/si5324.o ./src/Common/sinGen.o ./src/Common/spi_interface.o ./src/Common/test.o ./src/Common/xcomm.o  ./src/ADF4351/ADF4351.o  ./src/AD9643/AD9643.o  ./src/AD9548/AD9548.o  ./src/AD9523/AD9523.o  ./src/AD9122/AD9122.o ./src/AD9122/cf_axi_dds.o  ./src/AD8366/AD8366.o   -Wl,--start-group,-lxil,-lgcc,-lc,--end-group -Wl,--start-group,-lxil,-llwip4,-lgcc,-lc,--end-group
'Finished building target: fmcomms_lan_sin.elf'
' '
'Invoking: ARM Print Size'
arm-xilinx-eabi-size fmcomms_lan_sin.elf  |tee "fmcomms_lan_sin.elf.size"
   text	   data	    bss	    dec	    hex	filename
 220360	   3788	2218272	2442420	 2544b4	fmcomms_lan_sin.elf
'Finished building: fmcomms_lan_sin.elf.size'
' '
16:27:18 **** Incremental Build of configuration Debug for project fmcomms_lan_sin ****
make all 
make: Nothing to be done for `all'.
16:27:52 **** Incremental Build of configuration Debug for project fmcomms_lan_sin ****
make all 
make: Nothing to be done for `all'.
16:29:09 **** Auto Build of configuration Debug for project fmcomms_lan_sin ****
make all 
'Building file: ../src/Common/main.c'
'Invoking: ARM gcc compiler'
arm-xilinx-eabi-gcc -Wall -O0 -g3 -I"E:\ZedBoard_Projects\FmComms_Lan\fmcomms1_zed.sdk\fmcomms_lan_sin\src\AD8366" -I"E:\ZedBoard_Projects\FmComms_Lan\fmcomms1_zed.sdk\fmcomms_lan_sin\src\AD9122" -I"E:\ZedBoard_Projects\FmComms_Lan\fmcomms1_zed.sdk\fmcomms_lan_sin\src\AD9523" -I"E:\ZedBoard_Projects\FmComms_Lan\fmcomms1_zed.sdk\fmcomms_lan_sin\src\AD9548" -I"E:\ZedBoard_Projects\FmComms_Lan\fmcomms1_zed.sdk\fmcomms_lan_sin\src\AD9643" -I"E:\ZedBoard_Projects\FmComms_Lan\fmcomms1_zed.sdk\fmcomms_lan_sin\src\ADF4351" -I"E:\ZedBoard_Projects\FmComms_Lan\fmcomms1_zed.sdk\fmcomms_lan_sin\src\Common" -c -fmessage-length=0 -MT"src/Common/main.o" -I../../fmcomms_lan_sin_bsp/ps7_cortexa9_0/include -MMD -MP -MF"src/Common/main.d" -MT"src/Common/main.d" -o "src/Common/main.o" "../src/Common/main.c"
../src/Common/main.c: In function 'send_data_ethernet':
../src/Common/main.c:88:11: warning: pointer targets in passing argument 1 of 'sprintf' differ in signedness [-Wpointer-sign]
   sprintf(sending_data, "%u,%u\n", s_i[i], s_q[i]);
           ^
In file included from d:\xilinx\sdk\2015.4\gnu\arm\nt\arm-xilinx-eabi\include\stdio.h:29:0,
                 from ../src/Common/main.c:47:
d:\xilinx\sdk\2015.4\gnu\arm\nt\arm-xilinx-eabi\include\stdio.h:257:5: note: expected 'char *' but argument is of type 'unsigned char *'
 int _EXFUN(sprintf, (char *__restrict, const char *__restrict, ...)
     ^
../src/Common/main.c: In function 'main':
../src/Common/main.c:239:28: warning: passing argument 1 of 'send_data_ethernet' discards 'volatile' qualifier from pointer target type
         send_data_ethernet(rtcp, signal_i, signal_q);
                            ^
../src/Common/main.c:81:6: note: expected 'struct tcp_pcb *' but argument is of type 'volatile struct tcp_pcb *'
 void send_data_ethernet(struct tcp_pcb *pcb, uint16_t s_i[], uint16_t s_q[])
      ^
../src/Common/main.c:208:19: warning: unused variable 'sendBytes' [-Wunused-variable]
     unsigned char sendBytes[12]= "Complete";
                   ^
In file included from ../src/Common/main.c:54:0:
../src/Common/main.c: At top level:
../src/Common/lan.h:48:21: warning: 'server_netif' defined but not used [-Wunused-variable]
 static struct netif server_netif;
                     ^
'Finished building: ../src/Common/main.c'
' '
'Building target: fmcomms_lan_sin.elf'
'Invoking: ARM gcc linker'
arm-xilinx-eabi-gcc -Wl,-T -Wl,../src/lscript.ld -L../../fmcomms_lan_sin_bsp/ps7_cortexa9_0/lib -o "fmcomms_lan_sin.elf"  ./src/Common/adc_core.o ./src/Common/dac_core.o ./src/Common/eeprom.o ./src/Common/i2c_access.o ./src/Common/i2c_axi.o ./src/Common/i2c_ps7.o ./src/Common/lan.o ./src/Common/main.o ./src/Common/mmcm.o ./src/Common/platform.o ./src/Common/platform_mb.o ./src/Common/platform_ppc.o ./src/Common/platform_zynq.o ./src/Common/platform_zynqmp.o ./src/Common/recive_lan_callback.o ./src/Common/sfp.o ./src/Common/shared_variables.o ./src/Common/si5324.o ./src/Common/sinGen.o ./src/Common/spi_interface.o ./src/Common/test.o ./src/Common/xcomm.o  ./src/ADF4351/ADF4351.o  ./src/AD9643/AD9643.o  ./src/AD9548/AD9548.o  ./src/AD9523/AD9523.o  ./src/AD9122/AD9122.o ./src/AD9122/cf_axi_dds.o  ./src/AD8366/AD8366.o   -Wl,--start-group,-lxil,-lgcc,-lc,--end-group -Wl,--start-group,-lxil,-llwip4,-lgcc,-lc,--end-group
'Finished building target: fmcomms_lan_sin.elf'
' '
'Invoking: ARM Print Size'
arm-xilinx-eabi-size fmcomms_lan_sin.elf  |tee "fmcomms_lan_sin.elf.size"
   text	   data	    bss	    dec	    hex	filename
 220360	   3788	2218272	2442420	 2544b4	fmcomms_lan_sin.elf
'Finished building: fmcomms_lan_sin.elf.size'
' '
16:29:23 **** Incremental Build of configuration Debug for project fmcomms_lan_sin ****
make all 
make: Nothing to be done for `all'.
16:32:26 **** Auto Build of configuration Debug for project fmcomms_lan_sin ****
make all 
'Building file: ../src/Common/main.c'
'Invoking: ARM gcc compiler'
arm-xilinx-eabi-gcc -Wall -O0 -g3 -I"E:\ZedBoard_Projects\FmComms_Lan\fmcomms1_zed.sdk\fmcomms_lan_sin\src\AD8366" -I"E:\ZedBoard_Projects\FmComms_Lan\fmcomms1_zed.sdk\fmcomms_lan_sin\src\AD9122" -I"E:\ZedBoard_Projects\FmComms_Lan\fmcomms1_zed.sdk\fmcomms_lan_sin\src\AD9523" -I"E:\ZedBoard_Projects\FmComms_Lan\fmcomms1_zed.sdk\fmcomms_lan_sin\src\AD9548" -I"E:\ZedBoard_Projects\FmComms_Lan\fmcomms1_zed.sdk\fmcomms_lan_sin\src\AD9643" -I"E:\ZedBoard_Projects\FmComms_Lan\fmcomms1_zed.sdk\fmcomms_lan_sin\src\ADF4351" -I"E:\ZedBoard_Projects\FmComms_Lan\fmcomms1_zed.sdk\fmcomms_lan_sin\src\Common" -c -fmessage-length=0 -MT"src/Common/main.o" -I../../fmcomms_lan_sin_bsp/ps7_cortexa9_0/include -MMD -MP -MF"src/Common/main.d" -MT"src/Common/main.d" -o "src/Common/main.o" "../src/Common/main.c"
../src/Common/main.c: In function 'send_data_ethernet':
../src/Common/main.c:88:11: warning: pointer targets in passing argument 1 of 'sprintf' differ in signedness [-Wpointer-sign]
   sprintf(sending_data, "%u,%u\n", s_i[i], s_q[i]);
           ^
In file included from d:\xilinx\sdk\2015.4\gnu\arm\nt\arm-xilinx-eabi\include\stdio.h:29:0,
                 from ../src/Common/main.c:47:
d:\xilinx\sdk\2015.4\gnu\arm\nt\arm-xilinx-eabi\include\stdio.h:257:5: note: expected 'char *' but argument is of type 'unsigned char *'
 int _EXFUN(sprintf, (char *__restrict, const char *__restrict, ...)
     ^
../src/Common/main.c: In function 'main':
../src/Common/main.c:206:20: error: expected declaration specifiers or '...' before numeric constant
     void print_ram(256, int 4, IPCorePtr);
                    ^
../src/Common/main.c:206:29: error: expected ';', ',' or ')' before numeric constant
     void print_ram(256, int 4, IPCorePtr);
                             ^
../src/Common/main.c:239:28: warning: passing argument 1 of 'send_data_ethernet' discards 'volatile' qualifier from pointer target type
         send_data_ethernet(rtcp, signal_i, signal_q);
                            ^
../src/Common/main.c:81:6: note: expected 'struct tcp_pcb *' but argument is of type 'volatile struct tcp_pcb *'
 void send_data_ethernet(struct tcp_pcb *pcb, uint16_t s_i[], uint16_t s_q[])
      ^
../src/Common/main.c:208:19: warning: unused variable 'sendBytes' [-Wunused-variable]
     unsigned char sendBytes[12]= "Complete";
                   ^
In file included from ../src/Common/main.c:54:0:
../src/Common/main.c: At top level:
../src/Common/lan.h:48:21: warning: 'server_netif' defined but not used [-Wunused-variable]
 static struct netif server_netif;
                     ^
make: *** [src/Common/main.o] Error 1
16:32:32 **** Auto Build of configuration Debug for project fmcomms_lan_sin ****
make all 
'Building file: ../src/Common/main.c'
'Invoking: ARM gcc compiler'
arm-xilinx-eabi-gcc -Wall -O0 -g3 -I"E:\ZedBoard_Projects\FmComms_Lan\fmcomms1_zed.sdk\fmcomms_lan_sin\src\AD8366" -I"E:\ZedBoard_Projects\FmComms_Lan\fmcomms1_zed.sdk\fmcomms_lan_sin\src\AD9122" -I"E:\ZedBoard_Projects\FmComms_Lan\fmcomms1_zed.sdk\fmcomms_lan_sin\src\AD9523" -I"E:\ZedBoard_Projects\FmComms_Lan\fmcomms1_zed.sdk\fmcomms_lan_sin\src\AD9548" -I"E:\ZedBoard_Projects\FmComms_Lan\fmcomms1_zed.sdk\fmcomms_lan_sin\src\AD9643" -I"E:\ZedBoard_Projects\FmComms_Lan\fmcomms1_zed.sdk\fmcomms_lan_sin\src\ADF4351" -I"E:\ZedBoard_Projects\FmComms_Lan\fmcomms1_zed.sdk\fmcomms_lan_sin\src\Common" -c -fmessage-length=0 -MT"src/Common/main.o" -I../../fmcomms_lan_sin_bsp/ps7_cortexa9_0/include -MMD -MP -MF"src/Common/main.d" -MT"src/Common/main.d" -o "src/Common/main.o" "../src/Common/main.c"
../src/Common/main.c: In function 'send_data_ethernet':
../src/Common/main.c:88:11: warning: pointer targets in passing argument 1 of 'sprintf' differ in signedness [-Wpointer-sign]
   sprintf(sending_data, "%u,%u\n", s_i[i], s_q[i]);
           ^
In file included from d:\xilinx\sdk\2015.4\gnu\arm\nt\arm-xilinx-eabi\include\stdio.h:29:0,
                 from ../src/Common/main.c:47:
d:\xilinx\sdk\2015.4\gnu\arm\nt\arm-xilinx-eabi\include\stdio.h:257:5: note: expected 'char *' but argument is of type 'unsigned char *'
 int _EXFUN(sprintf, (char *__restrict, const char *__restrict, ...)
     ^
../src/Common/main.c: In function 'main':
../src/Common/main.c:206:20: error: expected expression before 'int'
     print_ram(256, int 4, IPCorePtr);
                    ^
../src/Common/main.c:206:5: error: too few arguments to function 'print_ram'
     print_ram(256, int 4, IPCorePtr);
     ^
../src/Common/main.c:70:6: note: declared here
 void print_ram(uint32_t size, int steps, uint32_t start_address)
      ^
../src/Common/main.c:239:28: warning: passing argument 1 of 'send_data_ethernet' discards 'volatile' qualifier from pointer target type
         send_data_ethernet(rtcp, signal_i, signal_q);
                            ^
../src/Common/main.c:81:6: note: expected 'struct tcp_pcb *' but argument is of type 'volatile struct tcp_pcb *'
 void send_data_ethernet(struct tcp_pcb *pcb, uint16_t s_i[], uint16_t s_q[])
      ^
../src/Common/main.c:208:19: warning: unused variable 'sendBytes' [-Wunused-variable]
     unsigned char sendBytes[12]= "Complete";
                   ^
In file included from ../src/Common/main.c:54:0:
../src/Common/main.c: At top level:
../src/Common/lan.h:48:21: warning: 'server_netif' defined but not used [-Wunused-variable]
 static struct netif server_netif;
                     ^
make: *** [src/Common/main.o] Error 1
16:32:43 **** Auto Build of configuration Debug for project fmcomms_lan_sin ****
make all 
'Building file: ../src/Common/main.c'
'Invoking: ARM gcc compiler'
arm-xilinx-eabi-gcc -Wall -O0 -g3 -I"E:\ZedBoard_Projects\FmComms_Lan\fmcomms1_zed.sdk\fmcomms_lan_sin\src\AD8366" -I"E:\ZedBoard_Projects\FmComms_Lan\fmcomms1_zed.sdk\fmcomms_lan_sin\src\AD9122" -I"E:\ZedBoard_Projects\FmComms_Lan\fmcomms1_zed.sdk\fmcomms_lan_sin\src\AD9523" -I"E:\ZedBoard_Projects\FmComms_Lan\fmcomms1_zed.sdk\fmcomms_lan_sin\src\AD9548" -I"E:\ZedBoard_Projects\FmComms_Lan\fmcomms1_zed.sdk\fmcomms_lan_sin\src\AD9643" -I"E:\ZedBoard_Projects\FmComms_Lan\fmcomms1_zed.sdk\fmcomms_lan_sin\src\ADF4351" -I"E:\ZedBoard_Projects\FmComms_Lan\fmcomms1_zed.sdk\fmcomms_lan_sin\src\Common" -c -fmessage-length=0 -MT"src/Common/main.o" -I../../fmcomms_lan_sin_bsp/ps7_cortexa9_0/include -MMD -MP -MF"src/Common/main.d" -MT"src/Common/main.d" -o "src/Common/main.o" "../src/Common/main.c"
../src/Common/main.c: In function 'send_data_ethernet':
../src/Common/main.c:88:11: warning: pointer targets in passing argument 1 of 'sprintf' differ in signedness [-Wpointer-sign]
   sprintf(sending_data, "%u,%u\n", s_i[i], s_q[i]);
           ^
In file included from d:\xilinx\sdk\2015.4\gnu\arm\nt\arm-xilinx-eabi\include\stdio.h:29:0,
                 from ../src/Common/main.c:47:
d:\xilinx\sdk\2015.4\gnu\arm\nt\arm-xilinx-eabi\include\stdio.h:257:5: note: expected 'char *' but argument is of type 'unsigned char *'
 int _EXFUN(sprintf, (char *__restrict, const char *__restrict, ...)
     ^
../src/Common/main.c: In function 'main':
../src/Common/main.c:206:23: warning: passing argument 3 of 'print_ram' makes integer from pointer without a cast
     print_ram(256, 4, IPCorePtr);
                       ^
../src/Common/main.c:70:6: note: expected 'uint32_t' but argument is of type 'unsigned int *'
 void print_ram(uint32_t size, int steps, uint32_t start_address)
      ^
../src/Common/main.c:239:28: warning: passing argument 1 of 'send_data_ethernet' discards 'volatile' qualifier from pointer target type
         send_data_ethernet(rtcp, signal_i, signal_q);
                            ^
../src/Common/main.c:81:6: note: expected 'struct tcp_pcb *' but argument is of type 'volatile struct tcp_pcb *'
 void send_data_ethernet(struct tcp_pcb *pcb, uint16_t s_i[], uint16_t s_q[])
      ^
../src/Common/main.c:208:19: warning: unused variable 'sendBytes' [-Wunused-variable]
     unsigned char sendBytes[12]= "Complete";
                   ^
In file included from ../src/Common/main.c:54:0:
../src/Common/main.c: At top level:
../src/Common/lan.h:48:21: warning: 'server_netif' defined but not used [-Wunused-variable]
 static struct netif server_netif;
                     ^
'Finished building: ../src/Common/main.c'
' '
'Building target: fmcomms_lan_sin.elf'
'Invoking: ARM gcc linker'
arm-xilinx-eabi-gcc -Wl,-T -Wl,../src/lscript.ld -L../../fmcomms_lan_sin_bsp/ps7_cortexa9_0/lib -o "fmcomms_lan_sin.elf"  ./src/Common/adc_core.o ./src/Common/dac_core.o ./src/Common/eeprom.o ./src/Common/i2c_access.o ./src/Common/i2c_axi.o ./src/Common/i2c_ps7.o ./src/Common/lan.o ./src/Common/main.o ./src/Common/mmcm.o ./src/Common/platform.o ./src/Common/platform_mb.o ./src/Common/platform_ppc.o ./src/Common/platform_zynq.o ./src/Common/platform_zynqmp.o ./src/Common/recive_lan_callback.o ./src/Common/sfp.o ./src/Common/shared_variables.o ./src/Common/si5324.o ./src/Common/sinGen.o ./src/Common/spi_interface.o ./src/Common/test.o ./src/Common/xcomm.o  ./src/ADF4351/ADF4351.o  ./src/AD9643/AD9643.o  ./src/AD9548/AD9548.o  ./src/AD9523/AD9523.o  ./src/AD9122/AD9122.o ./src/AD9122/cf_axi_dds.o  ./src/AD8366/AD8366.o   -Wl,--start-group,-lxil,-lgcc,-lc,--end-group -Wl,--start-group,-lxil,-llwip4,-lgcc,-lc,--end-group
'Finished building target: fmcomms_lan_sin.elf'
' '
'Invoking: ARM Print Size'
arm-xilinx-eabi-size fmcomms_lan_sin.elf  |tee "fmcomms_lan_sin.elf.size"
   text	   data	    bss	    dec	    hex	filename
 220360	   3788	2218272	2442420	 2544b4	fmcomms_lan_sin.elf
'Finished building: fmcomms_lan_sin.elf.size'
' '
16:32:49 **** Auto Build of configuration Debug for project fmcomms_lan_sin ****
make all 
'Building file: ../src/Common/main.c'
'Invoking: ARM gcc compiler'
arm-xilinx-eabi-gcc -Wall -O0 -g3 -I"E:\ZedBoard_Projects\FmComms_Lan\fmcomms1_zed.sdk\fmcomms_lan_sin\src\AD8366" -I"E:\ZedBoard_Projects\FmComms_Lan\fmcomms1_zed.sdk\fmcomms_lan_sin\src\AD9122" -I"E:\ZedBoard_Projects\FmComms_Lan\fmcomms1_zed.sdk\fmcomms_lan_sin\src\AD9523" -I"E:\ZedBoard_Projects\FmComms_Lan\fmcomms1_zed.sdk\fmcomms_lan_sin\src\AD9548" -I"E:\ZedBoard_Projects\FmComms_Lan\fmcomms1_zed.sdk\fmcomms_lan_sin\src\AD9643" -I"E:\ZedBoard_Projects\FmComms_Lan\fmcomms1_zed.sdk\fmcomms_lan_sin\src\ADF4351" -I"E:\ZedBoard_Projects\FmComms_Lan\fmcomms1_zed.sdk\fmcomms_lan_sin\src\Common" -c -fmessage-length=0 -MT"src/Common/main.o" -I../../fmcomms_lan_sin_bsp/ps7_cortexa9_0/include -MMD -MP -MF"src/Common/main.d" -MT"src/Common/main.d" -o "src/Common/main.o" "../src/Common/main.c"
../src/Common/main.c: In function 'send_data_ethernet':
../src/Common/main.c:88:11: warning: pointer targets in passing argument 1 of 'sprintf' differ in signedness [-Wpointer-sign]
   sprintf(sending_data, "%u,%u\n", s_i[i], s_q[i]);
           ^
In file included from d:\xilinx\sdk\2015.4\gnu\arm\nt\arm-xilinx-eabi\include\stdio.h:29:0,
                 from ../src/Common/main.c:47:
d:\xilinx\sdk\2015.4\gnu\arm\nt\arm-xilinx-eabi\include\stdio.h:257:5: note: expected 'char *' but argument is of type 'unsigned char *'
 int _EXFUN(sprintf, (char *__restrict, const char *__restrict, ...)
     ^
../src/Common/main.c: In function 'main':
../src/Common/main.c:206:23: warning: passing argument 3 of 'print_ram' makes integer from pointer without a cast
     print_ram(256, 4, IPCorePtr);
                       ^
../src/Common/main.c:70:6: note: expected 'uint32_t' but argument is of type 'unsigned int *'
 void print_ram(uint32_t size, int steps, uint32_t start_address)
      ^
../src/Common/main.c:239:28: warning: passing argument 1 of 'send_data_ethernet' discards 'volatile' qualifier from pointer target type
         send_data_ethernet(rtcp, signal_i, signal_q);
                            ^
../src/Common/main.c:81:6: note: expected 'struct tcp_pcb *' but argument is of type 'volatile struct tcp_pcb *'
 void send_data_ethernet(struct tcp_pcb *pcb, uint16_t s_i[], uint16_t s_q[])
      ^
In file included from ../src/Common/main.c:54:0:
../src/Common/main.c: At top level:
../src/Common/lan.h:48:21: warning: 'server_netif' defined but not used [-Wunused-variable]
 static struct netif server_netif;
                     ^
'Finished building: ../src/Common/main.c'
' '
'Building target: fmcomms_lan_sin.elf'
'Invoking: ARM gcc linker'
arm-xilinx-eabi-gcc -Wl,-T -Wl,../src/lscript.ld -L../../fmcomms_lan_sin_bsp/ps7_cortexa9_0/lib -o "fmcomms_lan_sin.elf"  ./src/Common/adc_core.o ./src/Common/dac_core.o ./src/Common/eeprom.o ./src/Common/i2c_access.o ./src/Common/i2c_axi.o ./src/Common/i2c_ps7.o ./src/Common/lan.o ./src/Common/main.o ./src/Common/mmcm.o ./src/Common/platform.o ./src/Common/platform_mb.o ./src/Common/platform_ppc.o ./src/Common/platform_zynq.o ./src/Common/platform_zynqmp.o ./src/Common/recive_lan_callback.o ./src/Common/sfp.o ./src/Common/shared_variables.o ./src/Common/si5324.o ./src/Common/sinGen.o ./src/Common/spi_interface.o ./src/Common/test.o ./src/Common/xcomm.o  ./src/ADF4351/ADF4351.o  ./src/AD9643/AD9643.o  ./src/AD9548/AD9548.o  ./src/AD9523/AD9523.o  ./src/AD9122/AD9122.o ./src/AD9122/cf_axi_dds.o  ./src/AD8366/AD8366.o   -Wl,--start-group,-lxil,-lgcc,-lc,--end-group -Wl,--start-group,-lxil,-llwip4,-lgcc,-lc,--end-group
'Finished building target: fmcomms_lan_sin.elf'
' '
'Invoking: ARM Print Size'
arm-xilinx-eabi-size fmcomms_lan_sin.elf  |tee "fmcomms_lan_sin.elf.size"
   text	   data	    bss	    dec	    hex	filename
 220280	   3788	2218272	2442340	 254464	fmcomms_lan_sin.elf
'Finished building: fmcomms_lan_sin.elf.size'
' '
16:33:10 **** Auto Build of configuration Debug for project fmcomms_lan_sin ****
make all 
'Building file: ../src/Common/main.c'
'Invoking: ARM gcc compiler'
arm-xilinx-eabi-gcc -Wall -O0 -g3 -I"E:\ZedBoard_Projects\FmComms_Lan\fmcomms1_zed.sdk\fmcomms_lan_sin\src\AD8366" -I"E:\ZedBoard_Projects\FmComms_Lan\fmcomms1_zed.sdk\fmcomms_lan_sin\src\AD9122" -I"E:\ZedBoard_Projects\FmComms_Lan\fmcomms1_zed.sdk\fmcomms_lan_sin\src\AD9523" -I"E:\ZedBoard_Projects\FmComms_Lan\fmcomms1_zed.sdk\fmcomms_lan_sin\src\AD9548" -I"E:\ZedBoard_Projects\FmComms_Lan\fmcomms1_zed.sdk\fmcomms_lan_sin\src\AD9643" -I"E:\ZedBoard_Projects\FmComms_Lan\fmcomms1_zed.sdk\fmcomms_lan_sin\src\ADF4351" -I"E:\ZedBoard_Projects\FmComms_Lan\fmcomms1_zed.sdk\fmcomms_lan_sin\src\Common" -c -fmessage-length=0 -MT"src/Common/main.o" -I../../fmcomms_lan_sin_bsp/ps7_cortexa9_0/include -MMD -MP -MF"src/Common/main.d" -MT"src/Common/main.d" -o "src/Common/main.o" "../src/Common/main.c"
../src/Common/main.c: In function 'send_data_ethernet':
../src/Common/main.c:88:11: warning: pointer targets in passing argument 1 of 'sprintf' differ in signedness [-Wpointer-sign]
   sprintf(sending_data, "%u,%u\n", s_i[i], s_q[i]);
           ^
In file included from d:\xilinx\sdk\2015.4\gnu\arm\nt\arm-xilinx-eabi\include\stdio.h:29:0,
                 from ../src/Common/main.c:47:
d:\xilinx\sdk\2015.4\gnu\arm\nt\arm-xilinx-eabi\include\stdio.h:257:5: note: expected 'char *' but argument is of type 'unsigned char *'
 int _EXFUN(sprintf, (char *__restrict, const char *__restrict, ...)
     ^
../src/Common/main.c: In function 'main':
../src/Common/main.c:206:23: error: invalid suffix "uint32_t" on integer constant
     print_ram(256, 4, 9uint32_t)IPCorePtr);
                       ^
../src/Common/main.c:206:33: error: expected ';' before 'IPCorePtr'
     print_ram(256, 4, 9uint32_t)IPCorePtr);
                                 ^
../src/Common/main.c:206:42: error: expected statement before ')' token
     print_ram(256, 4, 9uint32_t)IPCorePtr);
                                          ^
../src/Common/main.c:239:28: warning: passing argument 1 of 'send_data_ethernet' discards 'volatile' qualifier from pointer target type
         send_data_ethernet(rtcp, signal_i, signal_q);
                            ^
../src/Common/main.c:81:6: note: expected 'struct tcp_pcb *' but argument is of type 'volatile struct tcp_pcb *'
 void send_data_ethernet(struct tcp_pcb *pcb, uint16_t s_i[], uint16_t s_q[])
      ^
In file included from ../src/Common/main.c:54:0:
../src/Common/main.c: At top level:
../src/Common/lan.h:48:21: warning: 'server_netif' defined but not used [-Wunused-variable]
 static struct netif server_netif;
                     ^
make: *** [src/Common/main.o] Error 1
16:33:12 **** Auto Build of configuration Debug for project fmcomms_lan_sin ****
make all 
'Building file: ../src/Common/main.c'
'Invoking: ARM gcc compiler'
arm-xilinx-eabi-gcc -Wall -O0 -g3 -I"E:\ZedBoard_Projects\FmComms_Lan\fmcomms1_zed.sdk\fmcomms_lan_sin\src\AD8366" -I"E:\ZedBoard_Projects\FmComms_Lan\fmcomms1_zed.sdk\fmcomms_lan_sin\src\AD9122" -I"E:\ZedBoard_Projects\FmComms_Lan\fmcomms1_zed.sdk\fmcomms_lan_sin\src\AD9523" -I"E:\ZedBoard_Projects\FmComms_Lan\fmcomms1_zed.sdk\fmcomms_lan_sin\src\AD9548" -I"E:\ZedBoard_Projects\FmComms_Lan\fmcomms1_zed.sdk\fmcomms_lan_sin\src\AD9643" -I"E:\ZedBoard_Projects\FmComms_Lan\fmcomms1_zed.sdk\fmcomms_lan_sin\src\ADF4351" -I"E:\ZedBoard_Projects\FmComms_Lan\fmcomms1_zed.sdk\fmcomms_lan_sin\src\Common" -c -fmessage-length=0 -MT"src/Common/main.o" -I../../fmcomms_lan_sin_bsp/ps7_cortexa9_0/include -MMD -MP -MF"src/Common/main.d" -MT"src/Common/main.d" -o "src/Common/main.o" "../src/Common/main.c"
../src/Common/main.c: In function 'send_data_ethernet':
../src/Common/main.c:88:11: warning: pointer targets in passing argument 1 of 'sprintf' differ in signedness [-Wpointer-sign]
   sprintf(sending_data, "%u,%u\n", s_i[i], s_q[i]);
           ^
In file included from d:\xilinx\sdk\2015.4\gnu\arm\nt\arm-xilinx-eabi\include\stdio.h:29:0,
                 from ../src/Common/main.c:47:
d:\xilinx\sdk\2015.4\gnu\arm\nt\arm-xilinx-eabi\include\stdio.h:257:5: note: expected 'char *' but argument is of type 'unsigned char *'
 int _EXFUN(sprintf, (char *__restrict, const char *__restrict, ...)
     ^
../src/Common/main.c: In function 'main':
../src/Common/main.c:239:28: warning: passing argument 1 of 'send_data_ethernet' discards 'volatile' qualifier from pointer target type
         send_data_ethernet(rtcp, signal_i, signal_q);
                            ^
../src/Common/main.c:81:6: note: expected 'struct tcp_pcb *' but argument is of type 'volatile struct tcp_pcb *'
 void send_data_ethernet(struct tcp_pcb *pcb, uint16_t s_i[], uint16_t s_q[])
      ^
In file included from ../src/Common/main.c:54:0:
../src/Common/main.c: At top level:
../src/Common/lan.h:48:21: warning: 'server_netif' defined but not used [-Wunused-variable]
 static struct netif server_netif;
                     ^
'Finished building: ../src/Common/main.c'
' '
'Building target: fmcomms_lan_sin.elf'
'Invoking: ARM gcc linker'
arm-xilinx-eabi-gcc -Wl,-T -Wl,../src/lscript.ld -L../../fmcomms_lan_sin_bsp/ps7_cortexa9_0/lib -o "fmcomms_lan_sin.elf"  ./src/Common/adc_core.o ./src/Common/dac_core.o ./src/Common/eeprom.o ./src/Common/i2c_access.o ./src/Common/i2c_axi.o ./src/Common/i2c_ps7.o ./src/Common/lan.o ./src/Common/main.o ./src/Common/mmcm.o ./src/Common/platform.o ./src/Common/platform_mb.o ./src/Common/platform_ppc.o ./src/Common/platform_zynq.o ./src/Common/platform_zynqmp.o ./src/Common/recive_lan_callback.o ./src/Common/sfp.o ./src/Common/shared_variables.o ./src/Common/si5324.o ./src/Common/sinGen.o ./src/Common/spi_interface.o ./src/Common/test.o ./src/Common/xcomm.o  ./src/ADF4351/ADF4351.o  ./src/AD9643/AD9643.o  ./src/AD9548/AD9548.o  ./src/AD9523/AD9523.o  ./src/AD9122/AD9122.o ./src/AD9122/cf_axi_dds.o  ./src/AD8366/AD8366.o   -Wl,--start-group,-lxil,-lgcc,-lc,--end-group -Wl,--start-group,-lxil,-llwip4,-lgcc,-lc,--end-group
'Finished building target: fmcomms_lan_sin.elf'
' '
'Invoking: ARM Print Size'
arm-xilinx-eabi-size fmcomms_lan_sin.elf  |tee "fmcomms_lan_sin.elf.size"
   text	   data	    bss	    dec	    hex	filename
 220280	   3788	2218272	2442340	 254464	fmcomms_lan_sin.elf
'Finished building: fmcomms_lan_sin.elf.size'
' '
16:33:16 **** Incremental Build of configuration Debug for project fmcomms_lan_sin ****
make all 
make: Nothing to be done for `all'.
