Duplicated file found; will not be sent for synthesis: e:/ZedBoard_Projects/FmComms_Lan/fmcomms1_zed.srcs/sources_1/bd/system/ipshared/xilinx.com/lib_cdc_v1_0/hdl/src/vhdl/cdc_sync.vhd
Duplicated file found; will not be sent for synthesis: e:/ZedBoard_Projects/FmComms_Lan/fmcomms1_zed.srcs/sources_1/bd/system/ipshared/analog.com/common/ad_rst.v
Duplicated file found; will not be sent for synthesis: e:/ZedBoard_Projects/FmComms_Lan/fmcomms1_zed.srcs/sources_1/bd/system/ipshared/analog.com/common/up_axi.v
Duplicated file found; will not be sent for synthesis: e:/ZedBoard_Projects/FmComms_Lan/fmcomms1_zed.srcs/sources_1/bd/system/ipshared/xilinx.com/lib_cdc_v1_0/hdl/src/vhdl/cdc_sync.vhd
Duplicated file found; will not be sent for synthesis: e:/ZedBoard_Projects/FmComms_Lan/fmcomms1_zed.srcs/sources_1/bd/system/ipshared/xilinx.com/lib_pkg_v1_0/hdl/src/vhdl/lib_pkg.vhd
Duplicated file found; will not be sent for synthesis: e:/ZedBoard_Projects/FmComms_Lan/fmcomms1_zed.srcs/sources_1/bd/system/ipshared/analog.com/common/dma_fifo.vhd
Duplicated file found; will not be sent for synthesis: e:/ZedBoard_Projects/FmComms_Lan/fmcomms1_zed.srcs/sources_1/bd/system/ipshared/analog.com/common/axi_ctrlif.vhd
Duplicated file found; will not be sent for synthesis: e:/ZedBoard_Projects/FmComms_Lan/fmcomms1_zed.srcs/sources_1/bd/system/ipshared/analog.com/common/axi_streaming_dma_tx_fifo.vhd
Duplicated file found; will not be sent for synthesis: e:/ZedBoard_Projects/FmComms_Lan/fmcomms1_zed.srcs/sources_1/bd/system/ipshared/analog.com/common/pl330_dma_fifo.vhd
Duplicated file found; will not be sent for synthesis: e:/ZedBoard_Projects/FmComms_Lan/fmcomms1_zed.srcs/sources_1/bd/system/ipshared/xilinx.com/lib_pkg_v1_0/hdl/src/vhdl/lib_pkg.vhd
Duplicated file found; will not be sent for synthesis: e:/ZedBoard_Projects/FmComms_Lan/fmcomms1_zed.srcs/sources_1/bd/system/ipshared/xilinx.com/lib_cdc_v1_0/hdl/src/vhdl/cdc_sync.vhd
Duplicated file found; will not be sent for synthesis: e:/ZedBoard_Projects/FmComms_Lan/fmcomms1_zed.srcs/sources_1/bd/system/ipshared/xilinx.com/axi_lite_ipif_v3_0/hdl/src/vhdl/ipif_pkg.vhd
Duplicated file found; will not be sent for synthesis: e:/ZedBoard_Projects/FmComms_Lan/fmcomms1_zed.srcs/sources_1/bd/system/ipshared/xilinx.com/axi_lite_ipif_v3_0/hdl/src/vhdl/pselect_f.vhd
Duplicated file found; will not be sent for synthesis: e:/ZedBoard_Projects/FmComms_Lan/fmcomms1_zed.srcs/sources_1/bd/system/ipshared/xilinx.com/axi_lite_ipif_v3_0/hdl/src/vhdl/address_decoder.vhd
Duplicated file found; will not be sent for synthesis: e:/ZedBoard_Projects/FmComms_Lan/fmcomms1_zed.srcs/sources_1/bd/system/ipshared/xilinx.com/axi_lite_ipif_v3_0/hdl/src/vhdl/slave_attachment.vhd
Duplicated file found; will not be sent for synthesis: e:/ZedBoard_Projects/FmComms_Lan/fmcomms1_zed.srcs/sources_1/bd/system/ipshared/xilinx.com/axi_lite_ipif_v3_0/hdl/src/vhdl/axi_lite_ipif.vhd
Duplicated file found; will not be sent for synthesis: e:/ZedBoard_Projects/FmComms_Lan/fmcomms1_zed.srcs/sources_1/bd/system/ipshared/xilinx.com/interrupt_control_v3_1/hdl/src/vhdl/interrupt_control.vhd
Duplicated file found; will not be sent for synthesis: e:/ZedBoard_Projects/FmComms_Lan/fmcomms1_zed.srcs/sources_1/bd/system/ipshared/xilinx.com/axi_iic_v2_0/hdl/src/vhdl/soft_reset.vhd
Duplicated file found; will not be sent for synthesis: e:/ZedBoard_Projects/FmComms_Lan/fmcomms1_zed.srcs/sources_1/bd/system/ipshared/xilinx.com/axi_iic_v2_0/hdl/src/vhdl/srl_fifo.vhd
Duplicated file found; will not be sent for synthesis: e:/ZedBoard_Projects/FmComms_Lan/fmcomms1_zed.srcs/sources_1/bd/system/ipshared/xilinx.com/axi_iic_v2_0/hdl/src/vhdl/upcnt_n.vhd
Duplicated file found; will not be sent for synthesis: e:/ZedBoard_Projects/FmComms_Lan/fmcomms1_zed.srcs/sources_1/bd/system/ipshared/xilinx.com/axi_iic_v2_0/hdl/src/vhdl/shift8.vhd
Duplicated file found; will not be sent for synthesis: e:/ZedBoard_Projects/FmComms_Lan/fmcomms1_zed.srcs/sources_1/bd/system/ipshared/xilinx.com/axi_iic_v2_0/hdl/src/vhdl/iic_pkg.vhd
Duplicated file found; will not be sent for synthesis: e:/ZedBoard_Projects/FmComms_Lan/fmcomms1_zed.srcs/sources_1/bd/system/ipshared/xilinx.com/axi_iic_v2_0/hdl/src/vhdl/debounce.vhd
Duplicated file found; will not be sent for synthesis: e:/ZedBoard_Projects/FmComms_Lan/fmcomms1_zed.srcs/sources_1/bd/system/ipshared/xilinx.com/axi_iic_v2_0/hdl/src/vhdl/reg_interface.vhd
Duplicated file found; will not be sent for synthesis: e:/ZedBoard_Projects/FmComms_Lan/fmcomms1_zed.srcs/sources_1/bd/system/ipshared/xilinx.com/axi_iic_v2_0/hdl/src/vhdl/iic_control.vhd
Duplicated file found; will not be sent for synthesis: e:/ZedBoard_Projects/FmComms_Lan/fmcomms1_zed.srcs/sources_1/bd/system/ipshared/xilinx.com/axi_iic_v2_0/hdl/src/vhdl/filter.vhd
Duplicated file found; will not be sent for synthesis: e:/ZedBoard_Projects/FmComms_Lan/fmcomms1_zed.srcs/sources_1/bd/system/ipshared/xilinx.com/axi_iic_v2_0/hdl/src/vhdl/dynamic_master.vhd
Duplicated file found; will not be sent for synthesis: e:/ZedBoard_Projects/FmComms_Lan/fmcomms1_zed.srcs/sources_1/bd/system/ipshared/xilinx.com/axi_iic_v2_0/hdl/src/vhdl/axi_ipif_ssp1.vhd
Duplicated file found; will not be sent for synthesis: e:/ZedBoard_Projects/FmComms_Lan/fmcomms1_zed.srcs/sources_1/bd/system/ipshared/xilinx.com/axi_iic_v2_0/hdl/src/vhdl/iic.vhd
Duplicated file found; will not be sent for synthesis: e:/ZedBoard_Projects/FmComms_Lan/fmcomms1_zed.srcs/sources_1/bd/system/ipshared/xilinx.com/axi_iic_v2_0/hdl/src/vhdl/axi_iic.vhd
Duplicated file found; will not be sent for synthesis: e:/ZedBoard_Projects/FmComms_Lan/fmcomms1_zed.srcs/sources_1/bd/system/ipshared/xilinx.com/blk_mem_gen_v8_3/hdl/blk_mem_gen_v8_3_vhsyn_rfs.vhd
Duplicated file found; will not be sent for synthesis: e:/ZedBoard_Projects/FmComms_Lan/fmcomms1_zed.srcs/sources_1/bd/system/ipshared/xilinx.com/blk_mem_gen_v8_3/hdl/blk_mem_gen_v8_3.vhd
Duplicated file found; will not be sent for synthesis: e:/ZedBoard_Projects/FmComms_Lan/fmcomms1_zed.srcs/sources_1/bd/system/ipshared/xilinx.com/fifo_generator_v13_0/hdl/fifo_generator_v13_0_vhsyn_rfs.vhd
Duplicated file found; will not be sent for synthesis: e:/ZedBoard_Projects/FmComms_Lan/fmcomms1_zed.srcs/sources_1/bd/system/ipshared/xilinx.com/fifo_generator_v13_0/hdl/fifo_generator_v13_0.vhd
Duplicated file found; will not be sent for synthesis: e:/ZedBoard_Projects/FmComms_Lan/fmcomms1_zed.srcs/sources_1/bd/system/ipshared/analog.com/common/up_xfer_cntrl.v
Duplicated file found; will not be sent for synthesis: e:/ZedBoard_Projects/FmComms_Lan/fmcomms1_zed.srcs/sources_1/bd/system/ipshared/analog.com/common/ad_rst.v
Duplicated file found; will not be sent for synthesis: e:/ZedBoard_Projects/FmComms_Lan/fmcomms1_zed.srcs/sources_1/bd/system/ipshared/analog.com/common/ad_mmcm_drp.v
Duplicated file found; will not be sent for synthesis: e:/ZedBoard_Projects/FmComms_Lan/fmcomms1_zed.srcs/sources_1/bd/system/ipshared/analog.com/common/up_xfer_status.v
Duplicated file found; will not be sent for synthesis: e:/ZedBoard_Projects/FmComms_Lan/fmcomms1_zed.srcs/sources_1/bd/system/ipshared/analog.com/common/up_clock_mon.v
Duplicated file found; will not be sent for synthesis: e:/ZedBoard_Projects/FmComms_Lan/fmcomms1_zed.srcs/sources_1/bd/system/ipshared/analog.com/common/up_axi.v
Duplicated file found; will not be sent for synthesis: e:/ZedBoard_Projects/FmComms_Lan/fmcomms1_zed.srcs/sources_1/bd/system/ipshared/analog.com/common/up_axi.v
Duplicated file found; will not be sent for synthesis: e:/ZedBoard_Projects/FmComms_Lan/fmcomms1_zed.srcs/sources_1/bd/system/ipshared/analog.com/common/ad_mul.v
Duplicated file found; will not be sent for synthesis: e:/ZedBoard_Projects/FmComms_Lan/fmcomms1_zed.srcs/sources_1/bd/system/ipshared/analog.com/common/up_xfer_cntrl.v
Duplicated file found; will not be sent for synthesis: e:/ZedBoard_Projects/FmComms_Lan/fmcomms1_zed.srcs/sources_1/bd/system/ipshared/analog.com/common/up_xfer_status.v
Duplicated file found; will not be sent for synthesis: e:/ZedBoard_Projects/FmComms_Lan/fmcomms1_zed.srcs/sources_1/bd/system/ipshared/analog.com/common/ad_rst.v
Duplicated file found; will not be sent for synthesis: e:/ZedBoard_Projects/FmComms_Lan/fmcomms1_zed.srcs/sources_1/bd/system/ipshared/analog.com/common/up_clock_mon.v
Duplicated file found; will not be sent for synthesis: e:/ZedBoard_Projects/FmComms_Lan/fmcomms1_zed.srcs/sources_1/bd/system/ipshared/analog.com/common/up_axi.v
Duplicated file found; will not be sent for synthesis: e:/ZedBoard_Projects/FmComms_Lan/fmcomms1_zed.srcs/sources_1/bd/system/ipshared/analog.com/util_axis_resize_v1_0/util_axis_resize.v
Duplicated file found; will not be sent for synthesis: e:/ZedBoard_Projects/FmComms_Lan/fmcomms1_zed.srcs/sources_1/bd/system/ipshared/analog.com/common/sync_gray.v
Duplicated file found; will not be sent for synthesis: e:/ZedBoard_Projects/FmComms_Lan/fmcomms1_zed.srcs/sources_1/bd/system/ipshared/analog.com/common/sync_bits.v
Duplicated file found; will not be sent for synthesis: e:/ZedBoard_Projects/FmComms_Lan/fmcomms1_zed.srcs/sources_1/bd/system/ipshared/analog.com/util_axis_fifo_v1_0/address_gray_pipelined.v
Duplicated file found; will not be sent for synthesis: e:/ZedBoard_Projects/FmComms_Lan/fmcomms1_zed.srcs/sources_1/bd/system/ipshared/analog.com/util_axis_fifo_v1_0/address_sync.v
Duplicated file found; will not be sent for synthesis: e:/ZedBoard_Projects/FmComms_Lan/fmcomms1_zed.srcs/sources_1/bd/system/ipshared/analog.com/util_axis_fifo_v1_0/util_axis_fifo.v
Duplicated file found; will not be sent for synthesis: e:/ZedBoard_Projects/FmComms_Lan/fmcomms1_zed.srcs/sources_1/bd/system/ipshared/analog.com/axi_dmac_v1_0/inc_id.h
Duplicated file found; will not be sent for synthesis: e:/ZedBoard_Projects/FmComms_Lan/fmcomms1_zed.srcs/sources_1/bd/system/ipshared/analog.com/axi_dmac_v1_0/address_generator.v
Duplicated file found; will not be sent for synthesis: e:/ZedBoard_Projects/FmComms_Lan/fmcomms1_zed.srcs/sources_1/bd/system/ipshared/analog.com/axi_dmac_v1_0/data_mover.v
Duplicated file found; will not be sent for synthesis: e:/ZedBoard_Projects/FmComms_Lan/fmcomms1_zed.srcs/sources_1/bd/system/ipshared/analog.com/axi_dmac_v1_0/resp.h
Duplicated file found; will not be sent for synthesis: e:/ZedBoard_Projects/FmComms_Lan/fmcomms1_zed.srcs/sources_1/bd/system/ipshared/analog.com/axi_dmac_v1_0/response_handler.v
Duplicated file found; will not be sent for synthesis: e:/ZedBoard_Projects/FmComms_Lan/fmcomms1_zed.srcs/sources_1/bd/system/ipshared/analog.com/axi_dmac_v1_0/splitter.v
Duplicated file found; will not be sent for synthesis: e:/ZedBoard_Projects/FmComms_Lan/fmcomms1_zed.srcs/sources_1/bd/system/ipshared/analog.com/axi_dmac_v1_0/response_generator.v
Duplicated file found; will not be sent for synthesis: e:/ZedBoard_Projects/FmComms_Lan/fmcomms1_zed.srcs/sources_1/bd/system/ipshared/analog.com/axi_dmac_v1_0/request_generator.v
Duplicated file found; will not be sent for synthesis: e:/ZedBoard_Projects/FmComms_Lan/fmcomms1_zed.srcs/sources_1/bd/system/ipshared/analog.com/axi_dmac_v1_0/axi_register_slice.v
Duplicated file found; will not be sent for synthesis: e:/ZedBoard_Projects/FmComms_Lan/fmcomms1_zed.srcs/sources_1/bd/system/ipshared/analog.com/axi_dmac_v1_0/dest_axi_mm.v
Duplicated file found; will not be sent for synthesis: e:/ZedBoard_Projects/FmComms_Lan/fmcomms1_zed.srcs/sources_1/bd/system/ipshared/analog.com/axi_dmac_v1_0/dest_axi_stream.v
Duplicated file found; will not be sent for synthesis: e:/ZedBoard_Projects/FmComms_Lan/fmcomms1_zed.srcs/sources_1/bd/system/ipshared/analog.com/axi_dmac_v1_0/dest_fifo_inf.v
Duplicated file found; will not be sent for synthesis: e:/ZedBoard_Projects/FmComms_Lan/fmcomms1_zed.srcs/sources_1/bd/system/ipshared/analog.com/axi_dmac_v1_0/src_axi_mm.v
Duplicated file found; will not be sent for synthesis: e:/ZedBoard_Projects/FmComms_Lan/fmcomms1_zed.srcs/sources_1/bd/system/ipshared/analog.com/axi_dmac_v1_0/src_axi_stream.v
Duplicated file found; will not be sent for synthesis: e:/ZedBoard_Projects/FmComms_Lan/fmcomms1_zed.srcs/sources_1/bd/system/ipshared/analog.com/axi_dmac_v1_0/src_fifo_inf.v
Duplicated file found; will not be sent for synthesis: e:/ZedBoard_Projects/FmComms_Lan/fmcomms1_zed.srcs/sources_1/bd/system/ipshared/analog.com/common/up_axi.v
Duplicated file found; will not be sent for synthesis: e:/ZedBoard_Projects/FmComms_Lan/fmcomms1_zed.srcs/sources_1/bd/system/ipshared/analog.com/axi_dmac_v1_0/request_arb.v
Duplicated file found; will not be sent for synthesis: e:/ZedBoard_Projects/FmComms_Lan/fmcomms1_zed.srcs/sources_1/bd/system/ipshared/analog.com/axi_dmac_v1_0/2d_transfer.v
Duplicated file found; will not be sent for synthesis: e:/ZedBoard_Projects/FmComms_Lan/fmcomms1_zed.srcs/sources_1/bd/system/ipshared/analog.com/axi_dmac_v1_0/axi_dmac.v
Duplicated file found; will not be sent for synthesis: e:/ZedBoard_Projects/FmComms_Lan/fmcomms1_zed.srcs/sources_1/bd/system/ipshared/analog.com/common/ad_mem.v
Duplicated file found; will not be sent for synthesis: e:/ZedBoard_Projects/FmComms_Lan/fmcomms1_zed.srcs/sources_1/bd/system/ipshared/xilinx.com/generic_baseblocks_v2_1/hdl/verilog/generic_baseblocks_v2_1_carry_and.v
Duplicated file found; will not be sent for synthesis: e:/ZedBoard_Projects/FmComms_Lan/fmcomms1_zed.srcs/sources_1/bd/system/ipshared/xilinx.com/generic_baseblocks_v2_1/hdl/verilog/generic_baseblocks_v2_1_carry_latch_and.v
Duplicated file found; will not be sent for synthesis: e:/ZedBoard_Projects/FmComms_Lan/fmcomms1_zed.srcs/sources_1/bd/system/ipshared/xilinx.com/generic_baseblocks_v2_1/hdl/verilog/generic_baseblocks_v2_1_carry_latch_or.v
Duplicated file found; will not be sent for synthesis: e:/ZedBoard_Projects/FmComms_Lan/fmcomms1_zed.srcs/sources_1/bd/system/ipshared/xilinx.com/generic_baseblocks_v2_1/hdl/verilog/generic_baseblocks_v2_1_carry_or.v
Duplicated file found; will not be sent for synthesis: e:/ZedBoard_Projects/FmComms_Lan/fmcomms1_zed.srcs/sources_1/bd/system/ipshared/xilinx.com/generic_baseblocks_v2_1/hdl/verilog/generic_baseblocks_v2_1_carry.v
Duplicated file found; will not be sent for synthesis: e:/ZedBoard_Projects/FmComms_Lan/fmcomms1_zed.srcs/sources_1/bd/system/ipshared/xilinx.com/generic_baseblocks_v2_1/hdl/verilog/generic_baseblocks_v2_1_command_fifo.v
Duplicated file found; will not be sent for synthesis: e:/ZedBoard_Projects/FmComms_Lan/fmcomms1_zed.srcs/sources_1/bd/system/ipshared/xilinx.com/generic_baseblocks_v2_1/hdl/verilog/generic_baseblocks_v2_1_comparator_mask_static.v
Duplicated file found; will not be sent for synthesis: e:/ZedBoard_Projects/FmComms_Lan/fmcomms1_zed.srcs/sources_1/bd/system/ipshared/xilinx.com/generic_baseblocks_v2_1/hdl/verilog/generic_baseblocks_v2_1_comparator_mask.v
Duplicated file found; will not be sent for synthesis: e:/ZedBoard_Projects/FmComms_Lan/fmcomms1_zed.srcs/sources_1/bd/system/ipshared/xilinx.com/generic_baseblocks_v2_1/hdl/verilog/generic_baseblocks_v2_1_comparator_sel_mask_static.v
Duplicated file found; will not be sent for synthesis: e:/ZedBoard_Projects/FmComms_Lan/fmcomms1_zed.srcs/sources_1/bd/system/ipshared/xilinx.com/generic_baseblocks_v2_1/hdl/verilog/generic_baseblocks_v2_1_comparator_sel_mask.v
Duplicated file found; will not be sent for synthesis: e:/ZedBoard_Projects/FmComms_Lan/fmcomms1_zed.srcs/sources_1/bd/system/ipshared/xilinx.com/generic_baseblocks_v2_1/hdl/verilog/generic_baseblocks_v2_1_comparator_sel_static.v
Duplicated file found; will not be sent for synthesis: e:/ZedBoard_Projects/FmComms_Lan/fmcomms1_zed.srcs/sources_1/bd/system/ipshared/xilinx.com/generic_baseblocks_v2_1/hdl/verilog/generic_baseblocks_v2_1_comparator_sel.v
Duplicated file found; will not be sent for synthesis: e:/ZedBoard_Projects/FmComms_Lan/fmcomms1_zed.srcs/sources_1/bd/system/ipshared/xilinx.com/generic_baseblocks_v2_1/hdl/verilog/generic_baseblocks_v2_1_comparator_static.v
Duplicated file found; will not be sent for synthesis: e:/ZedBoard_Projects/FmComms_Lan/fmcomms1_zed.srcs/sources_1/bd/system/ipshared/xilinx.com/generic_baseblocks_v2_1/hdl/verilog/generic_baseblocks_v2_1_comparator.v
Duplicated file found; will not be sent for synthesis: e:/ZedBoard_Projects/FmComms_Lan/fmcomms1_zed.srcs/sources_1/bd/system/ipshared/xilinx.com/generic_baseblocks_v2_1/hdl/verilog/generic_baseblocks_v2_1_mux_enc.v
Duplicated file found; will not be sent for synthesis: e:/ZedBoard_Projects/FmComms_Lan/fmcomms1_zed.srcs/sources_1/bd/system/ipshared/xilinx.com/generic_baseblocks_v2_1/hdl/verilog/generic_baseblocks_v2_1_mux.v
Duplicated file found; will not be sent for synthesis: e:/ZedBoard_Projects/FmComms_Lan/fmcomms1_zed.srcs/sources_1/bd/system/ipshared/xilinx.com/generic_baseblocks_v2_1/hdl/verilog/generic_baseblocks_v2_1_nto1_mux.v
Duplicated file found; will not be sent for synthesis: e:/ZedBoard_Projects/FmComms_Lan/fmcomms1_zed.srcs/sources_1/bd/system/ipshared/xilinx.com/axi_data_fifo_v2_1/hdl/verilog/axi_data_fifo_v2_1_axic_fifo.v
Duplicated file found; will not be sent for synthesis: e:/ZedBoard_Projects/FmComms_Lan/fmcomms1_zed.srcs/sources_1/bd/system/ipshared/xilinx.com/axi_data_fifo_v2_1/hdl/verilog/axi_data_fifo_v2_1_fifo_gen.v
Duplicated file found; will not be sent for synthesis: e:/ZedBoard_Projects/FmComms_Lan/fmcomms1_zed.srcs/sources_1/bd/system/ipshared/xilinx.com/axi_data_fifo_v2_1/hdl/verilog/axi_data_fifo_v2_1_axic_srl_fifo.v
Duplicated file found; will not be sent for synthesis: e:/ZedBoard_Projects/FmComms_Lan/fmcomms1_zed.srcs/sources_1/bd/system/ipshared/xilinx.com/axi_data_fifo_v2_1/hdl/verilog/axi_data_fifo_v2_1_axic_reg_srl_fifo.v
Duplicated file found; will not be sent for synthesis: e:/ZedBoard_Projects/FmComms_Lan/fmcomms1_zed.srcs/sources_1/bd/system/ipshared/xilinx.com/axi_data_fifo_v2_1/hdl/verilog/axi_data_fifo_v2_1_ndeep_srl.v
Duplicated file found; will not be sent for synthesis: e:/ZedBoard_Projects/FmComms_Lan/fmcomms1_zed.srcs/sources_1/bd/system/ipshared/xilinx.com/axi_data_fifo_v2_1/hdl/verilog/axi_data_fifo_v2_1_axi_data_fifo.v
Duplicated file found; will not be sent for synthesis: e:/ZedBoard_Projects/FmComms_Lan/fmcomms1_zed.srcs/sources_1/bd/system/ipshared/xilinx.com/axi_infrastructure_v1_1/hdl/verilog/axi_infrastructure_v1_1_0_header.vh
Duplicated file found; will not be sent for synthesis: e:/ZedBoard_Projects/FmComms_Lan/fmcomms1_zed.srcs/sources_1/bd/system/ipshared/xilinx.com/axi_infrastructure_v1_1/hdl/verilog/axi_infrastructure_v1_1_axi2vector.v
Duplicated file found; will not be sent for synthesis: e:/ZedBoard_Projects/FmComms_Lan/fmcomms1_zed.srcs/sources_1/bd/system/ipshared/xilinx.com/axi_infrastructure_v1_1/hdl/verilog/axi_infrastructure_v1_1_axic_srl_fifo.v
Duplicated file found; will not be sent for synthesis: e:/ZedBoard_Projects/FmComms_Lan/fmcomms1_zed.srcs/sources_1/bd/system/ipshared/xilinx.com/axi_infrastructure_v1_1/hdl/verilog/axi_infrastructure_v1_1_vector2axi.v
Duplicated file found; will not be sent for synthesis: e:/ZedBoard_Projects/FmComms_Lan/fmcomms1_zed.srcs/sources_1/bd/system/ipshared/xilinx.com/axi_register_slice_v2_1/hdl/verilog/axi_register_slice_v2_1_axic_register_slice.v
Duplicated file found; will not be sent for synthesis: e:/ZedBoard_Projects/FmComms_Lan/fmcomms1_zed.srcs/sources_1/bd/system/ipshared/xilinx.com/axi_register_slice_v2_1/hdl/verilog/axi_register_slice_v2_1_axi_register_slice.v
Duplicated file found; will not be sent for synthesis: e:/ZedBoard_Projects/FmComms_Lan/fmcomms1_zed.srcs/sources_1/bd/system/ipshared/xilinx.com/blk_mem_gen_v8_3/hdl/blk_mem_gen_v8_3_vhsyn_rfs.vhd
Duplicated file found; will not be sent for synthesis: e:/ZedBoard_Projects/FmComms_Lan/fmcomms1_zed.srcs/sources_1/bd/system/ipshared/xilinx.com/blk_mem_gen_v8_3/hdl/blk_mem_gen_v8_3.vhd
Duplicated file found; will not be sent for synthesis: e:/ZedBoard_Projects/FmComms_Lan/fmcomms1_zed.srcs/sources_1/bd/system/ipshared/xilinx.com/fifo_generator_v13_0/hdl/fifo_generator_v13_0_vhsyn_rfs.vhd
Duplicated file found; will not be sent for synthesis: e:/ZedBoard_Projects/FmComms_Lan/fmcomms1_zed.srcs/sources_1/bd/system/ipshared/xilinx.com/fifo_generator_v13_0/hdl/fifo_generator_v13_0.vhd
Duplicated file found; will not be sent for synthesis: e:/ZedBoard_Projects/FmComms_Lan/fmcomms1_zed.srcs/sources_1/bd/system/ipshared/xilinx.com/generic_baseblocks_v2_1/hdl/verilog/generic_baseblocks_v2_1_carry_and.v
Duplicated file found; will not be sent for synthesis: e:/ZedBoard_Projects/FmComms_Lan/fmcomms1_zed.srcs/sources_1/bd/system/ipshared/xilinx.com/generic_baseblocks_v2_1/hdl/verilog/generic_baseblocks_v2_1_carry_latch_and.v
Duplicated file found; will not be sent for synthesis: e:/ZedBoard_Projects/FmComms_Lan/fmcomms1_zed.srcs/sources_1/bd/system/ipshared/xilinx.com/generic_baseblocks_v2_1/hdl/verilog/generic_baseblocks_v2_1_carry_latch_or.v
Duplicated file found; will not be sent for synthesis: e:/ZedBoard_Projects/FmComms_Lan/fmcomms1_zed.srcs/sources_1/bd/system/ipshared/xilinx.com/generic_baseblocks_v2_1/hdl/verilog/generic_baseblocks_v2_1_carry_or.v
Duplicated file found; will not be sent for synthesis: e:/ZedBoard_Projects/FmComms_Lan/fmcomms1_zed.srcs/sources_1/bd/system/ipshared/xilinx.com/generic_baseblocks_v2_1/hdl/verilog/generic_baseblocks_v2_1_carry.v
Duplicated file found; will not be sent for synthesis: e:/ZedBoard_Projects/FmComms_Lan/fmcomms1_zed.srcs/sources_1/bd/system/ipshared/xilinx.com/generic_baseblocks_v2_1/hdl/verilog/generic_baseblocks_v2_1_command_fifo.v
Duplicated file found; will not be sent for synthesis: e:/ZedBoard_Projects/FmComms_Lan/fmcomms1_zed.srcs/sources_1/bd/system/ipshared/xilinx.com/generic_baseblocks_v2_1/hdl/verilog/generic_baseblocks_v2_1_comparator_mask_static.v
Duplicated file found; will not be sent for synthesis: e:/ZedBoard_Projects/FmComms_Lan/fmcomms1_zed.srcs/sources_1/bd/system/ipshared/xilinx.com/generic_baseblocks_v2_1/hdl/verilog/generic_baseblocks_v2_1_comparator_mask.v
Duplicated file found; will not be sent for synthesis: e:/ZedBoard_Projects/FmComms_Lan/fmcomms1_zed.srcs/sources_1/bd/system/ipshared/xilinx.com/generic_baseblocks_v2_1/hdl/verilog/generic_baseblocks_v2_1_comparator_sel_mask_static.v
Duplicated file found; will not be sent for synthesis: e:/ZedBoard_Projects/FmComms_Lan/fmcomms1_zed.srcs/sources_1/bd/system/ipshared/xilinx.com/generic_baseblocks_v2_1/hdl/verilog/generic_baseblocks_v2_1_comparator_sel_mask.v
Duplicated file found; will not be sent for synthesis: e:/ZedBoard_Projects/FmComms_Lan/fmcomms1_zed.srcs/sources_1/bd/system/ipshared/xilinx.com/generic_baseblocks_v2_1/hdl/verilog/generic_baseblocks_v2_1_comparator_sel_static.v
Duplicated file found; will not be sent for synthesis: e:/ZedBoard_Projects/FmComms_Lan/fmcomms1_zed.srcs/sources_1/bd/system/ipshared/xilinx.com/generic_baseblocks_v2_1/hdl/verilog/generic_baseblocks_v2_1_comparator_sel.v
Duplicated file found; will not be sent for synthesis: e:/ZedBoard_Projects/FmComms_Lan/fmcomms1_zed.srcs/sources_1/bd/system/ipshared/xilinx.com/generic_baseblocks_v2_1/hdl/verilog/generic_baseblocks_v2_1_comparator_static.v
Duplicated file found; will not be sent for synthesis: e:/ZedBoard_Projects/FmComms_Lan/fmcomms1_zed.srcs/sources_1/bd/system/ipshared/xilinx.com/generic_baseblocks_v2_1/hdl/verilog/generic_baseblocks_v2_1_comparator.v
Duplicated file found; will not be sent for synthesis: e:/ZedBoard_Projects/FmComms_Lan/fmcomms1_zed.srcs/sources_1/bd/system/ipshared/xilinx.com/generic_baseblocks_v2_1/hdl/verilog/generic_baseblocks_v2_1_mux_enc.v
Duplicated file found; will not be sent for synthesis: e:/ZedBoard_Projects/FmComms_Lan/fmcomms1_zed.srcs/sources_1/bd/system/ipshared/xilinx.com/generic_baseblocks_v2_1/hdl/verilog/generic_baseblocks_v2_1_mux.v
Duplicated file found; will not be sent for synthesis: e:/ZedBoard_Projects/FmComms_Lan/fmcomms1_zed.srcs/sources_1/bd/system/ipshared/xilinx.com/generic_baseblocks_v2_1/hdl/verilog/generic_baseblocks_v2_1_nto1_mux.v
Duplicated file found; will not be sent for synthesis: e:/ZedBoard_Projects/FmComms_Lan/fmcomms1_zed.srcs/sources_1/bd/system/ipshared/xilinx.com/axi_data_fifo_v2_1/hdl/verilog/axi_data_fifo_v2_1_axic_fifo.v
Duplicated file found; will not be sent for synthesis: e:/ZedBoard_Projects/FmComms_Lan/fmcomms1_zed.srcs/sources_1/bd/system/ipshared/xilinx.com/axi_data_fifo_v2_1/hdl/verilog/axi_data_fifo_v2_1_fifo_gen.v
Duplicated file found; will not be sent for synthesis: e:/ZedBoard_Projects/FmComms_Lan/fmcomms1_zed.srcs/sources_1/bd/system/ipshared/xilinx.com/axi_data_fifo_v2_1/hdl/verilog/axi_data_fifo_v2_1_axic_srl_fifo.v
Duplicated file found; will not be sent for synthesis: e:/ZedBoard_Projects/FmComms_Lan/fmcomms1_zed.srcs/sources_1/bd/system/ipshared/xilinx.com/axi_data_fifo_v2_1/hdl/verilog/axi_data_fifo_v2_1_axic_reg_srl_fifo.v
Duplicated file found; will not be sent for synthesis: e:/ZedBoard_Projects/FmComms_Lan/fmcomms1_zed.srcs/sources_1/bd/system/ipshared/xilinx.com/axi_data_fifo_v2_1/hdl/verilog/axi_data_fifo_v2_1_ndeep_srl.v
Duplicated file found; will not be sent for synthesis: e:/ZedBoard_Projects/FmComms_Lan/fmcomms1_zed.srcs/sources_1/bd/system/ipshared/xilinx.com/axi_data_fifo_v2_1/hdl/verilog/axi_data_fifo_v2_1_axi_data_fifo.v
Duplicated file found; will not be sent for synthesis: e:/ZedBoard_Projects/FmComms_Lan/fmcomms1_zed.srcs/sources_1/bd/system/ipshared/xilinx.com/axi_infrastructure_v1_1/hdl/verilog/axi_infrastructure_v1_1_0_header.vh
Duplicated file found; will not be sent for synthesis: e:/ZedBoard_Projects/FmComms_Lan/fmcomms1_zed.srcs/sources_1/bd/system/ipshared/xilinx.com/axi_infrastructure_v1_1/hdl/verilog/axi_infrastructure_v1_1_axi2vector.v
Duplicated file found; will not be sent for synthesis: e:/ZedBoard_Projects/FmComms_Lan/fmcomms1_zed.srcs/sources_1/bd/system/ipshared/xilinx.com/axi_infrastructure_v1_1/hdl/verilog/axi_infrastructure_v1_1_axic_srl_fifo.v
Duplicated file found; will not be sent for synthesis: e:/ZedBoard_Projects/FmComms_Lan/fmcomms1_zed.srcs/sources_1/bd/system/ipshared/xilinx.com/axi_infrastructure_v1_1/hdl/verilog/axi_infrastructure_v1_1_vector2axi.v
Duplicated file found; will not be sent for synthesis: e:/ZedBoard_Projects/FmComms_Lan/fmcomms1_zed.srcs/sources_1/bd/system/ipshared/xilinx.com/axi_register_slice_v2_1/hdl/verilog/axi_register_slice_v2_1_axic_register_slice.v
Duplicated file found; will not be sent for synthesis: e:/ZedBoard_Projects/FmComms_Lan/fmcomms1_zed.srcs/sources_1/bd/system/ipshared/xilinx.com/axi_register_slice_v2_1/hdl/verilog/axi_register_slice_v2_1_axi_register_slice.v
Duplicated file found; will not be sent for synthesis: e:/ZedBoard_Projects/FmComms_Lan/fmcomms1_zed.srcs/sources_1/bd/system/ipshared/xilinx.com/axi_protocol_converter_v2_1/hdl/verilog/axi_protocol_converter_v2_1_a_axi3_conv.v
Duplicated file found; will not be sent for synthesis: e:/ZedBoard_Projects/FmComms_Lan/fmcomms1_zed.srcs/sources_1/bd/system/ipshared/xilinx.com/axi_protocol_converter_v2_1/hdl/verilog/axi_protocol_converter_v2_1_axi3_conv.v
Duplicated file found; will not be sent for synthesis: e:/ZedBoard_Projects/FmComms_Lan/fmcomms1_zed.srcs/sources_1/bd/system/ipshared/xilinx.com/axi_protocol_converter_v2_1/hdl/verilog/axi_protocol_converter_v2_1_axilite_conv.v
Duplicated file found; will not be sent for synthesis: e:/ZedBoard_Projects/FmComms_Lan/fmcomms1_zed.srcs/sources_1/bd/system/ipshared/xilinx.com/axi_protocol_converter_v2_1/hdl/verilog/axi_protocol_converter_v2_1_r_axi3_conv.v
Duplicated file found; will not be sent for synthesis: e:/ZedBoard_Projects/FmComms_Lan/fmcomms1_zed.srcs/sources_1/bd/system/ipshared/xilinx.com/axi_protocol_converter_v2_1/hdl/verilog/axi_protocol_converter_v2_1_w_axi3_conv.v
Duplicated file found; will not be sent for synthesis: e:/ZedBoard_Projects/FmComms_Lan/fmcomms1_zed.srcs/sources_1/bd/system/ipshared/xilinx.com/axi_protocol_converter_v2_1/hdl/verilog/axi_protocol_converter_v2_1_b_downsizer.v
Duplicated file found; will not be sent for synthesis: e:/ZedBoard_Projects/FmComms_Lan/fmcomms1_zed.srcs/sources_1/bd/system/ipshared/xilinx.com/axi_protocol_converter_v2_1/hdl/verilog/axi_protocol_converter_v2_1_decerr_slave.v
Duplicated file found; will not be sent for synthesis: e:/ZedBoard_Projects/FmComms_Lan/fmcomms1_zed.srcs/sources_1/bd/system/ipshared/xilinx.com/axi_protocol_converter_v2_1/hdl/verilog/axi_protocol_converter_v2_1_b2s_simple_fifo.v
Duplicated file found; will not be sent for synthesis: e:/ZedBoard_Projects/FmComms_Lan/fmcomms1_zed.srcs/sources_1/bd/system/ipshared/xilinx.com/axi_protocol_converter_v2_1/hdl/verilog/axi_protocol_converter_v2_1_b2s_wrap_cmd.v
Duplicated file found; will not be sent for synthesis: e:/ZedBoard_Projects/FmComms_Lan/fmcomms1_zed.srcs/sources_1/bd/system/ipshared/xilinx.com/axi_protocol_converter_v2_1/hdl/verilog/axi_protocol_converter_v2_1_b2s_incr_cmd.v
Duplicated file found; will not be sent for synthesis: e:/ZedBoard_Projects/FmComms_Lan/fmcomms1_zed.srcs/sources_1/bd/system/ipshared/xilinx.com/axi_protocol_converter_v2_1/hdl/verilog/axi_protocol_converter_v2_1_b2s_wr_cmd_fsm.v
Duplicated file found; will not be sent for synthesis: e:/ZedBoard_Projects/FmComms_Lan/fmcomms1_zed.srcs/sources_1/bd/system/ipshared/xilinx.com/axi_protocol_converter_v2_1/hdl/verilog/axi_protocol_converter_v2_1_b2s_rd_cmd_fsm.v
Duplicated file found; will not be sent for synthesis: e:/ZedBoard_Projects/FmComms_Lan/fmcomms1_zed.srcs/sources_1/bd/system/ipshared/xilinx.com/axi_protocol_converter_v2_1/hdl/verilog/axi_protocol_converter_v2_1_b2s_cmd_translator.v
Duplicated file found; will not be sent for synthesis: e:/ZedBoard_Projects/FmComms_Lan/fmcomms1_zed.srcs/sources_1/bd/system/ipshared/xilinx.com/axi_protocol_converter_v2_1/hdl/verilog/axi_protocol_converter_v2_1_b2s_b_channel.v
Duplicated file found; will not be sent for synthesis: e:/ZedBoard_Projects/FmComms_Lan/fmcomms1_zed.srcs/sources_1/bd/system/ipshared/xilinx.com/axi_protocol_converter_v2_1/hdl/verilog/axi_protocol_converter_v2_1_b2s_r_channel.v
Duplicated file found; will not be sent for synthesis: e:/ZedBoard_Projects/FmComms_Lan/fmcomms1_zed.srcs/sources_1/bd/system/ipshared/xilinx.com/axi_protocol_converter_v2_1/hdl/verilog/axi_protocol_converter_v2_1_b2s_aw_channel.v
Duplicated file found; will not be sent for synthesis: e:/ZedBoard_Projects/FmComms_Lan/fmcomms1_zed.srcs/sources_1/bd/system/ipshared/xilinx.com/axi_protocol_converter_v2_1/hdl/verilog/axi_protocol_converter_v2_1_b2s_ar_channel.v
Duplicated file found; will not be sent for synthesis: e:/ZedBoard_Projects/FmComms_Lan/fmcomms1_zed.srcs/sources_1/bd/system/ipshared/xilinx.com/axi_protocol_converter_v2_1/hdl/verilog/axi_protocol_converter_v2_1_b2s.v
Duplicated file found; will not be sent for synthesis: e:/ZedBoard_Projects/FmComms_Lan/fmcomms1_zed.srcs/sources_1/bd/system/ipshared/xilinx.com/axi_protocol_converter_v2_1/hdl/verilog/axi_protocol_converter_v2_1_axi_protocol_converter.v
Duplicated file found; will not be sent for synthesis: e:/ZedBoard_Projects/FmComms_Lan/fmcomms1_zed.srcs/sources_1/bd/system/ipshared/xilinx.com/blk_mem_gen_v8_3/hdl/blk_mem_gen_v8_3_vhsyn_rfs.vhd
Duplicated file found; will not be sent for synthesis: e:/ZedBoard_Projects/FmComms_Lan/fmcomms1_zed.srcs/sources_1/bd/system/ipshared/xilinx.com/blk_mem_gen_v8_3/hdl/blk_mem_gen_v8_3.vhd
Duplicated file found; will not be sent for synthesis: e:/ZedBoard_Projects/FmComms_Lan/fmcomms1_zed.srcs/sources_1/bd/system/ipshared/xilinx.com/fifo_generator_v13_0/hdl/fifo_generator_v13_0_vhsyn_rfs.vhd
Duplicated file found; will not be sent for synthesis: e:/ZedBoard_Projects/FmComms_Lan/fmcomms1_zed.srcs/sources_1/bd/system/ipshared/xilinx.com/fifo_generator_v13_0/hdl/fifo_generator_v13_0.vhd
CRC performance measure: elapsed=00:00:00.010s;;memory_peak=346.844MB;;memory_gain=0.000MB
