15:12:38 **** Build of project fmcomms_bsp ****
make -k all 
"Running Make include in ps7_cortexa9_0/libsrc/axivdma_v6_0/src"
make -C ps7_cortexa9_0/libsrc/axivdma_v6_0/src -s include  "SHELL=CMD" "COMPILER=arm-xilinx-eabi-gcc" "ARCHIVER=arm-xilinx-eabi-ar" "COMPILER_FLAGS=  -O2 -c" "EXTRA_COMPILER_FLAGS=-g"
"Running Make include in ps7_cortexa9_0/libsrc/coresightps_dcc_v1_2/src"
make -C ps7_cortexa9_0/libsrc/coresightps_dcc_v1_2/src -s include  "SHELL=CMD" "COMPILER=arm-xilinx-eabi-gcc" "ARCHIVER=arm-xilinx-eabi-ar" "COMPILER_FLAGS=  -O2 -c" "EXTRA_COMPILER_FLAGS=-g"
"Running Make include in ps7_cortexa9_0/libsrc/cpu_cortexa9_v2_1/src"
make -C ps7_cortexa9_0/libsrc/cpu_cortexa9_v2_1/src -s include  "SHELL=CMD" "COMPILER=arm-xilinx-eabi-gcc" "ARCHIVER=arm-xilinx-eabi-ar" "COMPILER_FLAGS=  -O2 -c" "EXTRA_COMPILER_FLAGS=-g"
"Running Make include in ps7_cortexa9_0/libsrc/ddrps_v1_0/src"
make -C ps7_cortexa9_0/libsrc/ddrps_v1_0/src -s include  "SHELL=CMD" "COMPILER=arm-xilinx-eabi-gcc" "ARCHIVER=arm-xilinx-eabi-ar" "COMPILER_FLAGS=  -O2 -c" "EXTRA_COMPILER_FLAGS=-g"
"Running Make include in ps7_cortexa9_0/libsrc/devcfg_v3_3/src"
make -C ps7_cortexa9_0/libsrc/devcfg_v3_3/src -s include  "SHELL=CMD" "COMPILER=arm-xilinx-eabi-gcc" "ARCHIVER=arm-xilinx-eabi-ar" "COMPILER_FLAGS=  -O2 -c" "EXTRA_COMPILER_FLAGS=-g"
"Running Make include in ps7_cortexa9_0/libsrc/dmaps_v2_1/src"
make -C ps7_cortexa9_0/libsrc/dmaps_v2_1/src -s include  "SHELL=CMD" "COMPILER=arm-xilinx-eabi-gcc" "ARCHIVER=arm-xilinx-eabi-ar" "COMPILER_FLAGS=  -O2 -c" "EXTRA_COMPILER_FLAGS=-g"
"Running Make include in ps7_cortexa9_0/libsrc/emacps_v3_1/src"
make -C ps7_cortexa9_0/libsrc/emacps_v3_1/src -s include  "SHELL=CMD" "COMPILER=arm-xilinx-eabi-gcc" "ARCHIVER=arm-xilinx-eabi-ar" "COMPILER_FLAGS=  -O2 -c" "EXTRA_COMPILER_FLAGS=-g"
"Running Make include in ps7_cortexa9_0/libsrc/gpiops_v3_1/src"
make -C ps7_cortexa9_0/libsrc/gpiops_v3_1/src -s include  "SHELL=CMD" "COMPILER=arm-xilinx-eabi-gcc" "ARCHIVER=arm-xilinx-eabi-ar" "COMPILER_FLAGS=  -O2 -c" "EXTRA_COMPILER_FLAGS=-g"
"Running Make include in ps7_cortexa9_0/libsrc/iic_v3_1/src"
make -C ps7_cortexa9_0/libsrc/iic_v3_1/src -s include  "SHELL=CMD" "COMPILER=arm-xilinx-eabi-gcc" "ARCHIVER=arm-xilinx-eabi-ar" "COMPILER_FLAGS=  -O2 -c" "EXTRA_COMPILER_FLAGS=-g"
"Running Make include in ps7_cortexa9_0/libsrc/qspips_v3_2/src"
make -C ps7_cortexa9_0/libsrc/qspips_v3_2/src -s include  "SHELL=CMD" "COMPILER=arm-xilinx-eabi-gcc" "ARCHIVER=arm-xilinx-eabi-ar" "COMPILER_FLAGS=  -O2 -c" "EXTRA_COMPILER_FLAGS=-g"
"Running Make include in ps7_cortexa9_0/libsrc/scugic_v3_1/src"
make -C ps7_cortexa9_0/libsrc/scugic_v3_1/src -s include  "SHELL=CMD" "COMPILER=arm-xilinx-eabi-gcc" "ARCHIVER=arm-xilinx-eabi-ar" "COMPILER_FLAGS=  -O2 -c" "EXTRA_COMPILER_FLAGS=-g"
"Running Make include in ps7_cortexa9_0/libsrc/scutimer_v2_1/src"
make -C ps7_cortexa9_0/libsrc/scutimer_v2_1/src -s include  "SHELL=CMD" "COMPILER=arm-xilinx-eabi-gcc" "ARCHIVER=arm-xilinx-eabi-ar" "COMPILER_FLAGS=  -O2 -c" "EXTRA_COMPILER_FLAGS=-g"
"Running Make include in ps7_cortexa9_0/libsrc/scuwdt_v2_1/src"
make -C ps7_cortexa9_0/libsrc/scuwdt_v2_1/src -s include  "SHELL=CMD" "COMPILER=arm-xilinx-eabi-gcc" "ARCHIVER=arm-xilinx-eabi-ar" "COMPILER_FLAGS=  -O2 -c" "EXTRA_COMPILER_FLAGS=-g"
"Running Make include in ps7_cortexa9_0/libsrc/sdps_v2_6/src"
make -C ps7_cortexa9_0/libsrc/sdps_v2_6/src -s include  "SHELL=CMD" "COMPILER=arm-xilinx-eabi-gcc" "ARCHIVER=arm-xilinx-eabi-ar" "COMPILER_FLAGS=  -O2 -c" "EXTRA_COMPILER_FLAGS=-g"
"Running Make include in ps7_cortexa9_0/libsrc/spips_v3_0/src"
make -C ps7_cortexa9_0/libsrc/spips_v3_0/src -s include  "SHELL=CMD" "COMPILER=arm-xilinx-eabi-gcc" "ARCHIVER=arm-xilinx-eabi-ar" "COMPILER_FLAGS=  -O2 -c" "EXTRA_COMPILER_FLAGS=-g"
"Running Make include in ps7_cortexa9_0/libsrc/standalone_v5_3/src"
make -C ps7_cortexa9_0/libsrc/standalone_v5_3/src -s include  "SHELL=CMD" "COMPILER=arm-xilinx-eabi-gcc" "ARCHIVER=arm-xilinx-eabi-ar" "COMPILER_FLAGS=  -O2 -c" "EXTRA_COMPILER_FLAGS=-g"
"Running Make include in ps7_cortexa9_0/libsrc/uartps_v3_1/src"
make -C ps7_cortexa9_0/libsrc/uartps_v3_1/src -s include  "SHELL=CMD" "COMPILER=arm-xilinx-eabi-gcc" "ARCHIVER=arm-xilinx-eabi-ar" "COMPILER_FLAGS=  -O2 -c" "EXTRA_COMPILER_FLAGS=-g"
"Running Make include in ps7_cortexa9_0/libsrc/usbps_v2_2/src"
make -C ps7_cortexa9_0/libsrc/usbps_v2_2/src -s include  "SHELL=CMD" "COMPILER=arm-xilinx-eabi-gcc" "ARCHIVER=arm-xilinx-eabi-ar" "COMPILER_FLAGS=  -O2 -c" "EXTRA_COMPILER_FLAGS=-g"
"Running Make include in ps7_cortexa9_0/libsrc/xadcps_v2_2/src"
make -C ps7_cortexa9_0/libsrc/xadcps_v2_2/src -s include  "SHELL=CMD" "COMPILER=arm-xilinx-eabi-gcc" "ARCHIVER=arm-xilinx-eabi-ar" "COMPILER_FLAGS=  -O2 -c" "EXTRA_COMPILER_FLAGS=-g"
"Running Make libs in ps7_cortexa9_0/libsrc/axivdma_v6_0/src"
make -C ps7_cortexa9_0/libsrc/axivdma_v6_0/src -s libs  "SHELL=CMD" "COMPILER=arm-xilinx-eabi-gcc" "ARCHIVER=arm-xilinx-eabi-ar" "COMPILER_FLAGS=  -O2 -c" "EXTRA_COMPILER_FLAGS=-g"
"Compiling axivdma"
arm-xilinx-eabi-ar: creating ../../../lib/libxil.a
"Running Make libs in ps7_cortexa9_0/libsrc/coresightps_dcc_v1_2/src"
make -C ps7_cortexa9_0/libsrc/coresightps_dcc_v1_2/src -s libs  "SHELL=CMD" "COMPILER=arm-xilinx-eabi-gcc" "ARCHIVER=arm-xilinx-eabi-ar" "COMPILER_FLAGS=  -O2 -c" "EXTRA_COMPILER_FLAGS=-g"
"Compiling coresightps_dcc"
"Running Make libs in ps7_cortexa9_0/libsrc/cpu_cortexa9_v2_1/src"
make -C ps7_cortexa9_0/libsrc/cpu_cortexa9_v2_1/src -s libs  "SHELL=CMD" "COMPILER=arm-xilinx-eabi-gcc" "ARCHIVER=arm-xilinx-eabi-ar" "COMPILER_FLAGS=  -O2 -c" "EXTRA_COMPILER_FLAGS=-g"
"Compiling cpu_cortexa9"
"Running Make libs in ps7_cortexa9_0/libsrc/ddrps_v1_0/src"
make -C ps7_cortexa9_0/libsrc/ddrps_v1_0/src -s libs  "SHELL=CMD" "COMPILER=arm-xilinx-eabi-gcc" "ARCHIVER=arm-xilinx-eabi-ar" "COMPILER_FLAGS=  -O2 -c" "EXTRA_COMPILER_FLAGS=-g"
"Compiling ddrps"
"Running Make libs in ps7_cortexa9_0/libsrc/devcfg_v3_3/src"
make -C ps7_cortexa9_0/libsrc/devcfg_v3_3/src -s libs  "SHELL=CMD" "COMPILER=arm-xilinx-eabi-gcc" "ARCHIVER=arm-xilinx-eabi-ar" "COMPILER_FLAGS=  -O2 -c" "EXTRA_COMPILER_FLAGS=-g"
"Compiling devcfg"
"Running Make libs in ps7_cortexa9_0/libsrc/dmaps_v2_1/src"
make -C ps7_cortexa9_0/libsrc/dmaps_v2_1/src -s libs  "SHELL=CMD" "COMPILER=arm-xilinx-eabi-gcc" "ARCHIVER=arm-xilinx-eabi-ar" "COMPILER_FLAGS=  -O2 -c" "EXTRA_COMPILER_FLAGS=-g"
"Compiling dmaps"
"Running Make libs in ps7_cortexa9_0/libsrc/emacps_v3_1/src"
make -C ps7_cortexa9_0/libsrc/emacps_v3_1/src -s libs  "SHELL=CMD" "COMPILER=arm-xilinx-eabi-gcc" "ARCHIVER=arm-xilinx-eabi-ar" "COMPILER_FLAGS=  -O2 -c" "EXTRA_COMPILER_FLAGS=-g"
"Compiling emacps"
"Running Make libs in ps7_cortexa9_0/libsrc/gpiops_v3_1/src"
make -C ps7_cortexa9_0/libsrc/gpiops_v3_1/src -s libs  "SHELL=CMD" "COMPILER=arm-xilinx-eabi-gcc" "ARCHIVER=arm-xilinx-eabi-ar" "COMPILER_FLAGS=  -O2 -c" "EXTRA_COMPILER_FLAGS=-g"
"Compiling gpiops"
"Running Make libs in ps7_cortexa9_0/libsrc/iic_v3_1/src"
make -C ps7_cortexa9_0/libsrc/iic_v3_1/src -s libs  "SHELL=CMD" "COMPILER=arm-xilinx-eabi-gcc" "ARCHIVER=arm-xilinx-eabi-ar" "COMPILER_FLAGS=  -O2 -c" "EXTRA_COMPILER_FLAGS=-g"
"Compiling iic"
"Running Make libs in ps7_cortexa9_0/libsrc/qspips_v3_2/src"
make -C ps7_cortexa9_0/libsrc/qspips_v3_2/src -s libs  "SHELL=CMD" "COMPILER=arm-xilinx-eabi-gcc" "ARCHIVER=arm-xilinx-eabi-ar" "COMPILER_FLAGS=  -O2 -c" "EXTRA_COMPILER_FLAGS=-g"
"Compiling qspips"
"Running Make libs in ps7_cortexa9_0/libsrc/scugic_v3_1/src"
make -C ps7_cortexa9_0/libsrc/scugic_v3_1/src -s libs  "SHELL=CMD" "COMPILER=arm-xilinx-eabi-gcc" "ARCHIVER=arm-xilinx-eabi-ar" "COMPILER_FLAGS=  -O2 -c" "EXTRA_COMPILER_FLAGS=-g"
"Compiling scugic"
"Running Make libs in ps7_cortexa9_0/libsrc/scutimer_v2_1/src"
make -C ps7_cortexa9_0/libsrc/scutimer_v2_1/src -s libs  "SHELL=CMD" "COMPILER=arm-xilinx-eabi-gcc" "ARCHIVER=arm-xilinx-eabi-ar" "COMPILER_FLAGS=  -O2 -c" "EXTRA_COMPILER_FLAGS=-g"
"Compiling scutimer"
"Running Make libs in ps7_cortexa9_0/libsrc/scuwdt_v2_1/src"
make -C ps7_cortexa9_0/libsrc/scuwdt_v2_1/src -s libs  "SHELL=CMD" "COMPILER=arm-xilinx-eabi-gcc" "ARCHIVER=arm-xilinx-eabi-ar" "COMPILER_FLAGS=  -O2 -c" "EXTRA_COMPILER_FLAGS=-g"
"Compiling scuwdt"
"Running Make libs in ps7_cortexa9_0/libsrc/sdps_v2_6/src"
make -C ps7_cortexa9_0/libsrc/sdps_v2_6/src -s libs  "SHELL=CMD" "COMPILER=arm-xilinx-eabi-gcc" "ARCHIVER=arm-xilinx-eabi-ar" "COMPILER_FLAGS=  -O2 -c" "EXTRA_COMPILER_FLAGS=-g"
"Compiling sdps"
"Running Make libs in ps7_cortexa9_0/libsrc/spips_v3_0/src"
make -C ps7_cortexa9_0/libsrc/spips_v3_0/src -s libs  "SHELL=CMD" "COMPILER=arm-xilinx-eabi-gcc" "ARCHIVER=arm-xilinx-eabi-ar" "COMPILER_FLAGS=  -O2 -c" "EXTRA_COMPILER_FLAGS=-g"
"Compiling spips"
"Running Make libs in ps7_cortexa9_0/libsrc/standalone_v5_3/src"
make -C ps7_cortexa9_0/libsrc/standalone_v5_3/src -s libs  "SHELL=CMD" "COMPILER=arm-xilinx-eabi-gcc" "ARCHIVER=arm-xilinx-eabi-ar" "COMPILER_FLAGS=  -O2 -c" "EXTRA_COMPILER_FLAGS=-g"
"Compiling standalone"
"Running Make libs in ps7_cortexa9_0/libsrc/uartps_v3_1/src"
make -C ps7_cortexa9_0/libsrc/uartps_v3_1/src -s libs  "SHELL=CMD" "COMPILER=arm-xilinx-eabi-gcc" "ARCHIVER=arm-xilinx-eabi-ar" "COMPILER_FLAGS=  -O2 -c" "EXTRA_COMPILER_FLAGS=-g"
"Compiling uartps"
"Running Make libs in ps7_cortexa9_0/libsrc/usbps_v2_2/src"
make -C ps7_cortexa9_0/libsrc/usbps_v2_2/src -s libs  "SHELL=CMD" "COMPILER=arm-xilinx-eabi-gcc" "ARCHIVER=arm-xilinx-eabi-ar" "COMPILER_FLAGS=  -O2 -c" "EXTRA_COMPILER_FLAGS=-g"
"Compiling usbps"
"Running Make libs in ps7_cortexa9_0/libsrc/xadcps_v2_2/src"
make -C ps7_cortexa9_0/libsrc/xadcps_v2_2/src -s libs  "SHELL=CMD" "COMPILER=arm-xilinx-eabi-gcc" "ARCHIVER=arm-xilinx-eabi-ar" "COMPILER_FLAGS=  -O2 -c" "EXTRA_COMPILER_FLAGS=-g"
"Compiling xadcps"
'Finished building libraries'

**** Build of configuration Debug for project fmcomms ****

Nothing to build for project fmcomms
15:13:15 **** Auto Build of configuration Debug for project fmcomms ****
make all 
'Building file: ../src/Common/adc_core.c'
'Invoking: ARM gcc compiler'
arm-xilinx-eabi-gcc -Wall -O0 -g3 -c -fmessage-length=0 -MT"src/Common/adc_core.o" -I../../fmcomms_bsp/ps7_cortexa9_0/include -MMD -MP -MF"src/Common/adc_core.d" -MT"src/Common/adc_core.d" -o "src/Common/adc_core.o" "../src/Common/adc_core.c"
'Finished building: ../src/Common/adc_core.c'
' '
'Building file: ../src/Common/dac_core.c'
'Invoking: ARM gcc compiler'
arm-xilinx-eabi-gcc -Wall -O0 -g3 -c -fmessage-length=0 -MT"src/Common/dac_core.o" -I../../fmcomms_bsp/ps7_cortexa9_0/include -MMD -MP -MF"src/Common/dac_core.d" -MT"src/Common/dac_core.d" -o "src/Common/dac_core.o" "../src/Common/dac_core.c"
'Finished building: ../src/Common/dac_core.c'
' '
'Building file: ../src/Common/eeprom.c'
'Invoking: ARM gcc compiler'
arm-xilinx-eabi-gcc -Wall -O0 -g3 -c -fmessage-length=0 -MT"src/Common/eeprom.o" -I../../fmcomms_bsp/ps7_cortexa9_0/include -MMD -MP -MF"src/Common/eeprom.d" -MT"src/Common/eeprom.d" -o "src/Common/eeprom.o" "../src/Common/eeprom.c"
'Finished building: ../src/Common/eeprom.c'
' '
'Building file: ../src/Common/i2c_axi.c'
'Invoking: ARM gcc compiler'
arm-xilinx-eabi-gcc -Wall -O0 -g3 -c -fmessage-length=0 -MT"src/Common/i2c_axi.o" -I../../fmcomms_bsp/ps7_cortexa9_0/include -MMD -MP -MF"src/Common/i2c_axi.d" -MT"src/Common/i2c_axi.d" -o "src/Common/i2c_axi.o" "../src/Common/i2c_axi.c"
'Finished building: ../src/Common/i2c_axi.c'
' '
'Building file: ../src/Common/i2c_ps7.c'
'Invoking: ARM gcc compiler'
arm-xilinx-eabi-gcc -Wall -O0 -g3 -c -fmessage-length=0 -MT"src/Common/i2c_ps7.o" -I../../fmcomms_bsp/ps7_cortexa9_0/include -MMD -MP -MF"src/Common/i2c_ps7.d" -MT"src/Common/i2c_ps7.d" -o "src/Common/i2c_ps7.o" "../src/Common/i2c_ps7.c"
'Finished building: ../src/Common/i2c_ps7.c'
' '
'Building file: ../src/Common/main.c'
'Invoking: ARM gcc compiler'
arm-xilinx-eabi-gcc -Wall -O0 -g3 -c -fmessage-length=0 -MT"src/Common/main.o" -I../../fmcomms_bsp/ps7_cortexa9_0/include -MMD -MP -MF"src/Common/main.d" -MT"src/Common/main.d" -o "src/Common/main.o" "../src/Common/main.c"
'Finished building: ../src/Common/main.c'
' '
'Building file: ../src/Common/mmcm.c'
'Invoking: ARM gcc compiler'
arm-xilinx-eabi-gcc -Wall -O0 -g3 -c -fmessage-length=0 -MT"src/Common/mmcm.o" -I../../fmcomms_bsp/ps7_cortexa9_0/include -MMD -MP -MF"src/Common/mmcm.d" -MT"src/Common/mmcm.d" -o "src/Common/mmcm.o" "../src/Common/mmcm.c"
'Finished building: ../src/Common/mmcm.c'
' '
'Building file: ../src/Common/spi_interface.c'
'Invoking: ARM gcc compiler'
arm-xilinx-eabi-gcc -Wall -O0 -g3 -c -fmessage-length=0 -MT"src/Common/spi_interface.o" -I../../fmcomms_bsp/ps7_cortexa9_0/include -MMD -MP -MF"src/Common/spi_interface.d" -MT"src/Common/spi_interface.d" -o "src/Common/spi_interface.o" "../src/Common/spi_interface.c"
'Finished building: ../src/Common/spi_interface.c'
' '
'Building file: ../src/Common/test.c'
'Invoking: ARM gcc compiler'
arm-xilinx-eabi-gcc -Wall -O0 -g3 -c -fmessage-length=0 -MT"src/Common/test.o" -I../../fmcomms_bsp/ps7_cortexa9_0/include -MMD -MP -MF"src/Common/test.d" -MT"src/Common/test.d" -o "src/Common/test.o" "../src/Common/test.c"
'Finished building: ../src/Common/test.c'
' '
'Building file: ../src/Common/xcomm.c'
'Invoking: ARM gcc compiler'
arm-xilinx-eabi-gcc -Wall -O0 -g3 -c -fmessage-length=0 -MT"src/Common/xcomm.o" -I../../fmcomms_bsp/ps7_cortexa9_0/include -MMD -MP -MF"src/Common/xcomm.d" -MT"src/Common/xcomm.d" -o "src/Common/xcomm.o" "../src/Common/xcomm.c"
../src/Common/xcomm.c:48:20: fatal error: AD9548.h: No such file or directory
 #include "AD9548.h"
                    ^
compilation terminated.
make: *** [src/Common/xcomm.o] Error 1
15:13:37 **** Clean-only build of configuration Debug for project fmcomms ****
make clean 
rm -rf  ./src/Common/adc_core.o ./src/Common/dac_core.o ./src/Common/eeprom.o ./src/Common/i2c_axi.o ./src/Common/i2c_ps7.o ./src/Common/main.o ./src/Common/mmcm.o ./src/Common/spi_interface.o ./src/Common/test.o ./src/Common/xcomm.o  ./src/ADF4351/ADF4351.o  ./src/AD9643/AD9643.o  ./src/AD9548/AD9548.o  ./src/AD9523/AD9523.o  ./src/AD9122/AD9122.o ./src/AD9122/cf_axi_dds.o  ./src/AD8366/AD8366.o  ./src/Common/adc_core.d ./src/Common/dac_core.d ./src/Common/eeprom.d ./src/Common/i2c_axi.d ./src/Common/i2c_ps7.d ./src/Common/main.d ./src/Common/mmcm.d ./src/Common/spi_interface.d ./src/Common/test.d ./src/Common/xcomm.d  ./src/ADF4351/ADF4351.d  ./src/AD9643/AD9643.d  ./src/AD9548/AD9548.d  ./src/AD9523/AD9523.d  ./src/AD9122/AD9122.d ./src/AD9122/cf_axi_dds.d  ./src/AD8366/AD8366.d  fmcomms.elf.size  fmcomms.elf
' '
15:13:38 **** Auto Build of configuration Debug for project fmcomms ****
make all 
'Building file: ../src/Common/adc_core.c'
'Invoking: ARM gcc compiler'
arm-xilinx-eabi-gcc -Wall -O0 -g3 -I"E:\ZedBoard_Projects\FcommesSalar\zed\fmcomms1_zed.sdk\fmcomms\src\AD8366" -I"E:\ZedBoard_Projects\FcommesSalar\zed\fmcomms1_zed.sdk\fmcomms\src\AD9122" -I"E:\ZedBoard_Projects\FcommesSalar\zed\fmcomms1_zed.sdk\fmcomms\src\AD9523" -I"E:\ZedBoard_Projects\FcommesSalar\zed\fmcomms1_zed.sdk\fmcomms\src\AD9548" -I"E:\ZedBoard_Projects\FcommesSalar\zed\fmcomms1_zed.sdk\fmcomms\src\AD9643" -I"E:\ZedBoard_Projects\FcommesSalar\zed\fmcomms1_zed.sdk\fmcomms\src\ADF4351" -I"E:\ZedBoard_Projects\FcommesSalar\zed\fmcomms1_zed.sdk\fmcomms\src\Common" -c -fmessage-length=0 -MT"src/Common/adc_core.o" -I../../fmcomms_bsp/ps7_cortexa9_0/include -MMD -MP -MF"src/Common/adc_core.d" -MT"src/Common/adc_core.d" -o "src/Common/adc_core.o" "../src/Common/adc_core.c"
'Finished building: ../src/Common/adc_core.c'
' '
'Building file: ../src/Common/dac_core.c'
'Invoking: ARM gcc compiler'
arm-xilinx-eabi-gcc -Wall -O0 -g3 -I"E:\ZedBoard_Projects\FcommesSalar\zed\fmcomms1_zed.sdk\fmcomms\src\AD8366" -I"E:\ZedBoard_Projects\FcommesSalar\zed\fmcomms1_zed.sdk\fmcomms\src\AD9122" -I"E:\ZedBoard_Projects\FcommesSalar\zed\fmcomms1_zed.sdk\fmcomms\src\AD9523" -I"E:\ZedBoard_Projects\FcommesSalar\zed\fmcomms1_zed.sdk\fmcomms\src\AD9548" -I"E:\ZedBoard_Projects\FcommesSalar\zed\fmcomms1_zed.sdk\fmcomms\src\AD9643" -I"E:\ZedBoard_Projects\FcommesSalar\zed\fmcomms1_zed.sdk\fmcomms\src\ADF4351" -I"E:\ZedBoard_Projects\FcommesSalar\zed\fmcomms1_zed.sdk\fmcomms\src\Common" -c -fmessage-length=0 -MT"src/Common/dac_core.o" -I../../fmcomms_bsp/ps7_cortexa9_0/include -MMD -MP -MF"src/Common/dac_core.d" -MT"src/Common/dac_core.d" -o "src/Common/dac_core.o" "../src/Common/dac_core.c"
'Finished building: ../src/Common/dac_core.c'
' '
'Building file: ../src/Common/eeprom.c'
'Invoking: ARM gcc compiler'
arm-xilinx-eabi-gcc -Wall -O0 -g3 -I"E:\ZedBoard_Projects\FcommesSalar\zed\fmcomms1_zed.sdk\fmcomms\src\AD8366" -I"E:\ZedBoard_Projects\FcommesSalar\zed\fmcomms1_zed.sdk\fmcomms\src\AD9122" -I"E:\ZedBoard_Projects\FcommesSalar\zed\fmcomms1_zed.sdk\fmcomms\src\AD9523" -I"E:\ZedBoard_Projects\FcommesSalar\zed\fmcomms1_zed.sdk\fmcomms\src\AD9548" -I"E:\ZedBoard_Projects\FcommesSalar\zed\fmcomms1_zed.sdk\fmcomms\src\AD9643" -I"E:\ZedBoard_Projects\FcommesSalar\zed\fmcomms1_zed.sdk\fmcomms\src\ADF4351" -I"E:\ZedBoard_Projects\FcommesSalar\zed\fmcomms1_zed.sdk\fmcomms\src\Common" -c -fmessage-length=0 -MT"src/Common/eeprom.o" -I../../fmcomms_bsp/ps7_cortexa9_0/include -MMD -MP -MF"src/Common/eeprom.d" -MT"src/Common/eeprom.d" -o "src/Common/eeprom.o" "../src/Common/eeprom.c"
'Finished building: ../src/Common/eeprom.c'
' '
'Building file: ../src/Common/i2c_axi.c'
'Invoking: ARM gcc compiler'
arm-xilinx-eabi-gcc -Wall -O0 -g3 -I"E:\ZedBoard_Projects\FcommesSalar\zed\fmcomms1_zed.sdk\fmcomms\src\AD8366" -I"E:\ZedBoard_Projects\FcommesSalar\zed\fmcomms1_zed.sdk\fmcomms\src\AD9122" -I"E:\ZedBoard_Projects\FcommesSalar\zed\fmcomms1_zed.sdk\fmcomms\src\AD9523" -I"E:\ZedBoard_Projects\FcommesSalar\zed\fmcomms1_zed.sdk\fmcomms\src\AD9548" -I"E:\ZedBoard_Projects\FcommesSalar\zed\fmcomms1_zed.sdk\fmcomms\src\AD9643" -I"E:\ZedBoard_Projects\FcommesSalar\zed\fmcomms1_zed.sdk\fmcomms\src\ADF4351" -I"E:\ZedBoard_Projects\FcommesSalar\zed\fmcomms1_zed.sdk\fmcomms\src\Common" -c -fmessage-length=0 -MT"src/Common/i2c_axi.o" -I../../fmcomms_bsp/ps7_cortexa9_0/include -MMD -MP -MF"src/Common/i2c_axi.d" -MT"src/Common/i2c_axi.d" -o "src/Common/i2c_axi.o" "../src/Common/i2c_axi.c"
'Finished building: ../src/Common/i2c_axi.c'
' '
'Building file: ../src/Common/i2c_ps7.c'
'Invoking: ARM gcc compiler'
arm-xilinx-eabi-gcc -Wall -O0 -g3 -I"E:\ZedBoard_Projects\FcommesSalar\zed\fmcomms1_zed.sdk\fmcomms\src\AD8366" -I"E:\ZedBoard_Projects\FcommesSalar\zed\fmcomms1_zed.sdk\fmcomms\src\AD9122" -I"E:\ZedBoard_Projects\FcommesSalar\zed\fmcomms1_zed.sdk\fmcomms\src\AD9523" -I"E:\ZedBoard_Projects\FcommesSalar\zed\fmcomms1_zed.sdk\fmcomms\src\AD9548" -I"E:\ZedBoard_Projects\FcommesSalar\zed\fmcomms1_zed.sdk\fmcomms\src\AD9643" -I"E:\ZedBoard_Projects\FcommesSalar\zed\fmcomms1_zed.sdk\fmcomms\src\ADF4351" -I"E:\ZedBoard_Projects\FcommesSalar\zed\fmcomms1_zed.sdk\fmcomms\src\Common" -c -fmessage-length=0 -MT"src/Common/i2c_ps7.o" -I../../fmcomms_bsp/ps7_cortexa9_0/include -MMD -MP -MF"src/Common/i2c_ps7.d" -MT"src/Common/i2c_ps7.d" -o "src/Common/i2c_ps7.o" "../src/Common/i2c_ps7.c"
'Finished building: ../src/Common/i2c_ps7.c'
' '
'Building file: ../src/Common/main.c'
'Invoking: ARM gcc compiler'
arm-xilinx-eabi-gcc -Wall -O0 -g3 -I"E:\ZedBoard_Projects\FcommesSalar\zed\fmcomms1_zed.sdk\fmcomms\src\AD8366" -I"E:\ZedBoard_Projects\FcommesSalar\zed\fmcomms1_zed.sdk\fmcomms\src\AD9122" -I"E:\ZedBoard_Projects\FcommesSalar\zed\fmcomms1_zed.sdk\fmcomms\src\AD9523" -I"E:\ZedBoard_Projects\FcommesSalar\zed\fmcomms1_zed.sdk\fmcomms\src\AD9548" -I"E:\ZedBoard_Projects\FcommesSalar\zed\fmcomms1_zed.sdk\fmcomms\src\AD9643" -I"E:\ZedBoard_Projects\FcommesSalar\zed\fmcomms1_zed.sdk\fmcomms\src\ADF4351" -I"E:\ZedBoard_Projects\FcommesSalar\zed\fmcomms1_zed.sdk\fmcomms\src\Common" -c -fmessage-length=0 -MT"src/Common/main.o" -I../../fmcomms_bsp/ps7_cortexa9_0/include -MMD -MP -MF"src/Common/main.d" -MT"src/Common/main.d" -o "src/Common/main.o" "../src/Common/main.c"
'Finished building: ../src/Common/main.c'
' '
'Building file: ../src/Common/mmcm.c'
'Invoking: ARM gcc compiler'
arm-xilinx-eabi-gcc -Wall -O0 -g3 -I"E:\ZedBoard_Projects\FcommesSalar\zed\fmcomms1_zed.sdk\fmcomms\src\AD8366" -I"E:\ZedBoard_Projects\FcommesSalar\zed\fmcomms1_zed.sdk\fmcomms\src\AD9122" -I"E:\ZedBoard_Projects\FcommesSalar\zed\fmcomms1_zed.sdk\fmcomms\src\AD9523" -I"E:\ZedBoard_Projects\FcommesSalar\zed\fmcomms1_zed.sdk\fmcomms\src\AD9548" -I"E:\ZedBoard_Projects\FcommesSalar\zed\fmcomms1_zed.sdk\fmcomms\src\AD9643" -I"E:\ZedBoard_Projects\FcommesSalar\zed\fmcomms1_zed.sdk\fmcomms\src\ADF4351" -I"E:\ZedBoard_Projects\FcommesSalar\zed\fmcomms1_zed.sdk\fmcomms\src\Common" -c -fmessage-length=0 -MT"src/Common/mmcm.o" -I../../fmcomms_bsp/ps7_cortexa9_0/include -MMD -MP -MF"src/Common/mmcm.d" -MT"src/Common/mmcm.d" -o "src/Common/mmcm.o" "../src/Common/mmcm.c"
'Finished building: ../src/Common/mmcm.c'
' '
'Building file: ../src/Common/spi_interface.c'
'Invoking: ARM gcc compiler'
arm-xilinx-eabi-gcc -Wall -O0 -g3 -I"E:\ZedBoard_Projects\FcommesSalar\zed\fmcomms1_zed.sdk\fmcomms\src\AD8366" -I"E:\ZedBoard_Projects\FcommesSalar\zed\fmcomms1_zed.sdk\fmcomms\src\AD9122" -I"E:\ZedBoard_Projects\FcommesSalar\zed\fmcomms1_zed.sdk\fmcomms\src\AD9523" -I"E:\ZedBoard_Projects\FcommesSalar\zed\fmcomms1_zed.sdk\fmcomms\src\AD9548" -I"E:\ZedBoard_Projects\FcommesSalar\zed\fmcomms1_zed.sdk\fmcomms\src\AD9643" -I"E:\ZedBoard_Projects\FcommesSalar\zed\fmcomms1_zed.sdk\fmcomms\src\ADF4351" -I"E:\ZedBoard_Projects\FcommesSalar\zed\fmcomms1_zed.sdk\fmcomms\src\Common" -c -fmessage-length=0 -MT"src/Common/spi_interface.o" -I../../fmcomms_bsp/ps7_cortexa9_0/include -MMD -MP -MF"src/Common/spi_interface.d" -MT"src/Common/spi_interface.d" -o "src/Common/spi_interface.o" "../src/Common/spi_interface.c"
'Finished building: ../src/Common/spi_interface.c'
' '
'Building file: ../src/Common/test.c'
'Invoking: ARM gcc compiler'
arm-xilinx-eabi-gcc -Wall -O0 -g3 -I"E:\ZedBoard_Projects\FcommesSalar\zed\fmcomms1_zed.sdk\fmcomms\src\AD8366" -I"E:\ZedBoard_Projects\FcommesSalar\zed\fmcomms1_zed.sdk\fmcomms\src\AD9122" -I"E:\ZedBoard_Projects\FcommesSalar\zed\fmcomms1_zed.sdk\fmcomms\src\AD9523" -I"E:\ZedBoard_Projects\FcommesSalar\zed\fmcomms1_zed.sdk\fmcomms\src\AD9548" -I"E:\ZedBoard_Projects\FcommesSalar\zed\fmcomms1_zed.sdk\fmcomms\src\AD9643" -I"E:\ZedBoard_Projects\FcommesSalar\zed\fmcomms1_zed.sdk\fmcomms\src\ADF4351" -I"E:\ZedBoard_Projects\FcommesSalar\zed\fmcomms1_zed.sdk\fmcomms\src\Common" -c -fmessage-length=0 -MT"src/Common/test.o" -I../../fmcomms_bsp/ps7_cortexa9_0/include -MMD -MP -MF"src/Common/test.d" -MT"src/Common/test.d" -o "src/Common/test.o" "../src/Common/test.c"
'Finished building: ../src/Common/test.c'
' '
'Building file: ../src/Common/xcomm.c'
'Invoking: ARM gcc compiler'
arm-xilinx-eabi-gcc -Wall -O0 -g3 -I"E:\ZedBoard_Projects\FcommesSalar\zed\fmcomms1_zed.sdk\fmcomms\src\AD8366" -I"E:\ZedBoard_Projects\FcommesSalar\zed\fmcomms1_zed.sdk\fmcomms\src\AD9122" -I"E:\ZedBoard_Projects\FcommesSalar\zed\fmcomms1_zed.sdk\fmcomms\src\AD9523" -I"E:\ZedBoard_Projects\FcommesSalar\zed\fmcomms1_zed.sdk\fmcomms\src\AD9548" -I"E:\ZedBoard_Projects\FcommesSalar\zed\fmcomms1_zed.sdk\fmcomms\src\AD9643" -I"E:\ZedBoard_Projects\FcommesSalar\zed\fmcomms1_zed.sdk\fmcomms\src\ADF4351" -I"E:\ZedBoard_Projects\FcommesSalar\zed\fmcomms1_zed.sdk\fmcomms\src\Common" -c -fmessage-length=0 -MT"src/Common/xcomm.o" -I../../fmcomms_bsp/ps7_cortexa9_0/include -MMD -MP -MF"src/Common/xcomm.d" -MT"src/Common/xcomm.d" -o "src/Common/xcomm.o" "../src/Common/xcomm.c"
In file included from ../src/Common/xcomm.c:57:0:
../src/Common/dac_core.h:154:0: warning: "ADI_REG_CHAN_CNTRL_3" redefined
 #define ADI_REG_CHAN_CNTRL_3(c) (0x0408 + (c) * 0x40)
 ^
In file included from ../src/Common/xcomm.c:56:0:
../src/Common/adc_core.h:83:0: note: this is the location of the previous definition
 #define ADI_REG_CHAN_CNTRL_3(c) (0x0418 + (c) * 0x40) /* v8.0 */
 ^
'Finished building: ../src/Common/xcomm.c'
' '
'Building file: ../src/ADF4351/ADF4351.c'
'Invoking: ARM gcc compiler'
arm-xilinx-eabi-gcc -Wall -O0 -g3 -I"E:\ZedBoard_Projects\FcommesSalar\zed\fmcomms1_zed.sdk\fmcomms\src\AD8366" -I"E:\ZedBoard_Projects\FcommesSalar\zed\fmcomms1_zed.sdk\fmcomms\src\AD9122" -I"E:\ZedBoard_Projects\FcommesSalar\zed\fmcomms1_zed.sdk\fmcomms\src\AD9523" -I"E:\ZedBoard_Projects\FcommesSalar\zed\fmcomms1_zed.sdk\fmcomms\src\AD9548" -I"E:\ZedBoard_Projects\FcommesSalar\zed\fmcomms1_zed.sdk\fmcomms\src\AD9643" -I"E:\ZedBoard_Projects\FcommesSalar\zed\fmcomms1_zed.sdk\fmcomms\src\ADF4351" -I"E:\ZedBoard_Projects\FcommesSalar\zed\fmcomms1_zed.sdk\fmcomms\src\Common" -c -fmessage-length=0 -MT"src/ADF4351/ADF4351.o" -I../../fmcomms_bsp/ps7_cortexa9_0/include -MMD -MP -MF"src/ADF4351/ADF4351.d" -MT"src/ADF4351/ADF4351.d" -o "src/ADF4351/ADF4351.o" "../src/ADF4351/ADF4351.c"
'Finished building: ../src/ADF4351/ADF4351.c'
' '
'Building file: ../src/AD9643/AD9643.c'
'Invoking: ARM gcc compiler'
arm-xilinx-eabi-gcc -Wall -O0 -g3 -I"E:\ZedBoard_Projects\FcommesSalar\zed\fmcomms1_zed.sdk\fmcomms\src\AD8366" -I"E:\ZedBoard_Projects\FcommesSalar\zed\fmcomms1_zed.sdk\fmcomms\src\AD9122" -I"E:\ZedBoard_Projects\FcommesSalar\zed\fmcomms1_zed.sdk\fmcomms\src\AD9523" -I"E:\ZedBoard_Projects\FcommesSalar\zed\fmcomms1_zed.sdk\fmcomms\src\AD9548" -I"E:\ZedBoard_Projects\FcommesSalar\zed\fmcomms1_zed.sdk\fmcomms\src\AD9643" -I"E:\ZedBoard_Projects\FcommesSalar\zed\fmcomms1_zed.sdk\fmcomms\src\ADF4351" -I"E:\ZedBoard_Projects\FcommesSalar\zed\fmcomms1_zed.sdk\fmcomms\src\Common" -c -fmessage-length=0 -MT"src/AD9643/AD9643.o" -I../../fmcomms_bsp/ps7_cortexa9_0/include -MMD -MP -MF"src/AD9643/AD9643.d" -MT"src/AD9643/AD9643.d" -o "src/AD9643/AD9643.o" "../src/AD9643/AD9643.c"
'Finished building: ../src/AD9643/AD9643.c'
' '
'Building file: ../src/AD9548/AD9548.c'
'Invoking: ARM gcc compiler'
arm-xilinx-eabi-gcc -Wall -O0 -g3 -I"E:\ZedBoard_Projects\FcommesSalar\zed\fmcomms1_zed.sdk\fmcomms\src\AD8366" -I"E:\ZedBoard_Projects\FcommesSalar\zed\fmcomms1_zed.sdk\fmcomms\src\AD9122" -I"E:\ZedBoard_Projects\FcommesSalar\zed\fmcomms1_zed.sdk\fmcomms\src\AD9523" -I"E:\ZedBoard_Projects\FcommesSalar\zed\fmcomms1_zed.sdk\fmcomms\src\AD9548" -I"E:\ZedBoard_Projects\FcommesSalar\zed\fmcomms1_zed.sdk\fmcomms\src\AD9643" -I"E:\ZedBoard_Projects\FcommesSalar\zed\fmcomms1_zed.sdk\fmcomms\src\ADF4351" -I"E:\ZedBoard_Projects\FcommesSalar\zed\fmcomms1_zed.sdk\fmcomms\src\Common" -c -fmessage-length=0 -MT"src/AD9548/AD9548.o" -I../../fmcomms_bsp/ps7_cortexa9_0/include -MMD -MP -MF"src/AD9548/AD9548.d" -MT"src/AD9548/AD9548.d" -o "src/AD9548/AD9548.o" "../src/AD9548/AD9548.c"
'Finished building: ../src/AD9548/AD9548.c'
' '
'Building file: ../src/AD9523/AD9523.c'
'Invoking: ARM gcc compiler'
arm-xilinx-eabi-gcc -Wall -O0 -g3 -I"E:\ZedBoard_Projects\FcommesSalar\zed\fmcomms1_zed.sdk\fmcomms\src\AD8366" -I"E:\ZedBoard_Projects\FcommesSalar\zed\fmcomms1_zed.sdk\fmcomms\src\AD9122" -I"E:\ZedBoard_Projects\FcommesSalar\zed\fmcomms1_zed.sdk\fmcomms\src\AD9523" -I"E:\ZedBoard_Projects\FcommesSalar\zed\fmcomms1_zed.sdk\fmcomms\src\AD9548" -I"E:\ZedBoard_Projects\FcommesSalar\zed\fmcomms1_zed.sdk\fmcomms\src\AD9643" -I"E:\ZedBoard_Projects\FcommesSalar\zed\fmcomms1_zed.sdk\fmcomms\src\ADF4351" -I"E:\ZedBoard_Projects\FcommesSalar\zed\fmcomms1_zed.sdk\fmcomms\src\Common" -c -fmessage-length=0 -MT"src/AD9523/AD9523.o" -I../../fmcomms_bsp/ps7_cortexa9_0/include -MMD -MP -MF"src/AD9523/AD9523.d" -MT"src/AD9523/AD9523.d" -o "src/AD9523/AD9523.o" "../src/AD9523/AD9523.c"
'Finished building: ../src/AD9523/AD9523.c'
' '
'Building file: ../src/AD9122/AD9122.c'
'Invoking: ARM gcc compiler'
arm-xilinx-eabi-gcc -Wall -O0 -g3 -I"E:\ZedBoard_Projects\FcommesSalar\zed\fmcomms1_zed.sdk\fmcomms\src\AD8366" -I"E:\ZedBoard_Projects\FcommesSalar\zed\fmcomms1_zed.sdk\fmcomms\src\AD9122" -I"E:\ZedBoard_Projects\FcommesSalar\zed\fmcomms1_zed.sdk\fmcomms\src\AD9523" -I"E:\ZedBoard_Projects\FcommesSalar\zed\fmcomms1_zed.sdk\fmcomms\src\AD9548" -I"E:\ZedBoard_Projects\FcommesSalar\zed\fmcomms1_zed.sdk\fmcomms\src\AD9643" -I"E:\ZedBoard_Projects\FcommesSalar\zed\fmcomms1_zed.sdk\fmcomms\src\ADF4351" -I"E:\ZedBoard_Projects\FcommesSalar\zed\fmcomms1_zed.sdk\fmcomms\src\Common" -c -fmessage-length=0 -MT"src/AD9122/AD9122.o" -I../../fmcomms_bsp/ps7_cortexa9_0/include -MMD -MP -MF"src/AD9122/AD9122.d" -MT"src/AD9122/AD9122.d" -o "src/AD9122/AD9122.o" "../src/AD9122/AD9122.c"
'Finished building: ../src/AD9122/AD9122.c'
' '
'Building file: ../src/AD9122/cf_axi_dds.c'
'Invoking: ARM gcc compiler'
arm-xilinx-eabi-gcc -Wall -O0 -g3 -I"E:\ZedBoard_Projects\FcommesSalar\zed\fmcomms1_zed.sdk\fmcomms\src\AD8366" -I"E:\ZedBoard_Projects\FcommesSalar\zed\fmcomms1_zed.sdk\fmcomms\src\AD9122" -I"E:\ZedBoard_Projects\FcommesSalar\zed\fmcomms1_zed.sdk\fmcomms\src\AD9523" -I"E:\ZedBoard_Projects\FcommesSalar\zed\fmcomms1_zed.sdk\fmcomms\src\AD9548" -I"E:\ZedBoard_Projects\FcommesSalar\zed\fmcomms1_zed.sdk\fmcomms\src\AD9643" -I"E:\ZedBoard_Projects\FcommesSalar\zed\fmcomms1_zed.sdk\fmcomms\src\ADF4351" -I"E:\ZedBoard_Projects\FcommesSalar\zed\fmcomms1_zed.sdk\fmcomms\src\Common" -c -fmessage-length=0 -MT"src/AD9122/cf_axi_dds.o" -I../../fmcomms_bsp/ps7_cortexa9_0/include -MMD -MP -MF"src/AD9122/cf_axi_dds.d" -MT"src/AD9122/cf_axi_dds.d" -o "src/AD9122/cf_axi_dds.o" "../src/AD9122/cf_axi_dds.c"
../src/AD9122/cf_axi_dds.c: In function 'cf_axi_dds_of_probe':
../src/AD9122/cf_axi_dds.c:381:4: warning: implicit declaration of function 'xil_printf' [-Wimplicit-function-declaration]
    xil_printf("Error: DRP UNLOCKED\n");
    ^
'Finished building: ../src/AD9122/cf_axi_dds.c'
' '
'Building file: ../src/AD8366/AD8366.c'
'Invoking: ARM gcc compiler'
arm-xilinx-eabi-gcc -Wall -O0 -g3 -I"E:\ZedBoard_Projects\FcommesSalar\zed\fmcomms1_zed.sdk\fmcomms\src\AD8366" -I"E:\ZedBoard_Projects\FcommesSalar\zed\fmcomms1_zed.sdk\fmcomms\src\AD9122" -I"E:\ZedBoard_Projects\FcommesSalar\zed\fmcomms1_zed.sdk\fmcomms\src\AD9523" -I"E:\ZedBoard_Projects\FcommesSalar\zed\fmcomms1_zed.sdk\fmcomms\src\AD9548" -I"E:\ZedBoard_Projects\FcommesSalar\zed\fmcomms1_zed.sdk\fmcomms\src\AD9643" -I"E:\ZedBoard_Projects\FcommesSalar\zed\fmcomms1_zed.sdk\fmcomms\src\ADF4351" -I"E:\ZedBoard_Projects\FcommesSalar\zed\fmcomms1_zed.sdk\fmcomms\src\Common" -c -fmessage-length=0 -MT"src/AD8366/AD8366.o" -I../../fmcomms_bsp/ps7_cortexa9_0/include -MMD -MP -MF"src/AD8366/AD8366.d" -MT"src/AD8366/AD8366.d" -o "src/AD8366/AD8366.o" "../src/AD8366/AD8366.c"
'Finished building: ../src/AD8366/AD8366.c'
' '
'Building target: fmcomms.elf'
'Invoking: ARM gcc linker'
arm-xilinx-eabi-gcc -Wl,-T -Wl,../src/lscript.ld -L../../fmcomms_bsp/ps7_cortexa9_0/lib -o "fmcomms.elf"  ./src/Common/adc_core.o ./src/Common/dac_core.o ./src/Common/eeprom.o ./src/Common/i2c_axi.o ./src/Common/i2c_ps7.o ./src/Common/main.o ./src/Common/mmcm.o ./src/Common/spi_interface.o ./src/Common/test.o ./src/Common/xcomm.o  ./src/ADF4351/ADF4351.o  ./src/AD9643/AD9643.o  ./src/AD9548/AD9548.o  ./src/AD9523/AD9523.o  ./src/AD9122/AD9122.o ./src/AD9122/cf_axi_dds.o  ./src/AD8366/AD8366.o   -Wl,--start-group,-lxil,-lgcc,-lc,--end-group
'Finished building target: fmcomms.elf'
' '
'Invoking: ARM Print Size'
arm-xilinx-eabi-size fmcomms.elf  |tee "fmcomms.elf.size"
   text	   data	    bss	    dec	    hex	filename
  98204	   1768	  24328	 124300	  1e58c	fmcomms.elf
'Finished building: fmcomms.elf.size'
' '
15:13:46 **** Auto Build of configuration Debug for project fmcomms ****
make all 
make: Nothing to be done for `all'.
15:13:47 **** Clean-only build of configuration Debug for project fmcomms ****
make clean 
rm -rf  ./src/Common/adc_core.o ./src/Common/dac_core.o ./src/Common/eeprom.o ./src/Common/i2c_axi.o ./src/Common/i2c_ps7.o ./src/Common/main.o ./src/Common/mmcm.o ./src/Common/spi_interface.o ./src/Common/test.o ./src/Common/xcomm.o  ./src/ADF4351/ADF4351.o  ./src/AD9643/AD9643.o  ./src/AD9548/AD9548.o  ./src/AD9523/AD9523.o  ./src/AD9122/AD9122.o ./src/AD9122/cf_axi_dds.o  ./src/AD8366/AD8366.o  ./src/Common/adc_core.d ./src/Common/dac_core.d ./src/Common/eeprom.d ./src/Common/i2c_axi.d ./src/Common/i2c_ps7.d ./src/Common/main.d ./src/Common/mmcm.d ./src/Common/spi_interface.d ./src/Common/test.d ./src/Common/xcomm.d  ./src/ADF4351/ADF4351.d  ./src/AD9643/AD9643.d  ./src/AD9548/AD9548.d  ./src/AD9523/AD9523.d  ./src/AD9122/AD9122.d ./src/AD9122/cf_axi_dds.d  ./src/AD8366/AD8366.d  fmcomms.elf.size  fmcomms.elf
' '
15:13:48 **** Auto Build of configuration Debug for project fmcomms ****
make all 
'Building file: ../src/Common/adc_core.c'
'Invoking: ARM gcc compiler'
arm-xilinx-eabi-gcc -Wall -O0 -g3 -I"E:\ZedBoard_Projects\FcommesSalar\zed\fmcomms1_zed.sdk\fmcomms\src\AD8366" -I"E:\ZedBoard_Projects\FcommesSalar\zed\fmcomms1_zed.sdk\fmcomms\src\AD9122" -I"E:\ZedBoard_Projects\FcommesSalar\zed\fmcomms1_zed.sdk\fmcomms\src\AD9523" -I"E:\ZedBoard_Projects\FcommesSalar\zed\fmcomms1_zed.sdk\fmcomms\src\AD9548" -I"E:\ZedBoard_Projects\FcommesSalar\zed\fmcomms1_zed.sdk\fmcomms\src\AD9643" -I"E:\ZedBoard_Projects\FcommesSalar\zed\fmcomms1_zed.sdk\fmcomms\src\ADF4351" -I"E:\ZedBoard_Projects\FcommesSalar\zed\fmcomms1_zed.sdk\fmcomms\src\Common" -c -fmessage-length=0 -MT"src/Common/adc_core.o" -I../../fmcomms_bsp/ps7_cortexa9_0/include -MMD -MP -MF"src/Common/adc_core.d" -MT"src/Common/adc_core.d" -o "src/Common/adc_core.o" "../src/Common/adc_core.c"
'Finished building: ../src/Common/adc_core.c'
' '
'Building file: ../src/Common/dac_core.c'
'Invoking: ARM gcc compiler'
arm-xilinx-eabi-gcc -Wall -O0 -g3 -I"E:\ZedBoard_Projects\FcommesSalar\zed\fmcomms1_zed.sdk\fmcomms\src\AD8366" -I"E:\ZedBoard_Projects\FcommesSalar\zed\fmcomms1_zed.sdk\fmcomms\src\AD9122" -I"E:\ZedBoard_Projects\FcommesSalar\zed\fmcomms1_zed.sdk\fmcomms\src\AD9523" -I"E:\ZedBoard_Projects\FcommesSalar\zed\fmcomms1_zed.sdk\fmcomms\src\AD9548" -I"E:\ZedBoard_Projects\FcommesSalar\zed\fmcomms1_zed.sdk\fmcomms\src\AD9643" -I"E:\ZedBoard_Projects\FcommesSalar\zed\fmcomms1_zed.sdk\fmcomms\src\ADF4351" -I"E:\ZedBoard_Projects\FcommesSalar\zed\fmcomms1_zed.sdk\fmcomms\src\Common" -c -fmessage-length=0 -MT"src/Common/dac_core.o" -I../../fmcomms_bsp/ps7_cortexa9_0/include -MMD -MP -MF"src/Common/dac_core.d" -MT"src/Common/dac_core.d" -o "src/Common/dac_core.o" "../src/Common/dac_core.c"
'Finished building: ../src/Common/dac_core.c'
' '
'Building file: ../src/Common/eeprom.c'
'Invoking: ARM gcc compiler'
arm-xilinx-eabi-gcc -Wall -O0 -g3 -I"E:\ZedBoard_Projects\FcommesSalar\zed\fmcomms1_zed.sdk\fmcomms\src\AD8366" -I"E:\ZedBoard_Projects\FcommesSalar\zed\fmcomms1_zed.sdk\fmcomms\src\AD9122" -I"E:\ZedBoard_Projects\FcommesSalar\zed\fmcomms1_zed.sdk\fmcomms\src\AD9523" -I"E:\ZedBoard_Projects\FcommesSalar\zed\fmcomms1_zed.sdk\fmcomms\src\AD9548" -I"E:\ZedBoard_Projects\FcommesSalar\zed\fmcomms1_zed.sdk\fmcomms\src\AD9643" -I"E:\ZedBoard_Projects\FcommesSalar\zed\fmcomms1_zed.sdk\fmcomms\src\ADF4351" -I"E:\ZedBoard_Projects\FcommesSalar\zed\fmcomms1_zed.sdk\fmcomms\src\Common" -c -fmessage-length=0 -MT"src/Common/eeprom.o" -I../../fmcomms_bsp/ps7_cortexa9_0/include -MMD -MP -MF"src/Common/eeprom.d" -MT"src/Common/eeprom.d" -o "src/Common/eeprom.o" "../src/Common/eeprom.c"
'Finished building: ../src/Common/eeprom.c'
' '
'Building file: ../src/Common/i2c_axi.c'
'Invoking: ARM gcc compiler'
arm-xilinx-eabi-gcc -Wall -O0 -g3 -I"E:\ZedBoard_Projects\FcommesSalar\zed\fmcomms1_zed.sdk\fmcomms\src\AD8366" -I"E:\ZedBoard_Projects\FcommesSalar\zed\fmcomms1_zed.sdk\fmcomms\src\AD9122" -I"E:\ZedBoard_Projects\FcommesSalar\zed\fmcomms1_zed.sdk\fmcomms\src\AD9523" -I"E:\ZedBoard_Projects\FcommesSalar\zed\fmcomms1_zed.sdk\fmcomms\src\AD9548" -I"E:\ZedBoard_Projects\FcommesSalar\zed\fmcomms1_zed.sdk\fmcomms\src\AD9643" -I"E:\ZedBoard_Projects\FcommesSalar\zed\fmcomms1_zed.sdk\fmcomms\src\ADF4351" -I"E:\ZedBoard_Projects\FcommesSalar\zed\fmcomms1_zed.sdk\fmcomms\src\Common" -c -fmessage-length=0 -MT"src/Common/i2c_axi.o" -I../../fmcomms_bsp/ps7_cortexa9_0/include -MMD -MP -MF"src/Common/i2c_axi.d" -MT"src/Common/i2c_axi.d" -o "src/Common/i2c_axi.o" "../src/Common/i2c_axi.c"
'Finished building: ../src/Common/i2c_axi.c'
' '
'Building file: ../src/Common/i2c_ps7.c'
'Invoking: ARM gcc compiler'
arm-xilinx-eabi-gcc -Wall -O0 -g3 -I"E:\ZedBoard_Projects\FcommesSalar\zed\fmcomms1_zed.sdk\fmcomms\src\AD8366" -I"E:\ZedBoard_Projects\FcommesSalar\zed\fmcomms1_zed.sdk\fmcomms\src\AD9122" -I"E:\ZedBoard_Projects\FcommesSalar\zed\fmcomms1_zed.sdk\fmcomms\src\AD9523" -I"E:\ZedBoard_Projects\FcommesSalar\zed\fmcomms1_zed.sdk\fmcomms\src\AD9548" -I"E:\ZedBoard_Projects\FcommesSalar\zed\fmcomms1_zed.sdk\fmcomms\src\AD9643" -I"E:\ZedBoard_Projects\FcommesSalar\zed\fmcomms1_zed.sdk\fmcomms\src\ADF4351" -I"E:\ZedBoard_Projects\FcommesSalar\zed\fmcomms1_zed.sdk\fmcomms\src\Common" -c -fmessage-length=0 -MT"src/Common/i2c_ps7.o" -I../../fmcomms_bsp/ps7_cortexa9_0/include -MMD -MP -MF"src/Common/i2c_ps7.d" -MT"src/Common/i2c_ps7.d" -o "src/Common/i2c_ps7.o" "../src/Common/i2c_ps7.c"
'Finished building: ../src/Common/i2c_ps7.c'
' '
'Building file: ../src/Common/main.c'
'Invoking: ARM gcc compiler'
arm-xilinx-eabi-gcc -Wall -O0 -g3 -I"E:\ZedBoard_Projects\FcommesSalar\zed\fmcomms1_zed.sdk\fmcomms\src\AD8366" -I"E:\ZedBoard_Projects\FcommesSalar\zed\fmcomms1_zed.sdk\fmcomms\src\AD9122" -I"E:\ZedBoard_Projects\FcommesSalar\zed\fmcomms1_zed.sdk\fmcomms\src\AD9523" -I"E:\ZedBoard_Projects\FcommesSalar\zed\fmcomms1_zed.sdk\fmcomms\src\AD9548" -I"E:\ZedBoard_Projects\FcommesSalar\zed\fmcomms1_zed.sdk\fmcomms\src\AD9643" -I"E:\ZedBoard_Projects\FcommesSalar\zed\fmcomms1_zed.sdk\fmcomms\src\ADF4351" -I"E:\ZedBoard_Projects\FcommesSalar\zed\fmcomms1_zed.sdk\fmcomms\src\Common" -c -fmessage-length=0 -MT"src/Common/main.o" -I../../fmcomms_bsp/ps7_cortexa9_0/include -MMD -MP -MF"src/Common/main.d" -MT"src/Common/main.d" -o "src/Common/main.o" "../src/Common/main.c"
'Finished building: ../src/Common/main.c'
' '
'Building file: ../src/Common/mmcm.c'
'Invoking: ARM gcc compiler'
arm-xilinx-eabi-gcc -Wall -O0 -g3 -I"E:\ZedBoard_Projects\FcommesSalar\zed\fmcomms1_zed.sdk\fmcomms\src\AD8366" -I"E:\ZedBoard_Projects\FcommesSalar\zed\fmcomms1_zed.sdk\fmcomms\src\AD9122" -I"E:\ZedBoard_Projects\FcommesSalar\zed\fmcomms1_zed.sdk\fmcomms\src\AD9523" -I"E:\ZedBoard_Projects\FcommesSalar\zed\fmcomms1_zed.sdk\fmcomms\src\AD9548" -I"E:\ZedBoard_Projects\FcommesSalar\zed\fmcomms1_zed.sdk\fmcomms\src\AD9643" -I"E:\ZedBoard_Projects\FcommesSalar\zed\fmcomms1_zed.sdk\fmcomms\src\ADF4351" -I"E:\ZedBoard_Projects\FcommesSalar\zed\fmcomms1_zed.sdk\fmcomms\src\Common" -c -fmessage-length=0 -MT"src/Common/mmcm.o" -I../../fmcomms_bsp/ps7_cortexa9_0/include -MMD -MP -MF"src/Common/mmcm.d" -MT"src/Common/mmcm.d" -o "src/Common/mmcm.o" "../src/Common/mmcm.c"
'Finished building: ../src/Common/mmcm.c'
' '
'Building file: ../src/Common/spi_interface.c'
'Invoking: ARM gcc compiler'
arm-xilinx-eabi-gcc -Wall -O0 -g3 -I"E:\ZedBoard_Projects\FcommesSalar\zed\fmcomms1_zed.sdk\fmcomms\src\AD8366" -I"E:\ZedBoard_Projects\FcommesSalar\zed\fmcomms1_zed.sdk\fmcomms\src\AD9122" -I"E:\ZedBoard_Projects\FcommesSalar\zed\fmcomms1_zed.sdk\fmcomms\src\AD9523" -I"E:\ZedBoard_Projects\FcommesSalar\zed\fmcomms1_zed.sdk\fmcomms\src\AD9548" -I"E:\ZedBoard_Projects\FcommesSalar\zed\fmcomms1_zed.sdk\fmcomms\src\AD9643" -I"E:\ZedBoard_Projects\FcommesSalar\zed\fmcomms1_zed.sdk\fmcomms\src\ADF4351" -I"E:\ZedBoard_Projects\FcommesSalar\zed\fmcomms1_zed.sdk\fmcomms\src\Common" -c -fmessage-length=0 -MT"src/Common/spi_interface.o" -I../../fmcomms_bsp/ps7_cortexa9_0/include -MMD -MP -MF"src/Common/spi_interface.d" -MT"src/Common/spi_interface.d" -o "src/Common/spi_interface.o" "../src/Common/spi_interface.c"
'Finished building: ../src/Common/spi_interface.c'
' '
'Building file: ../src/Common/test.c'
'Invoking: ARM gcc compiler'
arm-xilinx-eabi-gcc -Wall -O0 -g3 -I"E:\ZedBoard_Projects\FcommesSalar\zed\fmcomms1_zed.sdk\fmcomms\src\AD8366" -I"E:\ZedBoard_Projects\FcommesSalar\zed\fmcomms1_zed.sdk\fmcomms\src\AD9122" -I"E:\ZedBoard_Projects\FcommesSalar\zed\fmcomms1_zed.sdk\fmcomms\src\AD9523" -I"E:\ZedBoard_Projects\FcommesSalar\zed\fmcomms1_zed.sdk\fmcomms\src\AD9548" -I"E:\ZedBoard_Projects\FcommesSalar\zed\fmcomms1_zed.sdk\fmcomms\src\AD9643" -I"E:\ZedBoard_Projects\FcommesSalar\zed\fmcomms1_zed.sdk\fmcomms\src\ADF4351" -I"E:\ZedBoard_Projects\FcommesSalar\zed\fmcomms1_zed.sdk\fmcomms\src\Common" -c -fmessage-length=0 -MT"src/Common/test.o" -I../../fmcomms_bsp/ps7_cortexa9_0/include -MMD -MP -MF"src/Common/test.d" -MT"src/Common/test.d" -o "src/Common/test.o" "../src/Common/test.c"
'Finished building: ../src/Common/test.c'
' '
'Building file: ../src/Common/xcomm.c'
'Invoking: ARM gcc compiler'
arm-xilinx-eabi-gcc -Wall -O0 -g3 -I"E:\ZedBoard_Projects\FcommesSalar\zed\fmcomms1_zed.sdk\fmcomms\src\AD8366" -I"E:\ZedBoard_Projects\FcommesSalar\zed\fmcomms1_zed.sdk\fmcomms\src\AD9122" -I"E:\ZedBoard_Projects\FcommesSalar\zed\fmcomms1_zed.sdk\fmcomms\src\AD9523" -I"E:\ZedBoard_Projects\FcommesSalar\zed\fmcomms1_zed.sdk\fmcomms\src\AD9548" -I"E:\ZedBoard_Projects\FcommesSalar\zed\fmcomms1_zed.sdk\fmcomms\src\AD9643" -I"E:\ZedBoard_Projects\FcommesSalar\zed\fmcomms1_zed.sdk\fmcomms\src\ADF4351" -I"E:\ZedBoard_Projects\FcommesSalar\zed\fmcomms1_zed.sdk\fmcomms\src\Common" -c -fmessage-length=0 -MT"src/Common/xcomm.o" -I../../fmcomms_bsp/ps7_cortexa9_0/include -MMD -MP -MF"src/Common/xcomm.d" -MT"src/Common/xcomm.d" -o "src/Common/xcomm.o" "../src/Common/xcomm.c"
In file included from ../src/Common/xcomm.c:57:0:
../src/Common/dac_core.h:154:0: warning: "ADI_REG_CHAN_CNTRL_3" redefined
 #define ADI_REG_CHAN_CNTRL_3(c) (0x0408 + (c) * 0x40)
 ^
In file included from ../src/Common/xcomm.c:56:0:
../src/Common/adc_core.h:83:0: note: this is the location of the previous definition
 #define ADI_REG_CHAN_CNTRL_3(c) (0x0418 + (c) * 0x40) /* v8.0 */
 ^
'Finished building: ../src/Common/xcomm.c'
' '
'Building file: ../src/ADF4351/ADF4351.c'
'Invoking: ARM gcc compiler'
arm-xilinx-eabi-gcc -Wall -O0 -g3 -I"E:\ZedBoard_Projects\FcommesSalar\zed\fmcomms1_zed.sdk\fmcomms\src\AD8366" -I"E:\ZedBoard_Projects\FcommesSalar\zed\fmcomms1_zed.sdk\fmcomms\src\AD9122" -I"E:\ZedBoard_Projects\FcommesSalar\zed\fmcomms1_zed.sdk\fmcomms\src\AD9523" -I"E:\ZedBoard_Projects\FcommesSalar\zed\fmcomms1_zed.sdk\fmcomms\src\AD9548" -I"E:\ZedBoard_Projects\FcommesSalar\zed\fmcomms1_zed.sdk\fmcomms\src\AD9643" -I"E:\ZedBoard_Projects\FcommesSalar\zed\fmcomms1_zed.sdk\fmcomms\src\ADF4351" -I"E:\ZedBoard_Projects\FcommesSalar\zed\fmcomms1_zed.sdk\fmcomms\src\Common" -c -fmessage-length=0 -MT"src/ADF4351/ADF4351.o" -I../../fmcomms_bsp/ps7_cortexa9_0/include -MMD -MP -MF"src/ADF4351/ADF4351.d" -MT"src/ADF4351/ADF4351.d" -o "src/ADF4351/ADF4351.o" "../src/ADF4351/ADF4351.c"
'Finished building: ../src/ADF4351/ADF4351.c'
' '
'Building file: ../src/AD9643/AD9643.c'
'Invoking: ARM gcc compiler'
arm-xilinx-eabi-gcc -Wall -O0 -g3 -I"E:\ZedBoard_Projects\FcommesSalar\zed\fmcomms1_zed.sdk\fmcomms\src\AD8366" -I"E:\ZedBoard_Projects\FcommesSalar\zed\fmcomms1_zed.sdk\fmcomms\src\AD9122" -I"E:\ZedBoard_Projects\FcommesSalar\zed\fmcomms1_zed.sdk\fmcomms\src\AD9523" -I"E:\ZedBoard_Projects\FcommesSalar\zed\fmcomms1_zed.sdk\fmcomms\src\AD9548" -I"E:\ZedBoard_Projects\FcommesSalar\zed\fmcomms1_zed.sdk\fmcomms\src\AD9643" -I"E:\ZedBoard_Projects\FcommesSalar\zed\fmcomms1_zed.sdk\fmcomms\src\ADF4351" -I"E:\ZedBoard_Projects\FcommesSalar\zed\fmcomms1_zed.sdk\fmcomms\src\Common" -c -fmessage-length=0 -MT"src/AD9643/AD9643.o" -I../../fmcomms_bsp/ps7_cortexa9_0/include -MMD -MP -MF"src/AD9643/AD9643.d" -MT"src/AD9643/AD9643.d" -o "src/AD9643/AD9643.o" "../src/AD9643/AD9643.c"
'Finished building: ../src/AD9643/AD9643.c'
' '
'Building file: ../src/AD9548/AD9548.c'
'Invoking: ARM gcc compiler'
arm-xilinx-eabi-gcc -Wall -O0 -g3 -I"E:\ZedBoard_Projects\FcommesSalar\zed\fmcomms1_zed.sdk\fmcomms\src\AD8366" -I"E:\ZedBoard_Projects\FcommesSalar\zed\fmcomms1_zed.sdk\fmcomms\src\AD9122" -I"E:\ZedBoard_Projects\FcommesSalar\zed\fmcomms1_zed.sdk\fmcomms\src\AD9523" -I"E:\ZedBoard_Projects\FcommesSalar\zed\fmcomms1_zed.sdk\fmcomms\src\AD9548" -I"E:\ZedBoard_Projects\FcommesSalar\zed\fmcomms1_zed.sdk\fmcomms\src\AD9643" -I"E:\ZedBoard_Projects\FcommesSalar\zed\fmcomms1_zed.sdk\fmcomms\src\ADF4351" -I"E:\ZedBoard_Projects\FcommesSalar\zed\fmcomms1_zed.sdk\fmcomms\src\Common" -c -fmessage-length=0 -MT"src/AD9548/AD9548.o" -I../../fmcomms_bsp/ps7_cortexa9_0/include -MMD -MP -MF"src/AD9548/AD9548.d" -MT"src/AD9548/AD9548.d" -o "src/AD9548/AD9548.o" "../src/AD9548/AD9548.c"
'Finished building: ../src/AD9548/AD9548.c'
' '
'Building file: ../src/AD9523/AD9523.c'
'Invoking: ARM gcc compiler'
arm-xilinx-eabi-gcc -Wall -O0 -g3 -I"E:\ZedBoard_Projects\FcommesSalar\zed\fmcomms1_zed.sdk\fmcomms\src\AD8366" -I"E:\ZedBoard_Projects\FcommesSalar\zed\fmcomms1_zed.sdk\fmcomms\src\AD9122" -I"E:\ZedBoard_Projects\FcommesSalar\zed\fmcomms1_zed.sdk\fmcomms\src\AD9523" -I"E:\ZedBoard_Projects\FcommesSalar\zed\fmcomms1_zed.sdk\fmcomms\src\AD9548" -I"E:\ZedBoard_Projects\FcommesSalar\zed\fmcomms1_zed.sdk\fmcomms\src\AD9643" -I"E:\ZedBoard_Projects\FcommesSalar\zed\fmcomms1_zed.sdk\fmcomms\src\ADF4351" -I"E:\ZedBoard_Projects\FcommesSalar\zed\fmcomms1_zed.sdk\fmcomms\src\Common" -c -fmessage-length=0 -MT"src/AD9523/AD9523.o" -I../../fmcomms_bsp/ps7_cortexa9_0/include -MMD -MP -MF"src/AD9523/AD9523.d" -MT"src/AD9523/AD9523.d" -o "src/AD9523/AD9523.o" "../src/AD9523/AD9523.c"
'Finished building: ../src/AD9523/AD9523.c'
' '
'Building file: ../src/AD9122/AD9122.c'
'Invoking: ARM gcc compiler'
arm-xilinx-eabi-gcc -Wall -O0 -g3 -I"E:\ZedBoard_Projects\FcommesSalar\zed\fmcomms1_zed.sdk\fmcomms\src\AD8366" -I"E:\ZedBoard_Projects\FcommesSalar\zed\fmcomms1_zed.sdk\fmcomms\src\AD9122" -I"E:\ZedBoard_Projects\FcommesSalar\zed\fmcomms1_zed.sdk\fmcomms\src\AD9523" -I"E:\ZedBoard_Projects\FcommesSalar\zed\fmcomms1_zed.sdk\fmcomms\src\AD9548" -I"E:\ZedBoard_Projects\FcommesSalar\zed\fmcomms1_zed.sdk\fmcomms\src\AD9643" -I"E:\ZedBoard_Projects\FcommesSalar\zed\fmcomms1_zed.sdk\fmcomms\src\ADF4351" -I"E:\ZedBoard_Projects\FcommesSalar\zed\fmcomms1_zed.sdk\fmcomms\src\Common" -c -fmessage-length=0 -MT"src/AD9122/AD9122.o" -I../../fmcomms_bsp/ps7_cortexa9_0/include -MMD -MP -MF"src/AD9122/AD9122.d" -MT"src/AD9122/AD9122.d" -o "src/AD9122/AD9122.o" "../src/AD9122/AD9122.c"
'Finished building: ../src/AD9122/AD9122.c'
' '
'Building file: ../src/AD9122/cf_axi_dds.c'
'Invoking: ARM gcc compiler'
arm-xilinx-eabi-gcc -Wall -O0 -g3 -I"E:\ZedBoard_Projects\FcommesSalar\zed\fmcomms1_zed.sdk\fmcomms\src\AD8366" -I"E:\ZedBoard_Projects\FcommesSalar\zed\fmcomms1_zed.sdk\fmcomms\src\AD9122" -I"E:\ZedBoard_Projects\FcommesSalar\zed\fmcomms1_zed.sdk\fmcomms\src\AD9523" -I"E:\ZedBoard_Projects\FcommesSalar\zed\fmcomms1_zed.sdk\fmcomms\src\AD9548" -I"E:\ZedBoard_Projects\FcommesSalar\zed\fmcomms1_zed.sdk\fmcomms\src\AD9643" -I"E:\ZedBoard_Projects\FcommesSalar\zed\fmcomms1_zed.sdk\fmcomms\src\ADF4351" -I"E:\ZedBoard_Projects\FcommesSalar\zed\fmcomms1_zed.sdk\fmcomms\src\Common" -c -fmessage-length=0 -MT"src/AD9122/cf_axi_dds.o" -I../../fmcomms_bsp/ps7_cortexa9_0/include -MMD -MP -MF"src/AD9122/cf_axi_dds.d" -MT"src/AD9122/cf_axi_dds.d" -o "src/AD9122/cf_axi_dds.o" "../src/AD9122/cf_axi_dds.c"
../src/AD9122/cf_axi_dds.c: In function 'cf_axi_dds_of_probe':
../src/AD9122/cf_axi_dds.c:381:4: warning: implicit declaration of function 'xil_printf' [-Wimplicit-function-declaration]
    xil_printf("Error: DRP UNLOCKED\n");
    ^
'Finished building: ../src/AD9122/cf_axi_dds.c'
' '
'Building file: ../src/AD8366/AD8366.c'
'Invoking: ARM gcc compiler'
arm-xilinx-eabi-gcc -Wall -O0 -g3 -I"E:\ZedBoard_Projects\FcommesSalar\zed\fmcomms1_zed.sdk\fmcomms\src\AD8366" -I"E:\ZedBoard_Projects\FcommesSalar\zed\fmcomms1_zed.sdk\fmcomms\src\AD9122" -I"E:\ZedBoard_Projects\FcommesSalar\zed\fmcomms1_zed.sdk\fmcomms\src\AD9523" -I"E:\ZedBoard_Projects\FcommesSalar\zed\fmcomms1_zed.sdk\fmcomms\src\AD9548" -I"E:\ZedBoard_Projects\FcommesSalar\zed\fmcomms1_zed.sdk\fmcomms\src\AD9643" -I"E:\ZedBoard_Projects\FcommesSalar\zed\fmcomms1_zed.sdk\fmcomms\src\ADF4351" -I"E:\ZedBoard_Projects\FcommesSalar\zed\fmcomms1_zed.sdk\fmcomms\src\Common" -c -fmessage-length=0 -MT"src/AD8366/AD8366.o" -I../../fmcomms_bsp/ps7_cortexa9_0/include -MMD -MP -MF"src/AD8366/AD8366.d" -MT"src/AD8366/AD8366.d" -o "src/AD8366/AD8366.o" "../src/AD8366/AD8366.c"
'Finished building: ../src/AD8366/AD8366.c'
' '
'Building target: fmcomms.elf'
'Invoking: ARM gcc linker'
arm-xilinx-eabi-gcc -Wl,-T -Wl,../src/lscript.ld -L../../fmcomms_bsp/ps7_cortexa9_0/lib -o "fmcomms.elf"  ./src/Common/adc_core.o ./src/Common/dac_core.o ./src/Common/eeprom.o ./src/Common/i2c_axi.o ./src/Common/i2c_ps7.o ./src/Common/main.o ./src/Common/mmcm.o ./src/Common/spi_interface.o ./src/Common/test.o ./src/Common/xcomm.o  ./src/ADF4351/ADF4351.o  ./src/AD9643/AD9643.o  ./src/AD9548/AD9548.o  ./src/AD9523/AD9523.o  ./src/AD9122/AD9122.o ./src/AD9122/cf_axi_dds.o  ./src/AD8366/AD8366.o   -Wl,--start-group,-lxil,-lgcc,-lc,--end-group
'Finished building target: fmcomms.elf'
' '
'Invoking: ARM Print Size'
arm-xilinx-eabi-size fmcomms.elf  |tee "fmcomms.elf.size"
   text	   data	    bss	    dec	    hex	filename
  98204	   1768	  24328	 124300	  1e58c	fmcomms.elf
'Finished building: fmcomms.elf.size'
' '
15:14:20 **** Auto Build of configuration Debug for project fmcomms ****
make all 
'Building file: ../src/Common/main.c'
'Invoking: ARM gcc compiler'
arm-xilinx-eabi-gcc -Wall -O0 -g3 -I"E:\ZedBoard_Projects\FcommesSalar\zed\fmcomms1_zed.sdk\fmcomms\src\AD8366" -I"E:\ZedBoard_Projects\FcommesSalar\zed\fmcomms1_zed.sdk\fmcomms\src\AD9122" -I"E:\ZedBoard_Projects\FcommesSalar\zed\fmcomms1_zed.sdk\fmcomms\src\AD9523" -I"E:\ZedBoard_Projects\FcommesSalar\zed\fmcomms1_zed.sdk\fmcomms\src\AD9548" -I"E:\ZedBoard_Projects\FcommesSalar\zed\fmcomms1_zed.sdk\fmcomms\src\AD9643" -I"E:\ZedBoard_Projects\FcommesSalar\zed\fmcomms1_zed.sdk\fmcomms\src\ADF4351" -I"E:\ZedBoard_Projects\FcommesSalar\zed\fmcomms1_zed.sdk\fmcomms\src\Common" -c -fmessage-length=0 -MT"src/Common/main.o" -I../../fmcomms_bsp/ps7_cortexa9_0/include -MMD -MP -MF"src/Common/main.d" -MT"src/Common/main.d" -o "src/Common/main.o" "../src/Common/main.c"
'Finished building: ../src/Common/main.c'
' '
'Building target: fmcomms.elf'
'Invoking: ARM gcc linker'
arm-xilinx-eabi-gcc -Wl,-T -Wl,../src/lscript.ld -L../../fmcomms_bsp/ps7_cortexa9_0/lib -o "fmcomms.elf"  ./src/Common/adc_core.o ./src/Common/dac_core.o ./src/Common/eeprom.o ./src/Common/i2c_axi.o ./src/Common/i2c_ps7.o ./src/Common/main.o ./src/Common/mmcm.o ./src/Common/spi_interface.o ./src/Common/test.o ./src/Common/xcomm.o  ./src/ADF4351/ADF4351.o  ./src/AD9643/AD9643.o  ./src/AD9548/AD9548.o  ./src/AD9523/AD9523.o  ./src/AD9122/AD9122.o ./src/AD9122/cf_axi_dds.o  ./src/AD8366/AD8366.o   -Wl,--start-group,-lxil,-lgcc,-lc,--end-group
'Finished building target: fmcomms.elf'
' '
'Invoking: ARM Print Size'
arm-xilinx-eabi-size fmcomms.elf  |tee "fmcomms.elf.size"
   text	   data	    bss	    dec	    hex	filename
  98212	   1768	  24328	 124308	  1e594	fmcomms.elf
'Finished building: fmcomms.elf.size'
' '
15:15:03 **** Incremental Build of configuration Debug for project fmcomms ****
make all 
make: Nothing to be done for `all'.
15:15:22 **** Incremental Build of configuration Debug for project fmcomms ****
make all 
make: Nothing to be done for `all'.
15:15:43 **** Incremental Build of configuration Debug for project fmcomms ****
make all 
make: Nothing to be done for `all'.
17:24:40 **** Auto Build of configuration Debug for project fmcomms ****
make all 
'Building file: ../src/Common/main.c'
'Invoking: ARM gcc compiler'
arm-xilinx-eabi-gcc -Wall -O0 -g3 -I"E:\ZedBoard_Projects\FcommesSalar\zed\fmcomms1_zed.sdk\fmcomms\src\AD8366" -I"E:\ZedBoard_Projects\FcommesSalar\zed\fmcomms1_zed.sdk\fmcomms\src\AD9122" -I"E:\ZedBoard_Projects\FcommesSalar\zed\fmcomms1_zed.sdk\fmcomms\src\AD9523" -I"E:\ZedBoard_Projects\FcommesSalar\zed\fmcomms1_zed.sdk\fmcomms\src\AD9548" -I"E:\ZedBoard_Projects\FcommesSalar\zed\fmcomms1_zed.sdk\fmcomms\src\AD9643" -I"E:\ZedBoard_Projects\FcommesSalar\zed\fmcomms1_zed.sdk\fmcomms\src\ADF4351" -I"E:\ZedBoard_Projects\FcommesSalar\zed\fmcomms1_zed.sdk\fmcomms\src\Common" -c -fmessage-length=0 -MT"src/Common/main.o" -I../../fmcomms_bsp/ps7_cortexa9_0/include -MMD -MP -MF"src/Common/main.d" -MT"src/Common/main.d" -o "src/Common/main.o" "../src/Common/main.c"
'Finished building: ../src/Common/main.c'
' '
'Building target: fmcomms.elf'
'Invoking: ARM gcc linker'
arm-xilinx-eabi-gcc -Wl,-T -Wl,../src/lscript.ld -L../../fmcomms_bsp/ps7_cortexa9_0/lib -o "fmcomms.elf"  ./src/Common/adc_core.o ./src/Common/dac_core.o ./src/Common/eeprom.o ./src/Common/i2c_axi.o ./src/Common/i2c_ps7.o ./src/Common/main.o ./src/Common/mmcm.o ./src/Common/spi_interface.o ./src/Common/test.o ./src/Common/xcomm.o  ./src/ADF4351/ADF4351.o  ./src/AD9643/AD9643.o  ./src/AD9548/AD9548.o  ./src/AD9523/AD9523.o  ./src/AD9122/AD9122.o ./src/AD9122/cf_axi_dds.o  ./src/AD8366/AD8366.o   -Wl,--start-group,-lxil,-lgcc,-lc,--end-group
'Finished building target: fmcomms.elf'
' '
'Invoking: ARM Print Size'
arm-xilinx-eabi-size fmcomms.elf  |tee "fmcomms.elf.size"
   text	   data	    bss	    dec	    hex	filename
  98212	   1768	  24328	 124308	  1e594	fmcomms.elf
'Finished building: fmcomms.elf.size'
' '
17:24:55 **** Incremental Build of configuration Debug for project fmcomms ****
make all 
make: Nothing to be done for `all'.
17:25:03 **** Auto Build of configuration Debug for project fmcomms ****
make all 
'Building file: ../src/Common/main.c'
'Invoking: ARM gcc compiler'
arm-xilinx-eabi-gcc -Wall -O0 -g3 -I"E:\ZedBoard_Projects\FcommesSalar\zed\fmcomms1_zed.sdk\fmcomms\src\AD8366" -I"E:\ZedBoard_Projects\FcommesSalar\zed\fmcomms1_zed.sdk\fmcomms\src\AD9122" -I"E:\ZedBoard_Projects\FcommesSalar\zed\fmcomms1_zed.sdk\fmcomms\src\AD9523" -I"E:\ZedBoard_Projects\FcommesSalar\zed\fmcomms1_zed.sdk\fmcomms\src\AD9548" -I"E:\ZedBoard_Projects\FcommesSalar\zed\fmcomms1_zed.sdk\fmcomms\src\AD9643" -I"E:\ZedBoard_Projects\FcommesSalar\zed\fmcomms1_zed.sdk\fmcomms\src\ADF4351" -I"E:\ZedBoard_Projects\FcommesSalar\zed\fmcomms1_zed.sdk\fmcomms\src\Common" -c -fmessage-length=0 -MT"src/Common/main.o" -I../../fmcomms_bsp/ps7_cortexa9_0/include -MMD -MP -MF"src/Common/main.d" -MT"src/Common/main.d" -o "src/Common/main.o" "../src/Common/main.c"
'Finished building: ../src/Common/main.c'
' '
'Building target: fmcomms.elf'
'Invoking: ARM gcc linker'
arm-xilinx-eabi-gcc -Wl,-T -Wl,../src/lscript.ld -L../../fmcomms_bsp/ps7_cortexa9_0/lib -o "fmcomms.elf"  ./src/Common/adc_core.o ./src/Common/dac_core.o ./src/Common/eeprom.o ./src/Common/i2c_axi.o ./src/Common/i2c_ps7.o ./src/Common/main.o ./src/Common/mmcm.o ./src/Common/spi_interface.o ./src/Common/test.o ./src/Common/xcomm.o  ./src/ADF4351/ADF4351.o  ./src/AD9643/AD9643.o  ./src/AD9548/AD9548.o  ./src/AD9523/AD9523.o  ./src/AD9122/AD9122.o ./src/AD9122/cf_axi_dds.o  ./src/AD8366/AD8366.o   -Wl,--start-group,-lxil,-lgcc,-lc,--end-group
'Finished building target: fmcomms.elf'
' '
'Invoking: ARM Print Size'
arm-xilinx-eabi-size fmcomms.elf  |tee "fmcomms.elf.size"
   text	   data	    bss	    dec	    hex	filename
  98212	   1768	  24328	 124308	  1e594	fmcomms.elf
'Finished building: fmcomms.elf.size'
' '
17:25:07 **** Incremental Build of configuration Debug for project fmcomms ****
make all 
make: Nothing to be done for `all'.
17:25:38 **** Incremental Build of configuration Debug for project fmcomms ****
make all 
make: Nothing to be done for `all'.
17:26:11 **** Incremental Build of configuration Debug for project fmcomms ****
make all 
make: Nothing to be done for `all'.
17:26:33 **** Incremental Build of configuration Debug for project fmcomms ****
make all 
make: Nothing to be done for `all'.
17:27:39 **** Incremental Build of configuration Debug for project fmcomms ****
make all 
make: Nothing to be done for `all'.
17:27:58 **** Incremental Build of configuration Debug for project fmcomms ****
make all 
make: Nothing to be done for `all'.
17:28:19 **** Incremental Build of configuration Debug for project fmcomms ****
make all 
make: Nothing to be done for `all'.
17:30:02 **** Auto Build of configuration Debug for project fmcomms ****
make all 
'Building file: ../src/Common/main.c'
'Invoking: ARM gcc compiler'
arm-xilinx-eabi-gcc -Wall -O0 -g3 -I"E:\ZedBoard_Projects\FcommesSalar\zed\fmcomms1_zed.sdk\fmcomms\src\AD8366" -I"E:\ZedBoard_Projects\FcommesSalar\zed\fmcomms1_zed.sdk\fmcomms\src\AD9122" -I"E:\ZedBoard_Projects\FcommesSalar\zed\fmcomms1_zed.sdk\fmcomms\src\AD9523" -I"E:\ZedBoard_Projects\FcommesSalar\zed\fmcomms1_zed.sdk\fmcomms\src\AD9548" -I"E:\ZedBoard_Projects\FcommesSalar\zed\fmcomms1_zed.sdk\fmcomms\src\AD9643" -I"E:\ZedBoard_Projects\FcommesSalar\zed\fmcomms1_zed.sdk\fmcomms\src\ADF4351" -I"E:\ZedBoard_Projects\FcommesSalar\zed\fmcomms1_zed.sdk\fmcomms\src\Common" -c -fmessage-length=0 -MT"src/Common/main.o" -I../../fmcomms_bsp/ps7_cortexa9_0/include -MMD -MP -MF"src/Common/main.d" -MT"src/Common/main.d" -o "src/Common/main.o" "../src/Common/main.c"
'Finished building: ../src/Common/main.c'
' '
'Building target: fmcomms.elf'
'Invoking: ARM gcc linker'
arm-xilinx-eabi-gcc -Wl,-T -Wl,../src/lscript.ld -L../../fmcomms_bsp/ps7_cortexa9_0/lib -o "fmcomms.elf"  ./src/Common/adc_core.o ./src/Common/dac_core.o ./src/Common/eeprom.o ./src/Common/i2c_axi.o ./src/Common/i2c_ps7.o ./src/Common/main.o ./src/Common/mmcm.o ./src/Common/spi_interface.o ./src/Common/test.o ./src/Common/xcomm.o  ./src/ADF4351/ADF4351.o  ./src/AD9643/AD9643.o  ./src/AD9548/AD9548.o  ./src/AD9523/AD9523.o  ./src/AD9122/AD9122.o ./src/AD9122/cf_axi_dds.o  ./src/AD8366/AD8366.o   -Wl,--start-group,-lxil,-lgcc,-lc,--end-group
'Finished building target: fmcomms.elf'
' '
'Invoking: ARM Print Size'
arm-xilinx-eabi-size fmcomms.elf  |tee "fmcomms.elf.size"
   text	   data	    bss	    dec	    hex	filename
  98212	   1768	  24328	 124308	  1e594	fmcomms.elf
'Finished building: fmcomms.elf.size'
' '
17:30:04 **** Incremental Build of configuration Debug for project fmcomms ****
make all 
make: Nothing to be done for `all'.
17:31:51 **** Incremental Build of configuration Debug for project fmcomms ****
make all 
make: Nothing to be done for `all'.
17:39:17 **** Auto Build of configuration Debug for project fmcomms ****
make all 
'Building file: ../src/Common/main.c'
'Invoking: ARM gcc compiler'
arm-xilinx-eabi-gcc -Wall -O0 -g3 -I"E:\ZedBoard_Projects\FcommesSalar\zed\fmcomms1_zed.sdk\fmcomms\src\AD8366" -I"E:\ZedBoard_Projects\FcommesSalar\zed\fmcomms1_zed.sdk\fmcomms\src\AD9122" -I"E:\ZedBoard_Projects\FcommesSalar\zed\fmcomms1_zed.sdk\fmcomms\src\AD9523" -I"E:\ZedBoard_Projects\FcommesSalar\zed\fmcomms1_zed.sdk\fmcomms\src\AD9548" -I"E:\ZedBoard_Projects\FcommesSalar\zed\fmcomms1_zed.sdk\fmcomms\src\AD9643" -I"E:\ZedBoard_Projects\FcommesSalar\zed\fmcomms1_zed.sdk\fmcomms\src\ADF4351" -I"E:\ZedBoard_Projects\FcommesSalar\zed\fmcomms1_zed.sdk\fmcomms\src\Common" -c -fmessage-length=0 -MT"src/Common/main.o" -I../../fmcomms_bsp/ps7_cortexa9_0/include -MMD -MP -MF"src/Common/main.d" -MT"src/Common/main.d" -o "src/Common/main.o" "../src/Common/main.c"
'Finished building: ../src/Common/main.c'
' '
'Building target: fmcomms.elf'
'Invoking: ARM gcc linker'
arm-xilinx-eabi-gcc -Wl,-T -Wl,../src/lscript.ld -L../../fmcomms_bsp/ps7_cortexa9_0/lib -o "fmcomms.elf"  ./src/Common/adc_core.o ./src/Common/dac_core.o ./src/Common/eeprom.o ./src/Common/i2c_axi.o ./src/Common/i2c_ps7.o ./src/Common/main.o ./src/Common/mmcm.o ./src/Common/spi_interface.o ./src/Common/test.o ./src/Common/xcomm.o  ./src/ADF4351/ADF4351.o  ./src/AD9643/AD9643.o  ./src/AD9548/AD9548.o  ./src/AD9523/AD9523.o  ./src/AD9122/AD9122.o ./src/AD9122/cf_axi_dds.o  ./src/AD8366/AD8366.o   -Wl,--start-group,-lxil,-lgcc,-lc,--end-group
'Finished building target: fmcomms.elf'
' '
'Invoking: ARM Print Size'
arm-xilinx-eabi-size fmcomms.elf  |tee "fmcomms.elf.size"
   text	   data	    bss	    dec	    hex	filename
  98212	   1768	  24328	 124308	  1e594	fmcomms.elf
'Finished building: fmcomms.elf.size'
' '
17:39:19 **** Incremental Build of configuration Debug for project fmcomms ****
make all 
make: Nothing to be done for `all'.
17:40:16 **** Auto Build of configuration Debug for project fmcomms ****
make all 
'Building file: ../src/Common/main.c'
'Invoking: ARM gcc compiler'
arm-xilinx-eabi-gcc -Wall -O0 -g3 -I"E:\ZedBoard_Projects\FcommesSalar\zed\fmcomms1_zed.sdk\fmcomms\src\AD8366" -I"E:\ZedBoard_Projects\FcommesSalar\zed\fmcomms1_zed.sdk\fmcomms\src\AD9122" -I"E:\ZedBoard_Projects\FcommesSalar\zed\fmcomms1_zed.sdk\fmcomms\src\AD9523" -I"E:\ZedBoard_Projects\FcommesSalar\zed\fmcomms1_zed.sdk\fmcomms\src\AD9548" -I"E:\ZedBoard_Projects\FcommesSalar\zed\fmcomms1_zed.sdk\fmcomms\src\AD9643" -I"E:\ZedBoard_Projects\FcommesSalar\zed\fmcomms1_zed.sdk\fmcomms\src\ADF4351" -I"E:\ZedBoard_Projects\FcommesSalar\zed\fmcomms1_zed.sdk\fmcomms\src\Common" -c -fmessage-length=0 -MT"src/Common/main.o" -I../../fmcomms_bsp/ps7_cortexa9_0/include -MMD -MP -MF"src/Common/main.d" -MT"src/Common/main.d" -o "src/Common/main.o" "../src/Common/main.c"
'Finished building: ../src/Common/main.c'
' '
'Building target: fmcomms.elf'
'Invoking: ARM gcc linker'
arm-xilinx-eabi-gcc -Wl,-T -Wl,../src/lscript.ld -L../../fmcomms_bsp/ps7_cortexa9_0/lib -o "fmcomms.elf"  ./src/Common/adc_core.o ./src/Common/dac_core.o ./src/Common/eeprom.o ./src/Common/i2c_axi.o ./src/Common/i2c_ps7.o ./src/Common/main.o ./src/Common/mmcm.o ./src/Common/spi_interface.o ./src/Common/test.o ./src/Common/xcomm.o  ./src/ADF4351/ADF4351.o  ./src/AD9643/AD9643.o  ./src/AD9548/AD9548.o  ./src/AD9523/AD9523.o  ./src/AD9122/AD9122.o ./src/AD9122/cf_axi_dds.o  ./src/AD8366/AD8366.o   -Wl,--start-group,-lxil,-lgcc,-lc,--end-group
'Finished building target: fmcomms.elf'
' '
'Invoking: ARM Print Size'
arm-xilinx-eabi-size fmcomms.elf  |tee "fmcomms.elf.size"
   text	   data	    bss	    dec	    hex	filename
  98212	   1768	  24328	 124308	  1e594	fmcomms.elf
'Finished building: fmcomms.elf.size'
' '
17:40:17 **** Incremental Build of configuration Debug for project fmcomms ****
make all 
make: Nothing to be done for `all'.
17:40:52 **** Auto Build of configuration Debug for project fmcomms ****
make all 
'Building file: ../src/Common/main.c'
'Invoking: ARM gcc compiler'
arm-xilinx-eabi-gcc -Wall -O0 -g3 -I"E:\ZedBoard_Projects\FcommesSalar\zed\fmcomms1_zed.sdk\fmcomms\src\AD8366" -I"E:\ZedBoard_Projects\FcommesSalar\zed\fmcomms1_zed.sdk\fmcomms\src\AD9122" -I"E:\ZedBoard_Projects\FcommesSalar\zed\fmcomms1_zed.sdk\fmcomms\src\AD9523" -I"E:\ZedBoard_Projects\FcommesSalar\zed\fmcomms1_zed.sdk\fmcomms\src\AD9548" -I"E:\ZedBoard_Projects\FcommesSalar\zed\fmcomms1_zed.sdk\fmcomms\src\AD9643" -I"E:\ZedBoard_Projects\FcommesSalar\zed\fmcomms1_zed.sdk\fmcomms\src\ADF4351" -I"E:\ZedBoard_Projects\FcommesSalar\zed\fmcomms1_zed.sdk\fmcomms\src\Common" -c -fmessage-length=0 -MT"src/Common/main.o" -I../../fmcomms_bsp/ps7_cortexa9_0/include -MMD -MP -MF"src/Common/main.d" -MT"src/Common/main.d" -o "src/Common/main.o" "../src/Common/main.c"
'Finished building: ../src/Common/main.c'
' '
'Building target: fmcomms.elf'
'Invoking: ARM gcc linker'
arm-xilinx-eabi-gcc -Wl,-T -Wl,../src/lscript.ld -L../../fmcomms_bsp/ps7_cortexa9_0/lib -o "fmcomms.elf"  ./src/Common/adc_core.o ./src/Common/dac_core.o ./src/Common/eeprom.o ./src/Common/i2c_axi.o ./src/Common/i2c_ps7.o ./src/Common/main.o ./src/Common/mmcm.o ./src/Common/spi_interface.o ./src/Common/test.o ./src/Common/xcomm.o  ./src/ADF4351/ADF4351.o  ./src/AD9643/AD9643.o  ./src/AD9548/AD9548.o  ./src/AD9523/AD9523.o  ./src/AD9122/AD9122.o ./src/AD9122/cf_axi_dds.o  ./src/AD8366/AD8366.o   -Wl,--start-group,-lxil,-lgcc,-lc,--end-group
'Finished building target: fmcomms.elf'
' '
'Invoking: ARM Print Size'
arm-xilinx-eabi-size fmcomms.elf  |tee "fmcomms.elf.size"
   text	   data	    bss	    dec	    hex	filename
  98212	   1768	  24328	 124308	  1e594	fmcomms.elf
'Finished building: fmcomms.elf.size'
' '
17:40:54 **** Incremental Build of configuration Debug for project fmcomms ****
make all 
make: Nothing to be done for `all'.
17:46:05 **** Auto Build of configuration Debug for project fmcomms ****
make all 
'Building file: ../src/Common/test.c'
'Invoking: ARM gcc compiler'
arm-xilinx-eabi-gcc -Wall -O0 -g3 -I"E:\ZedBoard_Projects\FcommesSalar\zed\fmcomms1_zed.sdk\fmcomms\src\AD8366" -I"E:\ZedBoard_Projects\FcommesSalar\zed\fmcomms1_zed.sdk\fmcomms\src\AD9122" -I"E:\ZedBoard_Projects\FcommesSalar\zed\fmcomms1_zed.sdk\fmcomms\src\AD9523" -I"E:\ZedBoard_Projects\FcommesSalar\zed\fmcomms1_zed.sdk\fmcomms\src\AD9548" -I"E:\ZedBoard_Projects\FcommesSalar\zed\fmcomms1_zed.sdk\fmcomms\src\AD9643" -I"E:\ZedBoard_Projects\FcommesSalar\zed\fmcomms1_zed.sdk\fmcomms\src\ADF4351" -I"E:\ZedBoard_Projects\FcommesSalar\zed\fmcomms1_zed.sdk\fmcomms\src\Common" -c -fmessage-length=0 -MT"src/Common/test.o" -I../../fmcomms_bsp/ps7_cortexa9_0/include -MMD -MP -MF"src/Common/test.d" -MT"src/Common/test.d" -o "src/Common/test.o" "../src/Common/test.c"
'Finished building: ../src/Common/test.c'
' '
'Building target: fmcomms.elf'
'Invoking: ARM gcc linker'
arm-xilinx-eabi-gcc -Wl,-T -Wl,../src/lscript.ld -L../../fmcomms_bsp/ps7_cortexa9_0/lib -o "fmcomms.elf"  ./src/Common/adc_core.o ./src/Common/dac_core.o ./src/Common/eeprom.o ./src/Common/i2c_axi.o ./src/Common/i2c_ps7.o ./src/Common/main.o ./src/Common/mmcm.o ./src/Common/spi_interface.o ./src/Common/test.o ./src/Common/xcomm.o  ./src/ADF4351/ADF4351.o  ./src/AD9643/AD9643.o  ./src/AD9548/AD9548.o  ./src/AD9523/AD9523.o  ./src/AD9122/AD9122.o ./src/AD9122/cf_axi_dds.o  ./src/AD8366/AD8366.o   -Wl,--start-group,-lxil,-lgcc,-lc,--end-group
'Finished building target: fmcomms.elf'
' '
'Invoking: ARM Print Size'
arm-xilinx-eabi-size fmcomms.elf  |tee "fmcomms.elf.size"
   text	   data	    bss	    dec	    hex	filename
  98724	   1768	  24328	 124820	  1e794	fmcomms.elf
'Finished building: fmcomms.elf.size'
' '
17:46:09 **** Incremental Build of configuration Debug for project fmcomms ****
make all 
make: Nothing to be done for `all'.
17:49:00 **** Auto Build of configuration Debug for project fmcomms ****
make all 
'Building file: ../src/Common/main.c'
'Invoking: ARM gcc compiler'
arm-xilinx-eabi-gcc -Wall -O0 -g3 -I"E:\ZedBoard_Projects\FcommesSalar\zed\fmcomms1_zed.sdk\fmcomms\src\AD8366" -I"E:\ZedBoard_Projects\FcommesSalar\zed\fmcomms1_zed.sdk\fmcomms\src\AD9122" -I"E:\ZedBoard_Projects\FcommesSalar\zed\fmcomms1_zed.sdk\fmcomms\src\AD9523" -I"E:\ZedBoard_Projects\FcommesSalar\zed\fmcomms1_zed.sdk\fmcomms\src\AD9548" -I"E:\ZedBoard_Projects\FcommesSalar\zed\fmcomms1_zed.sdk\fmcomms\src\AD9643" -I"E:\ZedBoard_Projects\FcommesSalar\zed\fmcomms1_zed.sdk\fmcomms\src\ADF4351" -I"E:\ZedBoard_Projects\FcommesSalar\zed\fmcomms1_zed.sdk\fmcomms\src\Common" -c -fmessage-length=0 -MT"src/Common/main.o" -I../../fmcomms_bsp/ps7_cortexa9_0/include -MMD -MP -MF"src/Common/main.d" -MT"src/Common/main.d" -o "src/Common/main.o" "../src/Common/main.c"
'Finished building: ../src/Common/main.c'
' '
'Building target: fmcomms.elf'
'Invoking: ARM gcc linker'
arm-xilinx-eabi-gcc -Wl,-T -Wl,../src/lscript.ld -L../../fmcomms_bsp/ps7_cortexa9_0/lib -o "fmcomms.elf"  ./src/Common/adc_core.o ./src/Common/dac_core.o ./src/Common/eeprom.o ./src/Common/i2c_axi.o ./src/Common/i2c_ps7.o ./src/Common/main.o ./src/Common/mmcm.o ./src/Common/spi_interface.o ./src/Common/test.o ./src/Common/xcomm.o  ./src/ADF4351/ADF4351.o  ./src/AD9643/AD9643.o  ./src/AD9548/AD9548.o  ./src/AD9523/AD9523.o  ./src/AD9122/AD9122.o ./src/AD9122/cf_axi_dds.o  ./src/AD8366/AD8366.o   -Wl,--start-group,-lxil,-lgcc,-lc,--end-group
'Finished building target: fmcomms.elf'
' '
'Invoking: ARM Print Size'
arm-xilinx-eabi-size fmcomms.elf  |tee "fmcomms.elf.size"
   text	   data	    bss	    dec	    hex	filename
  98724	   1768	  24328	 124820	  1e794	fmcomms.elf
'Finished building: fmcomms.elf.size'
' '
17:49:10 **** Incremental Build of configuration Debug for project fmcomms ****
make all 
make: Nothing to be done for `all'.
18:48:59 **** Incremental Build of configuration Debug for project fmcomms ****
make all 
make: Nothing to be done for `all'.
15:19:00 **** Incremental Build of configuration Debug for project fmcomms ****
make all 
make: Nothing to be done for `all'.
15:20:45 **** Incremental Build of configuration Debug for project fmcomms ****
make all 
make: Nothing to be done for `all'.
15:22:52 **** Incremental Build of configuration Debug for project fmcomms ****
make all 
make: Nothing to be done for `all'.
15:23:44 **** Incremental Build of configuration Debug for project fmcomms ****
make all 
make: Nothing to be done for `all'.
15:23:49 **** Incremental Build of configuration Debug for project fmcomms ****
make all 
make: Nothing to be done for `all'.
15:25:03 **** Incremental Build of configuration Debug for project fmcomms ****
make all 
make: Nothing to be done for `all'.
15:25:09 **** Incremental Build of configuration Debug for project fmcomms ****
make all 
make: Nothing to be done for `all'.
15:25:58 **** Incremental Build of configuration Debug for project fmcomms ****
make all 
make: Nothing to be done for `all'.
15:32:47 **** Incremental Build of configuration Debug for project fmcomms ****
make all 
make: Nothing to be done for `all'.
15:35:27 **** Incremental Build of configuration Debug for project fmcomms ****
make all 
make: Nothing to be done for `all'.
15:41:02 **** Incremental Build of configuration Debug for project fmcomms ****
make all 
make: Nothing to be done for `all'.
15:41:15 **** Incremental Build of configuration Debug for project fmcomms ****
make all 
make: Nothing to be done for `all'.
15:41:24 **** Incremental Build of configuration Debug for project fmcomms ****
make all 
make: Nothing to be done for `all'.
15:46:20 **** Incremental Build of configuration Debug for project fmcomms ****
make all 
make: Nothing to be done for `all'.
15:46:52 **** Incremental Build of configuration Debug for project fmcomms ****
make all 
make: Nothing to be done for `all'.
15:47:37 **** Incremental Build of configuration Debug for project fmcomms ****
make all 
make: Nothing to be done for `all'.
15:48:58 **** Incremental Build of configuration Debug for project fmcomms ****
make all 
make: Nothing to be done for `all'.
15:55:48 **** Incremental Build of configuration Debug for project fmcomms ****
make all 
make: Nothing to be done for `all'.
15:58:25 **** Incremental Build of configuration Debug for project fmcomms ****
make all 
make: Nothing to be done for `all'.
16:37:11 **** Auto Build of configuration Debug for project fmcomms ****
make all 
'Building file: ../src/Common/test.c'
'Invoking: ARM gcc compiler'
arm-xilinx-eabi-gcc -Wall -O0 -g3 -I"E:\ZedBoard_Projects\FcommesSalar\zed\fmcomms1_zed.sdk\fmcomms\src\AD8366" -I"E:\ZedBoard_Projects\FcommesSalar\zed\fmcomms1_zed.sdk\fmcomms\src\AD9122" -I"E:\ZedBoard_Projects\FcommesSalar\zed\fmcomms1_zed.sdk\fmcomms\src\AD9523" -I"E:\ZedBoard_Projects\FcommesSalar\zed\fmcomms1_zed.sdk\fmcomms\src\AD9548" -I"E:\ZedBoard_Projects\FcommesSalar\zed\fmcomms1_zed.sdk\fmcomms\src\AD9643" -I"E:\ZedBoard_Projects\FcommesSalar\zed\fmcomms1_zed.sdk\fmcomms\src\ADF4351" -I"E:\ZedBoard_Projects\FcommesSalar\zed\fmcomms1_zed.sdk\fmcomms\src\Common" -c -fmessage-length=0 -MT"src/Common/test.o" -I../../fmcomms_bsp/ps7_cortexa9_0/include -MMD -MP -MF"src/Common/test.d" -MT"src/Common/test.d" -o "src/Common/test.o" "../src/Common/test.c"
../src/Common/test.c:135:3: warning: excess elements in array initializer
   21404,31488,40364,
   ^
../src/Common/test.c:135:3: warning: (near initialization for 's_sine_lut_i')
../src/Common/test.c:139:16: error: redefinition of 'my_sine_lut_q'
 const uint16_t my_sine_lut_q[128] = {
                ^
../src/Common/test.c:101:16: note: previous definition of 'my_sine_lut_q' was here
 const uint16_t my_sine_lut_q[128] = {
                ^
../src/Common/test.c: In function 'dac_dma_setup':
../src/Common/test.c:405:13: error: 's_sine_lut_q' undeclared (first use in this function)
   data_q = (s_sine_lut_q[index] << 0);
             ^
../src/Common/test.c:405:13: note: each undeclared identifier is reported only once for each function it appears in
make: *** [src/Common/test.o] Error 1
16:37:45 **** Auto Build of configuration Debug for project fmcomms ****
make all 
'Building file: ../src/Common/test.c'
'Invoking: ARM gcc compiler'
arm-xilinx-eabi-gcc -Wall -O0 -g3 -I"E:\ZedBoard_Projects\FcommesSalar\zed\fmcomms1_zed.sdk\fmcomms\src\AD8366" -I"E:\ZedBoard_Projects\FcommesSalar\zed\fmcomms1_zed.sdk\fmcomms\src\AD9122" -I"E:\ZedBoard_Projects\FcommesSalar\zed\fmcomms1_zed.sdk\fmcomms\src\AD9523" -I"E:\ZedBoard_Projects\FcommesSalar\zed\fmcomms1_zed.sdk\fmcomms\src\AD9548" -I"E:\ZedBoard_Projects\FcommesSalar\zed\fmcomms1_zed.sdk\fmcomms\src\AD9643" -I"E:\ZedBoard_Projects\FcommesSalar\zed\fmcomms1_zed.sdk\fmcomms\src\ADF4351" -I"E:\ZedBoard_Projects\FcommesSalar\zed\fmcomms1_zed.sdk\fmcomms\src\Common" -c -fmessage-length=0 -MT"src/Common/test.o" -I../../fmcomms_bsp/ps7_cortexa9_0/include -MMD -MP -MF"src/Common/test.d" -MT"src/Common/test.d" -o "src/Common/test.o" "../src/Common/test.c"
../src/Common/test.c:135:3: warning: excess elements in array initializer
   21404,31488,40364,
   ^
../src/Common/test.c:135:3: warning: (near initialization for 's_sine_lut_i')
'Finished building: ../src/Common/test.c'
' '
'Building target: fmcomms.elf'
'Invoking: ARM gcc linker'
arm-xilinx-eabi-gcc -Wl,-T -Wl,../src/lscript.ld -L../../fmcomms_bsp/ps7_cortexa9_0/lib -o "fmcomms.elf"  ./src/Common/adc_core.o ./src/Common/dac_core.o ./src/Common/eeprom.o ./src/Common/i2c_axi.o ./src/Common/i2c_ps7.o ./src/Common/main.o ./src/Common/mmcm.o ./src/Common/spi_interface.o ./src/Common/test.o ./src/Common/xcomm.o  ./src/ADF4351/ADF4351.o  ./src/AD9643/AD9643.o  ./src/AD9548/AD9548.o  ./src/AD9523/AD9523.o  ./src/AD9122/AD9122.o ./src/AD9122/cf_axi_dds.o  ./src/AD8366/AD8366.o   -Wl,--start-group,-lxil,-lgcc,-lc,--end-group
'Finished building target: fmcomms.elf'
' '
'Invoking: ARM Print Size'
arm-xilinx-eabi-size fmcomms.elf  |tee "fmcomms.elf.size"
   text	   data	    bss	    dec	    hex	filename
  99236	   1768	  24328	 125332	  1e994	fmcomms.elf
'Finished building: fmcomms.elf.size'
' '
16:38:05 **** Incremental Build of configuration Debug for project fmcomms ****
make all 
make: Nothing to be done for `all'.
16:47:51 **** Incremental Build of configuration Debug for project fmcomms ****
make all 
make: Nothing to be done for `all'.
10:45:57 **** Auto Build of configuration Debug for project fmcomms ****
make all 
'Building file: ../src/Common/test.c'
'Invoking: ARM gcc compiler'
arm-xilinx-eabi-gcc -Wall -O0 -g3 -I"E:\ZedBoard_Projects\FcommesSalar\zed\fmcomms1_zed.sdk\fmcomms\src\AD8366" -I"E:\ZedBoard_Projects\FcommesSalar\zed\fmcomms1_zed.sdk\fmcomms\src\AD9122" -I"E:\ZedBoard_Projects\FcommesSalar\zed\fmcomms1_zed.sdk\fmcomms\src\AD9523" -I"E:\ZedBoard_Projects\FcommesSalar\zed\fmcomms1_zed.sdk\fmcomms\src\AD9548" -I"E:\ZedBoard_Projects\FcommesSalar\zed\fmcomms1_zed.sdk\fmcomms\src\AD9643" -I"E:\ZedBoard_Projects\FcommesSalar\zed\fmcomms1_zed.sdk\fmcomms\src\ADF4351" -I"E:\ZedBoard_Projects\FcommesSalar\zed\fmcomms1_zed.sdk\fmcomms\src\Common" -c -fmessage-length=0 -MT"src/Common/test.o" -I../../fmcomms_bsp/ps7_cortexa9_0/include -MMD -MP -MF"src/Common/test.d" -MT"src/Common/test.d" -o "src/Common/test.o" "../src/Common/test.c"
../src/Common/test.c:135:3: warning: excess elements in array initializer
   21404,31488,40364,
   ^
../src/Common/test.c:135:3: warning: (near initialization for 's_sine_lut_i')
'Finished building: ../src/Common/test.c'
' '
'Building target: fmcomms.elf'
'Invoking: ARM gcc linker'
arm-xilinx-eabi-gcc -Wl,-T -Wl,../src/lscript.ld -L../../fmcomms_bsp/ps7_cortexa9_0/lib -o "fmcomms.elf"  ./src/Common/adc_core.o ./src/Common/dac_core.o ./src/Common/eeprom.o ./src/Common/i2c_axi.o ./src/Common/i2c_ps7.o ./src/Common/main.o ./src/Common/mmcm.o ./src/Common/spi_interface.o ./src/Common/test.o ./src/Common/xcomm.o  ./src/ADF4351/ADF4351.o  ./src/AD9643/AD9643.o  ./src/AD9548/AD9548.o  ./src/AD9523/AD9523.o  ./src/AD9122/AD9122.o ./src/AD9122/cf_axi_dds.o  ./src/AD8366/AD8366.o   -Wl,--start-group,-lxil,-lgcc,-lc,--end-group
'Finished building target: fmcomms.elf'
' '
'Invoking: ARM Print Size'
arm-xilinx-eabi-size fmcomms.elf  |tee "fmcomms.elf.size"
   text	   data	    bss	    dec	    hex	filename
  99236	   1768	  24328	 125332	  1e994	fmcomms.elf
'Finished building: fmcomms.elf.size'
' '
10:46:36 **** Incremental Build of configuration Debug for project fmcomms ****
make all 
make: Nothing to be done for `all'.
11:02:52 **** Incremental Build of configuration Debug for project fmcomms ****
make all 
make: Nothing to be done for `all'.
11:08:37 **** Auto Build of configuration Debug for project fmcomms ****
make all 
'Building file: ../src/Common/test.c'
'Invoking: ARM gcc compiler'
arm-xilinx-eabi-gcc -Wall -O0 -g3 -I"E:\ZedBoard_Projects\FcommesSalar\zed\fmcomms1_zed.sdk\fmcomms\src\AD8366" -I"E:\ZedBoard_Projects\FcommesSalar\zed\fmcomms1_zed.sdk\fmcomms\src\AD9122" -I"E:\ZedBoard_Projects\FcommesSalar\zed\fmcomms1_zed.sdk\fmcomms\src\AD9523" -I"E:\ZedBoard_Projects\FcommesSalar\zed\fmcomms1_zed.sdk\fmcomms\src\AD9548" -I"E:\ZedBoard_Projects\FcommesSalar\zed\fmcomms1_zed.sdk\fmcomms\src\AD9643" -I"E:\ZedBoard_Projects\FcommesSalar\zed\fmcomms1_zed.sdk\fmcomms\src\ADF4351" -I"E:\ZedBoard_Projects\FcommesSalar\zed\fmcomms1_zed.sdk\fmcomms\src\Common" -c -fmessage-length=0 -MT"src/Common/test.o" -I../../fmcomms_bsp/ps7_cortexa9_0/include -MMD -MP -MF"src/Common/test.d" -MT"src/Common/test.d" -o "src/Common/test.o" "../src/Common/test.c"
../src/Common/test.c:134:3: warning: excess elements in array initializer
   33733,37615,40054,40956,
   ^
../src/Common/test.c:134:3: warning: (near initialization for 's_sine_lut_i')
../src/Common/test.c:152:3: warning: excess elements in array initializer
   16211,8566,592,
   ^
../src/Common/test.c:152:3: warning: (near initialization for 's_sine_lut_q')
'Finished building: ../src/Common/test.c'
' '
'Building target: fmcomms.elf'
'Invoking: ARM gcc linker'
arm-xilinx-eabi-gcc -Wl,-T -Wl,../src/lscript.ld -L../../fmcomms_bsp/ps7_cortexa9_0/lib -o "fmcomms.elf"  ./src/Common/adc_core.o ./src/Common/dac_core.o ./src/Common/eeprom.o ./src/Common/i2c_axi.o ./src/Common/i2c_ps7.o ./src/Common/main.o ./src/Common/mmcm.o ./src/Common/spi_interface.o ./src/Common/test.o ./src/Common/xcomm.o  ./src/ADF4351/ADF4351.o  ./src/AD9643/AD9643.o  ./src/AD9548/AD9548.o  ./src/AD9523/AD9523.o  ./src/AD9122/AD9122.o ./src/AD9122/cf_axi_dds.o  ./src/AD8366/AD8366.o   -Wl,--start-group,-lxil,-lgcc,-lc,--end-group
'Finished building target: fmcomms.elf'
' '
'Invoking: ARM Print Size'
arm-xilinx-eabi-size fmcomms.elf  |tee "fmcomms.elf.size"
   text	   data	    bss	    dec	    hex	filename
  99236	   1768	  24328	 125332	  1e994	fmcomms.elf
'Finished building: fmcomms.elf.size'
' '
13:33:12 **** Auto Build of configuration Debug for project fmcomms ****
make all 
'Building file: ../src/Common/test.c'
'Invoking: ARM gcc compiler'
[...]
'Finished building: ../src/Common/test.c'
' '
'Building target: fmcomms.elf'
'Invoking: ARM gcc linker'
arm-xilinx-eabi-gcc -Wl,-T -Wl,../src/lscript.ld -L../../fmcomms_bsp/ps7_cortexa9_0/lib -o "fmcomms.elf"  ./src/Common/adc_core.o ./src/Common/dac_core.o ./src/Common/eeprom.o ./src/Common/i2c_axi.o ./src/Common/i2c_ps7.o ./src/Common/main.o ./src/Common/mmcm.o ./src/Common/spi_interface.o ./src/Common/test.o ./src/Common/xcomm.o  ./src/ADF4351/ADF4351.o  ./src/AD9643/AD9643.o  ./src/AD9548/AD9548.o  ./src/AD9523/AD9523.o  ./src/AD9122/AD9122.o ./src/AD9122/cf_axi_dds.o  ./src/AD8366/AD8366.o   -Wl,--start-group,-lxil,-lgcc,-lc,--end-group
'Finished building target: fmcomms.elf'
' '
'Invoking: ARM Print Size'
arm-xilinx-eabi-size fmcomms.elf  |tee "fmcomms.elf.size"
   text	   data	    bss	    dec	    hex	filename
  99748	   1768	  24328	 125844	  1eb94	fmcomms.elf
'Finished building: fmcomms.elf.size'
' '
10:37:09 **** Auto Build of configuration Debug for project fmcomms ****
make all 
'Building file: ../src/Common/test.c'
'Invoking: ARM gcc compiler'
arm-xilinx-eabi-gcc -Wall -O0 -g3 -I"E:\ZedBoard_Projects\FcommesSalar\zed\fmcomms1_zed.sdk\fmcomms\src\AD8366" -I"E:\ZedBoard_Projects\FcommesSalar\zed\fmcomms1_zed.sdk\fmcomms\src\AD9122" -I"E:\ZedBoard_Projects\FcommesSalar\zed\fmcomms1_zed.sdk\fmcomms\src\AD9523" -I"E:\ZedBoard_Projects\FcommesSalar\zed\fmcomms1_zed.sdk\fmcomms\src\AD9548" -I"E:\ZedBoard_Projects\FcommesSalar\zed\fmcomms1_zed.sdk\fmcomms\src\AD9643" -I"E:\ZedBoard_Projects\FcommesSalar\zed\fmcomms1_zed.sdk\fmcomms\src\ADF4351" -I"E:\ZedBoard_Projects\FcommesSalar\zed\fmcomms1_zed.sdk\fmcomms\src\Common" -c -fmessage-length=0 -MT"src/Common/test.o" -I../../fmcomms_bsp/ps7_cortexa9_0/include -MMD -MP -MF"src/Common/test.d" -MT"src/Common/test.d" -o "src/Common/test.o" "../src/Common/test.c"
'Finished building: ../src/Common/test.c'
' '
'Building target: fmcomms.elf'
'Invoking: ARM gcc linker'
arm-xilinx-eabi-gcc -Wl,-T -Wl,../src/lscript.ld -L../../fmcomms_bsp/ps7_cortexa9_0/lib -o "fmcomms.elf"  ./src/Common/adc_core.o ./src/Common/dac_core.o ./src/Common/eeprom.o ./src/Common/i2c_axi.o ./src/Common/i2c_ps7.o ./src/Common/main.o ./src/Common/mmcm.o ./src/Common/spi_interface.o ./src/Common/test.o ./src/Common/xcomm.o  ./src/ADF4351/ADF4351.o  ./src/AD9643/AD9643.o  ./src/AD9548/AD9548.o  ./src/AD9523/AD9523.o  ./src/AD9122/AD9122.o ./src/AD9122/cf_axi_dds.o  ./src/AD8366/AD8366.o   -Wl,--start-group,-lxil,-lgcc,-lc,--end-group
'Finished building target: fmcomms.elf'
' '
'Invoking: ARM Print Size'
arm-xilinx-eabi-size fmcomms.elf  |tee "fmcomms.elf.size"
   text	   data	    bss	    dec	    hex	filename
 100388	   1768	  24328	 126484	  1ee14	fmcomms.elf
'Finished building: fmcomms.elf.size'
' '
10:37:14 **** Auto Build of configuration Debug for project fmcomms ****
make all 
'Building file: ../src/Common/test.c'
'Invoking: ARM gcc compiler'
arm-xilinx-eabi-gcc -Wall -O0 -g3 -I"E:\ZedBoard_Projects\FcommesSalar\zed\fmcomms1_zed.sdk\fmcomms\src\AD8366" -I"E:\ZedBoard_Projects\FcommesSalar\zed\fmcomms1_zed.sdk\fmcomms\src\AD9122" -I"E:\ZedBoard_Projects\FcommesSalar\zed\fmcomms1_zed.sdk\fmcomms\src\AD9523" -I"E:\ZedBoard_Projects\FcommesSalar\zed\fmcomms1_zed.sdk\fmcomms\src\AD9548" -I"E:\ZedBoard_Projects\FcommesSalar\zed\fmcomms1_zed.sdk\fmcomms\src\AD9643" -I"E:\ZedBoard_Projects\FcommesSalar\zed\fmcomms1_zed.sdk\fmcomms\src\ADF4351" -I"E:\ZedBoard_Projects\FcommesSalar\zed\fmcomms1_zed.sdk\fmcomms\src\Common" -c -fmessage-length=0 -MT"src/Common/test.o" -I../../fmcomms_bsp/ps7_cortexa9_0/include -MMD -MP -MF"src/Common/test.d" -MT"src/Common/test.d" -o "src/Common/test.o" "../src/Common/test.c"
'Finished building: ../src/Common/test.c'
' '
'Building target: fmcomms.elf'
'Invoking: ARM gcc linker'
arm-xilinx-eabi-gcc -Wl,-T -Wl,../src/lscript.ld -L../../fmcomms_bsp/ps7_cortexa9_0/lib -o "fmcomms.elf"  ./src/Common/adc_core.o ./src/Common/dac_core.o ./src/Common/eeprom.o ./src/Common/i2c_axi.o ./src/Common/i2c_ps7.o ./src/Common/main.o ./src/Common/mmcm.o ./src/Common/spi_interface.o ./src/Common/test.o ./src/Common/xcomm.o  ./src/ADF4351/ADF4351.o  ./src/AD9643/AD9643.o  ./src/AD9548/AD9548.o  ./src/AD9523/AD9523.o  ./src/AD9122/AD9122.o ./src/AD9122/cf_axi_dds.o  ./src/AD8366/AD8366.o   -Wl,--start-group,-lxil,-lgcc,-lc,--end-group
./src/Common/main.o: In function `main':
E:\ZedBoard_Projects\FcommesSalar\zed\fmcomms1_zed.sdk\fmcomms\Debug/../src/Common/main.c:216: undefined reference to `dac_dma_setup'
collect2.exe: error: ld returned 1 exit status
make: *** [fmcomms.elf] Error 1
10:37:38 **** Auto Build of configuration Debug for project fmcomms ****
make all 
'Building file: ../src/Common/test.c'
'Invoking: ARM gcc compiler'
arm-xilinx-eabi-gcc -Wall -O0 -g3 -I"E:\ZedBoard_Projects\FcommesSalar\zed\fmcomms1_zed.sdk\fmcomms\src\AD8366" -I"E:\ZedBoard_Projects\FcommesSalar\zed\fmcomms1_zed.sdk\fmcomms\src\AD9122" -I"E:\ZedBoard_Projects\FcommesSalar\zed\fmcomms1_zed.sdk\fmcomms\src\AD9523" -I"E:\ZedBoard_Projects\FcommesSalar\zed\fmcomms1_zed.sdk\fmcomms\src\AD9548" -I"E:\ZedBoard_Projects\FcommesSalar\zed\fmcomms1_zed.sdk\fmcomms\src\AD9643" -I"E:\ZedBoard_Projects\FcommesSalar\zed\fmcomms1_zed.sdk\fmcomms\src\ADF4351" -I"E:\ZedBoard_Projects\FcommesSalar\zed\fmcomms1_zed.sdk\fmcomms\src\Common" -c -fmessage-length=0 -MT"src/Common/test.o" -I../../fmcomms_bsp/ps7_cortexa9_0/include -MMD -MP -MF"src/Common/test.d" -MT"src/Common/test.d" -o "src/Common/test.o" "../src/Common/test.c"
'Finished building: ../src/Common/test.c'
' '
'Building target: fmcomms.elf'
'Invoking: ARM gcc linker'
arm-xilinx-eabi-gcc -Wl,-T -Wl,../src/lscript.ld -L../../fmcomms_bsp/ps7_cortexa9_0/lib -o "fmcomms.elf"  ./src/Common/adc_core.o ./src/Common/dac_core.o ./src/Common/eeprom.o ./src/Common/i2c_axi.o ./src/Common/i2c_ps7.o ./src/Common/main.o ./src/Common/mmcm.o ./src/Common/spi_interface.o ./src/Common/test.o ./src/Common/xcomm.o  ./src/ADF4351/ADF4351.o  ./src/AD9643/AD9643.o  ./src/AD9548/AD9548.o  ./src/AD9523/AD9523.o  ./src/AD9122/AD9122.o ./src/AD9122/cf_axi_dds.o  ./src/AD8366/AD8366.o   -Wl,--start-group,-lxil,-lgcc,-lc,--end-group
./src/Common/main.o: In function `main':
E:\ZedBoard_Projects\FcommesSalar\zed\fmcomms1_zed.sdk\fmcomms\Debug/../src/Common/main.c:216: undefined reference to `dac_dma_setup'
collect2.exe: error: ld returned 1 exit status
make: *** [fmcomms.elf] Error 1
10:37:46 **** Auto Build of configuration Debug for project fmcomms ****
make all 
'Building file: ../src/Common/main.c'
'Invoking: ARM gcc compiler'
arm-xilinx-eabi-gcc -Wall -O0 -g3 -I"E:\ZedBoard_Projects\FcommesSalar\zed\fmcomms1_zed.sdk\fmcomms\src\AD8366" -I"E:\ZedBoard_Projects\FcommesSalar\zed\fmcomms1_zed.sdk\fmcomms\src\AD9122" -I"E:\ZedBoard_Projects\FcommesSalar\zed\fmcomms1_zed.sdk\fmcomms\src\AD9523" -I"E:\ZedBoard_Projects\FcommesSalar\zed\fmcomms1_zed.sdk\fmcomms\src\AD9548" -I"E:\ZedBoard_Projects\FcommesSalar\zed\fmcomms1_zed.sdk\fmcomms\src\AD9643" -I"E:\ZedBoard_Projects\FcommesSalar\zed\fmcomms1_zed.sdk\fmcomms\src\ADF4351" -I"E:\ZedBoard_Projects\FcommesSalar\zed\fmcomms1_zed.sdk\fmcomms\src\Common" -c -fmessage-length=0 -MT"src/Common/main.o" -I../../fmcomms_bsp/ps7_cortexa9_0/include -MMD -MP -MF"src/Common/main.d" -MT"src/Common/main.d" -o "src/Common/main.o" "../src/Common/main.c"
../src/Common/main.c: In function 'main':
../src/Common/main.c:216:5: warning: implicit declaration of function 'dac_dma_sine_setup' [-Wimplicit-function-declaration]
     dac_dma_sine_setup(fmcSel);
     ^
'Finished building: ../src/Common/main.c'
' '
'Building target: fmcomms.elf'
'Invoking: ARM gcc linker'
arm-xilinx-eabi-gcc -Wl,-T -Wl,../src/lscript.ld -L../../fmcomms_bsp/ps7_cortexa9_0/lib -o "fmcomms.elf"  ./src/Common/adc_core.o ./src/Common/dac_core.o ./src/Common/eeprom.o ./src/Common/i2c_axi.o ./src/Common/i2c_ps7.o ./src/Common/main.o ./src/Common/mmcm.o ./src/Common/spi_interface.o ./src/Common/test.o ./src/Common/xcomm.o  ./src/ADF4351/ADF4351.o  ./src/AD9643/AD9643.o  ./src/AD9548/AD9548.o  ./src/AD9523/AD9523.o  ./src/AD9122/AD9122.o ./src/AD9122/cf_axi_dds.o  ./src/AD8366/AD8366.o   -Wl,--start-group,-lxil,-lgcc,-lc,--end-group
'Finished building target: fmcomms.elf'
' '
'Invoking: ARM Print Size'
arm-xilinx-eabi-size fmcomms.elf  |tee "fmcomms.elf.size"
   text	   data	    bss	    dec	    hex	filename
 100388	   1768	  24328	 126484	  1ee14	fmcomms.elf
'Finished building: fmcomms.elf.size'
' '
10:37:51 **** Auto Build of configuration Debug for project fmcomms ****
make all 
'Building file: ../src/Common/main.c'
'Invoking: ARM gcc compiler'
arm-xilinx-eabi-gcc -Wall -O0 -g3 -I"E:\ZedBoard_Projects\FcommesSalar\zed\fmcomms1_zed.sdk\fmcomms\src\AD8366" -I"E:\ZedBoard_Projects\FcommesSalar\zed\fmcomms1_zed.sdk\fmcomms\src\AD9122" -I"E:\ZedBoard_Projects\FcommesSalar\zed\fmcomms1_zed.sdk\fmcomms\src\AD9523" -I"E:\ZedBoard_Projects\FcommesSalar\zed\fmcomms1_zed.sdk\fmcomms\src\AD9548" -I"E:\ZedBoard_Projects\FcommesSalar\zed\fmcomms1_zed.sdk\fmcomms\src\AD9643" -I"E:\ZedBoard_Projects\FcommesSalar\zed\fmcomms1_zed.sdk\fmcomms\src\ADF4351" -I"E:\ZedBoard_Projects\FcommesSalar\zed\fmcomms1_zed.sdk\fmcomms\src\Common" -c -fmessage-length=0 -MT"src/Common/main.o" -I../../fmcomms_bsp/ps7_cortexa9_0/include -MMD -MP -MF"src/Common/main.d" -MT"src/Common/main.d" -o "src/Common/main.o" "../src/Common/main.c"
../src/Common/main.c: In function 'main':
../src/Common/main.c:216:5: warning: implicit declaration of function 'dac_dma_rect_setup' [-Wimplicit-function-declaration]
     dac_dma_rect_setup(fmcSel);
     ^
'Finished building: ../src/Common/main.c'
' '
'Building target: fmcomms.elf'
'Invoking: ARM gcc linker'
arm-xilinx-eabi-gcc -Wl,-T -Wl,../src/lscript.ld -L../../fmcomms_bsp/ps7_cortexa9_0/lib -o "fmcomms.elf"  ./src/Common/adc_core.o ./src/Common/dac_core.o ./src/Common/eeprom.o ./src/Common/i2c_axi.o ./src/Common/i2c_ps7.o ./src/Common/main.o ./src/Common/mmcm.o ./src/Common/spi_interface.o ./src/Common/test.o ./src/Common/xcomm.o  ./src/ADF4351/ADF4351.o  ./src/AD9643/AD9643.o  ./src/AD9548/AD9548.o  ./src/AD9523/AD9523.o  ./src/AD9122/AD9122.o ./src/AD9122/cf_axi_dds.o  ./src/AD8366/AD8366.o   -Wl,--start-group,-lxil,-lgcc,-lc,--end-group
'Finished building target: fmcomms.elf'
' '
'Invoking: ARM Print Size'
arm-xilinx-eabi-size fmcomms.elf  |tee "fmcomms.elf.size"
   text	   data	    bss	    dec	    hex	filename
 100388	   1768	  24328	 126484	  1ee14	fmcomms.elf
'Finished building: fmcomms.elf.size'
' '
10:38:14 **** Auto Build of configuration Debug for project fmcomms ****
make all 
'Building file: ../src/Common/adc_core.c'
'Invoking: ARM gcc compiler'
arm-xilinx-eabi-gcc -Wall -O0 -g3 -I"E:\ZedBoard_Projects\FcommesSalar\zed\fmcomms1_zed.sdk\fmcomms\src\AD8366" -I"E:\ZedBoard_Projects\FcommesSalar\zed\fmcomms1_zed.sdk\fmcomms\src\AD9122" -I"E:\ZedBoard_Projects\FcommesSalar\zed\fmcomms1_zed.sdk\fmcomms\src\AD9523" -I"E:\ZedBoard_Projects\FcommesSalar\zed\fmcomms1_zed.sdk\fmcomms\src\AD9548" -I"E:\ZedBoard_Projects\FcommesSalar\zed\fmcomms1_zed.sdk\fmcomms\src\AD9643" -I"E:\ZedBoard_Projects\FcommesSalar\zed\fmcomms1_zed.sdk\fmcomms\src\ADF4351" -I"E:\ZedBoard_Projects\FcommesSalar\zed\fmcomms1_zed.sdk\fmcomms\src\Common" -c -fmessage-length=0 -MT"src/Common/adc_core.o" -I../../fmcomms_bsp/ps7_cortexa9_0/include -MMD -MP -MF"src/Common/adc_core.d" -MT"src/Common/adc_core.d" -o "src/Common/adc_core.o" "../src/Common/adc_core.c"
'Finished building: ../src/Common/adc_core.c'
' '
'Building file: ../src/Common/dac_core.c'
'Invoking: ARM gcc compiler'
arm-xilinx-eabi-gcc -Wall -O0 -g3 -I"E:\ZedBoard_Projects\FcommesSalar\zed\fmcomms1_zed.sdk\fmcomms\src\AD8366" -I"E:\ZedBoard_Projects\FcommesSalar\zed\fmcomms1_zed.sdk\fmcomms\src\AD9122" -I"E:\ZedBoard_Projects\FcommesSalar\zed\fmcomms1_zed.sdk\fmcomms\src\AD9523" -I"E:\ZedBoard_Projects\FcommesSalar\zed\fmcomms1_zed.sdk\fmcomms\src\AD9548" -I"E:\ZedBoard_Projects\FcommesSalar\zed\fmcomms1_zed.sdk\fmcomms\src\AD9643" -I"E:\ZedBoard_Projects\FcommesSalar\zed\fmcomms1_zed.sdk\fmcomms\src\ADF4351" -I"E:\ZedBoard_Projects\FcommesSalar\zed\fmcomms1_zed.sdk\fmcomms\src\Common" -c -fmessage-length=0 -MT"src/Common/dac_core.o" -I../../fmcomms_bsp/ps7_cortexa9_0/include -MMD -MP -MF"src/Common/dac_core.d" -MT"src/Common/dac_core.d" -o "src/Common/dac_core.o" "../src/Common/dac_core.c"
'Finished building: ../src/Common/dac_core.c'
' '
'Building file: ../src/Common/main.c'
'Invoking: ARM gcc compiler'
arm-xilinx-eabi-gcc -Wall -O0 -g3 -I"E:\ZedBoard_Projects\FcommesSalar\zed\fmcomms1_zed.sdk\fmcomms\src\AD8366" -I"E:\ZedBoard_Projects\FcommesSalar\zed\fmcomms1_zed.sdk\fmcomms\src\AD9122" -I"E:\ZedBoard_Projects\FcommesSalar\zed\fmcomms1_zed.sdk\fmcomms\src\AD9523" -I"E:\ZedBoard_Projects\FcommesSalar\zed\fmcomms1_zed.sdk\fmcomms\src\AD9548" -I"E:\ZedBoard_Projects\FcommesSalar\zed\fmcomms1_zed.sdk\fmcomms\src\AD9643" -I"E:\ZedBoard_Projects\FcommesSalar\zed\fmcomms1_zed.sdk\fmcomms\src\ADF4351" -I"E:\ZedBoard_Projects\FcommesSalar\zed\fmcomms1_zed.sdk\fmcomms\src\Common" -c -fmessage-length=0 -MT"src/Common/main.o" -I../../fmcomms_bsp/ps7_cortexa9_0/include -MMD -MP -MF"src/Common/main.d" -MT"src/Common/main.d" -o "src/Common/main.o" "../src/Common/main.c"
'Finished building: ../src/Common/main.c'
' '
'Building file: ../src/Common/mmcm.c'
'Invoking: ARM gcc compiler'
arm-xilinx-eabi-gcc -Wall -O0 -g3 -I"E:\ZedBoard_Projects\FcommesSalar\zed\fmcomms1_zed.sdk\fmcomms\src\AD8366" -I"E:\ZedBoard_Projects\FcommesSalar\zed\fmcomms1_zed.sdk\fmcomms\src\AD9122" -I"E:\ZedBoard_Projects\FcommesSalar\zed\fmcomms1_zed.sdk\fmcomms\src\AD9523" -I"E:\ZedBoard_Projects\FcommesSalar\zed\fmcomms1_zed.sdk\fmcomms\src\AD9548" -I"E:\ZedBoard_Projects\FcommesSalar\zed\fmcomms1_zed.sdk\fmcomms\src\AD9643" -I"E:\ZedBoard_Projects\FcommesSalar\zed\fmcomms1_zed.sdk\fmcomms\src\ADF4351" -I"E:\ZedBoard_Projects\FcommesSalar\zed\fmcomms1_zed.sdk\fmcomms\src\Common" -c -fmessage-length=0 -MT"src/Common/mmcm.o" -I../../fmcomms_bsp/ps7_cortexa9_0/include -MMD -MP -MF"src/Common/mmcm.d" -MT"src/Common/mmcm.d" -o "src/Common/mmcm.o" "../src/Common/mmcm.c"
'Finished building: ../src/Common/mmcm.c'
' '
'Building file: ../src/Common/test.c'
'Invoking: ARM gcc compiler'
arm-xilinx-eabi-gcc -Wall -O0 -g3 -I"E:\ZedBoard_Projects\FcommesSalar\zed\fmcomms1_zed.sdk\fmcomms\src\AD8366" -I"E:\ZedBoard_Projects\FcommesSalar\zed\fmcomms1_zed.sdk\fmcomms\src\AD9122" -I"E:\ZedBoard_Projects\FcommesSalar\zed\fmcomms1_zed.sdk\fmcomms\src\AD9523" -I"E:\ZedBoard_Projects\FcommesSalar\zed\fmcomms1_zed.sdk\fmcomms\src\AD9548" -I"E:\ZedBoard_Projects\FcommesSalar\zed\fmcomms1_zed.sdk\fmcomms\src\AD9643" -I"E:\ZedBoard_Projects\FcommesSalar\zed\fmcomms1_zed.sdk\fmcomms\src\ADF4351" -I"E:\ZedBoard_Projects\FcommesSalar\zed\fmcomms1_zed.sdk\fmcomms\src\Common" -c -fmessage-length=0 -MT"src/Common/test.o" -I../../fmcomms_bsp/ps7_cortexa9_0/include -MMD -MP -MF"src/Common/test.d" -MT"src/Common/test.d" -o "src/Common/test.o" "../src/Common/test.c"
'Finished building: ../src/Common/test.c'
' '
'Building target: fmcomms.elf'
'Invoking: ARM gcc linker'
arm-xilinx-eabi-gcc -Wl,-T -Wl,../src/lscript.ld -L../../fmcomms_bsp/ps7_cortexa9_0/lib -o "fmcomms.elf"  ./src/Common/adc_core.o ./src/Common/dac_core.o ./src/Common/eeprom.o ./src/Common/i2c_axi.o ./src/Common/i2c_ps7.o ./src/Common/main.o ./src/Common/mmcm.o ./src/Common/spi_interface.o ./src/Common/test.o ./src/Common/xcomm.o  ./src/ADF4351/ADF4351.o  ./src/AD9643/AD9643.o  ./src/AD9548/AD9548.o  ./src/AD9523/AD9523.o  ./src/AD9122/AD9122.o ./src/AD9122/cf_axi_dds.o  ./src/AD8366/AD8366.o   -Wl,--start-group,-lxil,-lgcc,-lc,--end-group
'Finished building target: fmcomms.elf'
' '
'Invoking: ARM Print Size'
arm-xilinx-eabi-size fmcomms.elf  |tee "fmcomms.elf.size"
   text	   data	    bss	    dec	    hex	filename
 100388	   1768	  24328	 126484	  1ee14	fmcomms.elf
'Finished building: fmcomms.elf.size'
' '
10:38:30 **** Incremental Build of configuration Debug for project fmcomms ****
make all 
make: Nothing to be done for `all'.
10:39:30 **** Auto Build of configuration Debug for project fmcomms ****
make all 
'Building file: ../src/Common/test.c'
'Invoking: ARM gcc compiler'
arm-xilinx-eabi-gcc -Wall -O0 -g3 -I"E:\ZedBoard_Projects\FcommesSalar\zed\fmcomms1_zed.sdk\fmcomms\src\AD8366" -I"E:\ZedBoard_Projects\FcommesSalar\zed\fmcomms1_zed.sdk\fmcomms\src\AD9122" -I"E:\ZedBoard_Projects\FcommesSalar\zed\fmcomms1_zed.sdk\fmcomms\src\AD9523" -I"E:\ZedBoard_Projects\FcommesSalar\zed\fmcomms1_zed.sdk\fmcomms\src\AD9548" -I"E:\ZedBoard_Projects\FcommesSalar\zed\fmcomms1_zed.sdk\fmcomms\src\AD9643" -I"E:\ZedBoard_Projects\FcommesSalar\zed\fmcomms1_zed.sdk\fmcomms\src\ADF4351" -I"E:\ZedBoard_Projects\FcommesSalar\zed\fmcomms1_zed.sdk\fmcomms\src\Common" -c -fmessage-length=0 -MT"src/Common/test.o" -I../../fmcomms_bsp/ps7_cortexa9_0/include -MMD -MP -MF"src/Common/test.d" -MT"src/Common/test.d" -o "src/Common/test.o" "../src/Common/test.c"
../src/Common/test.c:145:16: error: redefinition of 'my_rect_lut_i'
 const uint16_t my_rect_lut_i[128] = {
                ^
../src/Common/test.c:102:16: note: previous definition of 'my_rect_lut_i' was here
 const uint16_t my_rect_lut_i[128] = {
                ^
../src/Common/test.c: In function 'dac_dma_sine_setup':
../src/Common/test.c:450:20: error: 'my_sine_lut_i' undeclared (first use in this function)
  tx_count = sizeof(my_sine_lut_i) / sizeof(uint16_t);
                    ^
../src/Common/test.c:450:20: note: each undeclared identifier is reported only once for each function it appears in
make: *** [src/Common/test.o] Error 1
10:39:50 **** Auto Build of configuration Debug for project fmcomms ****
make all 
'Building file: ../src/Common/test.c'
'Invoking: ARM gcc compiler'
arm-xilinx-eabi-gcc -Wall -O0 -g3 -I"E:\ZedBoard_Projects\FcommesSalar\zed\fmcomms1_zed.sdk\fmcomms\src\AD8366" -I"E:\ZedBoard_Projects\FcommesSalar\zed\fmcomms1_zed.sdk\fmcomms\src\AD9122" -I"E:\ZedBoard_Projects\FcommesSalar\zed\fmcomms1_zed.sdk\fmcomms\src\AD9523" -I"E:\ZedBoard_Projects\FcommesSalar\zed\fmcomms1_zed.sdk\fmcomms\src\AD9548" -I"E:\ZedBoard_Projects\FcommesSalar\zed\fmcomms1_zed.sdk\fmcomms\src\AD9643" -I"E:\ZedBoard_Projects\FcommesSalar\zed\fmcomms1_zed.sdk\fmcomms\src\ADF4351" -I"E:\ZedBoard_Projects\FcommesSalar\zed\fmcomms1_zed.sdk\fmcomms\src\Common" -c -fmessage-length=0 -MT"src/Common/test.o" -I../../fmcomms_bsp/ps7_cortexa9_0/include -MMD -MP -MF"src/Common/test.d" -MT"src/Common/test.d" -o "src/Common/test.o" "../src/Common/test.c"
'Finished building: ../src/Common/test.c'
' '
'Building target: fmcomms.elf'
'Invoking: ARM gcc linker'
arm-xilinx-eabi-gcc -Wl,-T -Wl,../src/lscript.ld -L../../fmcomms_bsp/ps7_cortexa9_0/lib -o "fmcomms.elf"  ./src/Common/adc_core.o ./src/Common/dac_core.o ./src/Common/eeprom.o ./src/Common/i2c_axi.o ./src/Common/i2c_ps7.o ./src/Common/main.o ./src/Common/mmcm.o ./src/Common/spi_interface.o ./src/Common/test.o ./src/Common/xcomm.o  ./src/ADF4351/ADF4351.o  ./src/AD9643/AD9643.o  ./src/AD9548/AD9548.o  ./src/AD9523/AD9523.o  ./src/AD9122/AD9122.o ./src/AD9122/cf_axi_dds.o  ./src/AD8366/AD8366.o   -Wl,--start-group,-lxil,-lgcc,-lc,--end-group
'Finished building target: fmcomms.elf'
' '
'Invoking: ARM Print Size'
arm-xilinx-eabi-size fmcomms.elf  |tee "fmcomms.elf.size"
   text	   data	    bss	    dec	    hex	filename
 100388	   1768	  24328	 126484	  1ee14	fmcomms.elf
'Finished building: fmcomms.elf.size'
' '
10:39:58 **** Incremental Build of configuration Debug for project fmcomms ****
make all 
make: Nothing to be done for `all'.
