11:37:15 **** Build of project oledTest_bsp ****
make -k all 
"Running Make include in ps7_cortexa9_0/libsrc/coresightps_dcc_v1_2/src"
make -C ps7_cortexa9_0/libsrc/coresightps_dcc_v1_2/src -s include  "SHELL=CMD" "COMPILER=arm-xilinx-eabi-gcc" "ARCHIVER=arm-xilinx-eabi-ar" "COMPILER_FLAGS=  -O2 -c" "EXTRA_COMPILER_FLAGS=-g"
"Running Make include in ps7_cortexa9_0/libsrc/cpu_cortexa9_v2_1/src"
make -C ps7_cortexa9_0/libsrc/cpu_cortexa9_v2_1/src -s include  "SHELL=CMD" "COMPILER=arm-xilinx-eabi-gcc" "ARCHIVER=arm-xilinx-eabi-ar" "COMPILER_FLAGS=  -O2 -c" "EXTRA_COMPILER_FLAGS=-g"
"Running Make include in ps7_cortexa9_0/libsrc/ddrps_v1_0/src"
make -C ps7_cortexa9_0/libsrc/ddrps_v1_0/src -s include  "SHELL=CMD" "COMPILER=arm-xilinx-eabi-gcc" "ARCHIVER=arm-xilinx-eabi-ar" "COMPILER_FLAGS=  -O2 -c" "EXTRA_COMPILER_FLAGS=-g"
"Running Make include in ps7_cortexa9_0/libsrc/devcfg_v3_3/src"
make -C ps7_cortexa9_0/libsrc/devcfg_v3_3/src -s include  "SHELL=CMD" "COMPILER=arm-xilinx-eabi-gcc" "ARCHIVER=arm-xilinx-eabi-ar" "COMPILER_FLAGS=  -O2 -c" "EXTRA_COMPILER_FLAGS=-g"
"Running Make include in ps7_cortexa9_0/libsrc/dmaps_v2_1/src"
make -C ps7_cortexa9_0/libsrc/dmaps_v2_1/src -s include  "SHELL=CMD" "COMPILER=arm-xilinx-eabi-gcc" "ARCHIVER=arm-xilinx-eabi-ar" "COMPILER_FLAGS=  -O2 -c" "EXTRA_COMPILER_FLAGS=-g"
"Running Make include in ps7_cortexa9_0/libsrc/emacps_v3_1/src"
make -C ps7_cortexa9_0/libsrc/emacps_v3_1/src -s include  "SHELL=CMD" "COMPILER=arm-xilinx-eabi-gcc" "ARCHIVER=arm-xilinx-eabi-ar" "COMPILER_FLAGS=  -O2 -c" "EXTRA_COMPILER_FLAGS=-g"
"Running Make include in ps7_cortexa9_0/libsrc/gpiops_v3_1/src"
make -C ps7_cortexa9_0/libsrc/gpiops_v3_1/src -s include  "SHELL=CMD" "COMPILER=arm-xilinx-eabi-gcc" "ARCHIVER=arm-xilinx-eabi-ar" "COMPILER_FLAGS=  -O2 -c" "EXTRA_COMPILER_FLAGS=-g"
"Running Make include in ps7_cortexa9_0/libsrc/lwip141_v1_3/src"
make -C ps7_cortexa9_0/libsrc/lwip141_v1_3/src -s include  "SHELL=CMD" "COMPILER=arm-xilinx-eabi-gcc" "ARCHIVER=arm-xilinx-eabi-ar" "COMPILER_FLAGS=  -O2 -c" "EXTRA_COMPILER_FLAGS=-g"
"Running Make include in ps7_cortexa9_0/libsrc/qspips_v3_2/src"
make -C ps7_cortexa9_0/libsrc/qspips_v3_2/src -s include  "SHELL=CMD" "COMPILER=arm-xilinx-eabi-gcc" "ARCHIVER=arm-xilinx-eabi-ar" "COMPILER_FLAGS=  -O2 -c" "EXTRA_COMPILER_FLAGS=-g"
"Running Make include in ps7_cortexa9_0/libsrc/scugic_v3_1/src"
make -C ps7_cortexa9_0/libsrc/scugic_v3_1/src -s include  "SHELL=CMD" "COMPILER=arm-xilinx-eabi-gcc" "ARCHIVER=arm-xilinx-eabi-ar" "COMPILER_FLAGS=  -O2 -c" "EXTRA_COMPILER_FLAGS=-g"
"Running Make include in ps7_cortexa9_0/libsrc/scutimer_v2_1/src"
make -C ps7_cortexa9_0/libsrc/scutimer_v2_1/src -s include  "SHELL=CMD" "COMPILER=arm-xilinx-eabi-gcc" "ARCHIVER=arm-xilinx-eabi-ar" "COMPILER_FLAGS=  -O2 -c" "EXTRA_COMPILER_FLAGS=-g"
"Running Make include in ps7_cortexa9_0/libsrc/scuwdt_v2_1/src"
make -C ps7_cortexa9_0/libsrc/scuwdt_v2_1/src -s include  "SHELL=CMD" "COMPILER=arm-xilinx-eabi-gcc" "ARCHIVER=arm-xilinx-eabi-ar" "COMPILER_FLAGS=  -O2 -c" "EXTRA_COMPILER_FLAGS=-g"
"Running Make include in ps7_cortexa9_0/libsrc/sdps_v2_6/src"
make -C ps7_cortexa9_0/libsrc/sdps_v2_6/src -s include  "SHELL=CMD" "COMPILER=arm-xilinx-eabi-gcc" "ARCHIVER=arm-xilinx-eabi-ar" "COMPILER_FLAGS=  -O2 -c" "EXTRA_COMPILER_FLAGS=-g"
"Running Make include in ps7_cortexa9_0/libsrc/standalone_v5_3/src"
make -C ps7_cortexa9_0/libsrc/standalone_v5_3/src -s include  "SHELL=CMD" "COMPILER=arm-xilinx-eabi-gcc" "ARCHIVER=arm-xilinx-eabi-ar" "COMPILER_FLAGS=  -O2 -c" "EXTRA_COMPILER_FLAGS=-g"
"Running Make include in ps7_cortexa9_0/libsrc/ttcps_v3_0/src"
make -C ps7_cortexa9_0/libsrc/ttcps_v3_0/src -s include  "SHELL=CMD" "COMPILER=arm-xilinx-eabi-gcc" "ARCHIVER=arm-xilinx-eabi-ar" "COMPILER_FLAGS=  -O2 -c" "EXTRA_COMPILER_FLAGS=-g"
"Running Make include in ps7_cortexa9_0/libsrc/uartps_v3_1/src"
make -C ps7_cortexa9_0/libsrc/uartps_v3_1/src -s include  "SHELL=CMD" "COMPILER=arm-xilinx-eabi-gcc" "ARCHIVER=arm-xilinx-eabi-ar" "COMPILER_FLAGS=  -O2 -c" "EXTRA_COMPILER_FLAGS=-g"
"Running Make include in ps7_cortexa9_0/libsrc/usbps_v2_2/src"
make -C ps7_cortexa9_0/libsrc/usbps_v2_2/src -s include  "SHELL=CMD" "COMPILER=arm-xilinx-eabi-gcc" "ARCHIVER=arm-xilinx-eabi-ar" "COMPILER_FLAGS=  -O2 -c" "EXTRA_COMPILER_FLAGS=-g"
"Running Make include in ps7_cortexa9_0/libsrc/xadcps_v2_2/src"
make -C ps7_cortexa9_0/libsrc/xadcps_v2_2/src -s include  "SHELL=CMD" "COMPILER=arm-xilinx-eabi-gcc" "ARCHIVER=arm-xilinx-eabi-ar" "COMPILER_FLAGS=  -O2 -c" "EXTRA_COMPILER_FLAGS=-g"
"Running Make include in ps7_cortexa9_0/libsrc/ZedboardOLED_v1_0/src"
make -C ps7_cortexa9_0/libsrc/ZedboardOLED_v1_0/src -s include  "SHELL=CMD" "COMPILER=arm-xilinx-eabi-gcc" "ARCHIVER=arm-xilinx-eabi-ar" "COMPILER_FLAGS=  -O2 -c" "EXTRA_COMPILER_FLAGS=-g"
"Running Make libs in ps7_cortexa9_0/libsrc/coresightps_dcc_v1_2/src"
make -C ps7_cortexa9_0/libsrc/coresightps_dcc_v1_2/src -s libs  "SHELL=CMD" "COMPILER=arm-xilinx-eabi-gcc" "ARCHIVER=arm-xilinx-eabi-ar" "COMPILER_FLAGS=  -O2 -c" "EXTRA_COMPILER_FLAGS=-g"
"Compiling coresightps_dcc"
arm-xilinx-eabi-ar: creating ../../../lib/libxil.a
"Running Make libs in ps7_cortexa9_0/libsrc/cpu_cortexa9_v2_1/src"
make -C ps7_cortexa9_0/libsrc/cpu_cortexa9_v2_1/src -s libs  "SHELL=CMD" "COMPILER=arm-xilinx-eabi-gcc" "ARCHIVER=arm-xilinx-eabi-ar" "COMPILER_FLAGS=  -O2 -c" "EXTRA_COMPILER_FLAGS=-g"
"Compiling cpu_cortexa9"
"Running Make libs in ps7_cortexa9_0/libsrc/ddrps_v1_0/src"
make -C ps7_cortexa9_0/libsrc/ddrps_v1_0/src -s libs  "SHELL=CMD" "COMPILER=arm-xilinx-eabi-gcc" "ARCHIVER=arm-xilinx-eabi-ar" "COMPILER_FLAGS=  -O2 -c" "EXTRA_COMPILER_FLAGS=-g"
"Compiling ddrps"
"Running Make libs in ps7_cortexa9_0/libsrc/devcfg_v3_3/src"
make -C ps7_cortexa9_0/libsrc/devcfg_v3_3/src -s libs  "SHELL=CMD" "COMPILER=arm-xilinx-eabi-gcc" "ARCHIVER=arm-xilinx-eabi-ar" "COMPILER_FLAGS=  -O2 -c" "EXTRA_COMPILER_FLAGS=-g"
"Compiling devcfg"
"Running Make libs in ps7_cortexa9_0/libsrc/dmaps_v2_1/src"
make -C ps7_cortexa9_0/libsrc/dmaps_v2_1/src -s libs  "SHELL=CMD" "COMPILER=arm-xilinx-eabi-gcc" "ARCHIVER=arm-xilinx-eabi-ar" "COMPILER_FLAGS=  -O2 -c" "EXTRA_COMPILER_FLAGS=-g"
"Compiling dmaps"
"Running Make libs in ps7_cortexa9_0/libsrc/emacps_v3_1/src"
make -C ps7_cortexa9_0/libsrc/emacps_v3_1/src -s libs  "SHELL=CMD" "COMPILER=arm-xilinx-eabi-gcc" "ARCHIVER=arm-xilinx-eabi-ar" "COMPILER_FLAGS=  -O2 -c" "EXTRA_COMPILER_FLAGS=-g"
"Compiling emacps"
"Running Make libs in ps7_cortexa9_0/libsrc/gpiops_v3_1/src"
make -C ps7_cortexa9_0/libsrc/gpiops_v3_1/src -s libs  "SHELL=CMD" "COMPILER=arm-xilinx-eabi-gcc" "ARCHIVER=arm-xilinx-eabi-ar" "COMPILER_FLAGS=  -O2 -c" "EXTRA_COMPILER_FLAGS=-g"
"Compiling gpiops"
"Running Make libs in ps7_cortexa9_0/libsrc/lwip141_v1_3/src"
make -C ps7_cortexa9_0/libsrc/lwip141_v1_3/src -s libs  "SHELL=CMD" "COMPILER=arm-xilinx-eabi-gcc" "ARCHIVER=arm-xilinx-eabi-ar" "COMPILER_FLAGS=  -O2 -c" "EXTRA_COMPILER_FLAGS=-g"
"Compiling lwip src and adapter files"
"Running Make libs in ps7_cortexa9_0/libsrc/qspips_v3_2/src"
make -C ps7_cortexa9_0/libsrc/qspips_v3_2/src -s libs  "SHELL=CMD" "COMPILER=arm-xilinx-eabi-gcc" "ARCHIVER=arm-xilinx-eabi-ar" "COMPILER_FLAGS=  -O2 -c" "EXTRA_COMPILER_FLAGS=-g"
"Compiling qspips"
"Running Make libs in ps7_cortexa9_0/libsrc/scugic_v3_1/src"
make -C ps7_cortexa9_0/libsrc/scugic_v3_1/src -s libs  "SHELL=CMD" "COMPILER=arm-xilinx-eabi-gcc" "ARCHIVER=arm-xilinx-eabi-ar" "COMPILER_FLAGS=  -O2 -c" "EXTRA_COMPILER_FLAGS=-g"
"Compiling scugic"
"Running Make libs in ps7_cortexa9_0/libsrc/scutimer_v2_1/src"
make -C ps7_cortexa9_0/libsrc/scutimer_v2_1/src -s libs  "SHELL=CMD" "COMPILER=arm-xilinx-eabi-gcc" "ARCHIVER=arm-xilinx-eabi-ar" "COMPILER_FLAGS=  -O2 -c" "EXTRA_COMPILER_FLAGS=-g"
"Compiling scutimer"
"Running Make libs in ps7_cortexa9_0/libsrc/scuwdt_v2_1/src"
make -C ps7_cortexa9_0/libsrc/scuwdt_v2_1/src -s libs  "SHELL=CMD" "COMPILER=arm-xilinx-eabi-gcc" "ARCHIVER=arm-xilinx-eabi-ar" "COMPILER_FLAGS=  -O2 -c" "EXTRA_COMPILER_FLAGS=-g"
"Compiling scuwdt"
"Running Make libs in ps7_cortexa9_0/libsrc/sdps_v2_6/src"
make -C ps7_cortexa9_0/libsrc/sdps_v2_6/src -s libs  "SHELL=CMD" "COMPILER=arm-xilinx-eabi-gcc" "ARCHIVER=arm-xilinx-eabi-ar" "COMPILER_FLAGS=  -O2 -c" "EXTRA_COMPILER_FLAGS=-g"
"Compiling sdps"
"Running Make libs in ps7_cortexa9_0/libsrc/standalone_v5_3/src"
make -C ps7_cortexa9_0/libsrc/standalone_v5_3/src -s libs  "SHELL=CMD" "COMPILER=arm-xilinx-eabi-gcc" "ARCHIVER=arm-xilinx-eabi-ar" "COMPILER_FLAGS=  -O2 -c" "EXTRA_COMPILER_FLAGS=-g"
"Compiling standalone"
"Running Make libs in ps7_cortexa9_0/libsrc/ttcps_v3_0/src"
make -C ps7_cortexa9_0/libsrc/ttcps_v3_0/src -s libs  "SHELL=CMD" "COMPILER=arm-xilinx-eabi-gcc" "ARCHIVER=arm-xilinx-eabi-ar" "COMPILER_FLAGS=  -O2 -c" "EXTRA_COMPILER_FLAGS=-g"
"Compiling ttcps"
"Running Make libs in ps7_cortexa9_0/libsrc/uartps_v3_1/src"
make -C ps7_cortexa9_0/libsrc/uartps_v3_1/src -s libs  "SHELL=CMD" "COMPILER=arm-xilinx-eabi-gcc" "ARCHIVER=arm-xilinx-eabi-ar" "COMPILER_FLAGS=  -O2 -c" "EXTRA_COMPILER_FLAGS=-g"
"Compiling uartps"
"Running Make libs in ps7_cortexa9_0/libsrc/usbps_v2_2/src"
make -C ps7_cortexa9_0/libsrc/usbps_v2_2/src -s libs  "SHELL=CMD" "COMPILER=arm-xilinx-eabi-gcc" "ARCHIVER=arm-xilinx-eabi-ar" "COMPILER_FLAGS=  -O2 -c" "EXTRA_COMPILER_FLAGS=-g"
"Compiling usbps"
"Running Make libs in ps7_cortexa9_0/libsrc/xadcps_v2_2/src"
make -C ps7_cortexa9_0/libsrc/xadcps_v2_2/src -s libs  "SHELL=CMD" "COMPILER=arm-xilinx-eabi-gcc" "ARCHIVER=arm-xilinx-eabi-ar" "COMPILER_FLAGS=  -O2 -c" "EXTRA_COMPILER_FLAGS=-g"
"Compiling xadcps"
"Running Make libs in ps7_cortexa9_0/libsrc/ZedboardOLED_v1_0/src"
make -C ps7_cortexa9_0/libsrc/ZedboardOLED_v1_0/src -s libs  "SHELL=CMD" "COMPILER=arm-xilinx-eabi-gcc" "ARCHIVER=arm-xilinx-eabi-ar" "COMPILER_FLAGS=  -O2 -c" "EXTRA_COMPILER_FLAGS=-g"
"Compiling ZedboardOLED..."
'Finished building libraries'
11:37:44 **** Build of configuration Debug for project oledTest ****
make all 
'Building file: ../src/echo.c'
'Invoking: ARM gcc compiler'
arm-xilinx-eabi-gcc -Wall -O0 -g3 -c -fmessage-length=0 -MT"src/echo.o" -I../../oledTest_bsp/ps7_cortexa9_0/include -MMD -MP -MF"src/echo.d" -MT"src/echo.d" -o "src/echo.o" "../src/echo.c"
'Finished building: ../src/echo.c'
' '
'Building file: ../src/i2c_access.c'
'Invoking: ARM gcc compiler'
arm-xilinx-eabi-gcc -Wall -O0 -g3 -c -fmessage-length=0 -MT"src/i2c_access.o" -I../../oledTest_bsp/ps7_cortexa9_0/include -MMD -MP -MF"src/i2c_access.d" -MT"src/i2c_access.d" -o "src/i2c_access.o" "../src/i2c_access.c"
'Finished building: ../src/i2c_access.c'
' '
'Building file: ../src/main.c'
'Invoking: ARM gcc compiler'
arm-xilinx-eabi-gcc -Wall -O0 -g3 -c -fmessage-length=0 -MT"src/main.o" -I../../oledTest_bsp/ps7_cortexa9_0/include -MMD -MP -MF"src/main.d" -MT"src/main.d" -o "src/main.o" "../src/main.c"
'Finished building: ../src/main.c'
' '
'Building file: ../src/platform.c'
'Invoking: ARM gcc compiler'
arm-xilinx-eabi-gcc -Wall -O0 -g3 -c -fmessage-length=0 -MT"src/platform.o" -I../../oledTest_bsp/ps7_cortexa9_0/include -MMD -MP -MF"src/platform.d" -MT"src/platform.d" -o "src/platform.o" "../src/platform.c"
'Finished building: ../src/platform.c'
' '
'Building file: ../src/platform_mb.c'
'Invoking: ARM gcc compiler'
arm-xilinx-eabi-gcc -Wall -O0 -g3 -c -fmessage-length=0 -MT"src/platform_mb.o" -I../../oledTest_bsp/ps7_cortexa9_0/include -MMD -MP -MF"src/platform_mb.d" -MT"src/platform_mb.d" -o "src/platform_mb.o" "../src/platform_mb.c"
'Finished building: ../src/platform_mb.c'
' '
'Building file: ../src/platform_ppc.c'
'Invoking: ARM gcc compiler'
arm-xilinx-eabi-gcc -Wall -O0 -g3 -c -fmessage-length=0 -MT"src/platform_ppc.o" -I../../oledTest_bsp/ps7_cortexa9_0/include -MMD -MP -MF"src/platform_ppc.d" -MT"src/platform_ppc.d" -o "src/platform_ppc.o" "../src/platform_ppc.c"
'Finished building: ../src/platform_ppc.c'
' '
'Building file: ../src/platform_zynq.c'
'Invoking: ARM gcc compiler'
arm-xilinx-eabi-gcc -Wall -O0 -g3 -c -fmessage-length=0 -MT"src/platform_zynq.o" -I../../oledTest_bsp/ps7_cortexa9_0/include -MMD -MP -MF"src/platform_zynq.d" -MT"src/platform_zynq.d" -o "src/platform_zynq.o" "../src/platform_zynq.c"
'Finished building: ../src/platform_zynq.c'
' '
'Building file: ../src/platform_zynqmp.c'
'Invoking: ARM gcc compiler'
arm-xilinx-eabi-gcc -Wall -O0 -g3 -c -fmessage-length=0 -MT"src/platform_zynqmp.o" -I../../oledTest_bsp/ps7_cortexa9_0/include -MMD -MP -MF"src/platform_zynqmp.d" -MT"src/platform_zynqmp.d" -o "src/platform_zynqmp.o" "../src/platform_zynqmp.c"
'Finished building: ../src/platform_zynqmp.c'
' '
'Building file: ../src/sfp.c'
'Invoking: ARM gcc compiler'
arm-xilinx-eabi-gcc -Wall -O0 -g3 -c -fmessage-length=0 -MT"src/sfp.o" -I../../oledTest_bsp/ps7_cortexa9_0/include -MMD -MP -MF"src/sfp.d" -MT"src/sfp.d" -o "src/sfp.o" "../src/sfp.c"
'Finished building: ../src/sfp.c'
' '
'Building file: ../src/si5324.c'
'Invoking: ARM gcc compiler'
arm-xilinx-eabi-gcc -Wall -O0 -g3 -c -fmessage-length=0 -MT"src/si5324.o" -I../../oledTest_bsp/ps7_cortexa9_0/include -MMD -MP -MF"src/si5324.d" -MT"src/si5324.d" -o "src/si5324.o" "../src/si5324.c"
'Finished building: ../src/si5324.c'
' '
'Building target: oledTest.elf'
'Invoking: ARM gcc linker'
arm-xilinx-eabi-gcc -Wl,-T -Wl,../src/lscript.ld -L../../oledTest_bsp/ps7_cortexa9_0/lib -o "oledTest.elf"  ./src/echo.o ./src/i2c_access.o ./src/main.o ./src/platform.o ./src/platform_mb.o ./src/platform_ppc.o ./src/platform_zynq.o ./src/platform_zynqmp.o ./src/sfp.o ./src/si5324.o   -Wl,--start-group,-lxil,-lgcc,-lc,--end-group -Wl,--start-group,-lxil,-llwip4,-lgcc,-lc,--end-group
'Finished building target: oledTest.elf'
' '
'Invoking: ARM Print Size'
arm-xilinx-eabi-size oledTest.elf  |tee "oledTest.elf.size"
   text	   data	    bss	    dec	    hex	filename
 103264	   3036	2218272	2324572	 23785c	oledTest.elf
'Finished building: oledTest.elf.size'
' '
11:39:33 **** Incremental Build of configuration Debug for project oledTest ****
make all 
make: Nothing to be done for `all'.
11:52:01 **** Incremental Build of configuration Debug for project oledTest ****
make all 
make: Nothing to be done for `all'.
17:04:54 **** Auto Build of configuration Debug for project oledTest ****
make all 
'Building file: ../src/main.c'
'Invoking: ARM gcc compiler'
arm-xilinx-eabi-gcc -Wall -O0 -g3 -c -fmessage-length=0 -MT"src/main.o" -I../../oledTest_bsp/ps7_cortexa9_0/include -MMD -MP -MF"src/main.d" -MT"src/main.d" -o "src/main.o" "../src/main.c"
../src/main.c: In function 'main':
../src/main.c:174:2: warning: implicit declaration of function 'clear' [-Wimplicit-function-declaration]
  clear();
  ^
'Finished building: ../src/main.c'
' '
'Building target: oledTest.elf'
'Invoking: ARM gcc linker'
arm-xilinx-eabi-gcc -Wl,-T -Wl,../src/lscript.ld -L../../oledTest_bsp/ps7_cortexa9_0/lib -o "oledTest.elf"  ./src/echo.o ./src/i2c_access.o ./src/main.o ./src/platform.o ./src/platform_mb.o ./src/platform_ppc.o ./src/platform_zynq.o ./src/platform_zynqmp.o ./src/sfp.o ./src/si5324.o   -Wl,--start-group,-lxil,-lgcc,-lc,--end-group -Wl,--start-group,-lxil,-llwip4,-lgcc,-lc,--end-group
'Finished building target: oledTest.elf'
' '
'Invoking: ARM Print Size'
arm-xilinx-eabi-size oledTest.elf  |tee "oledTest.elf.size"
   text	   data	    bss	    dec	    hex	filename
 103892	   3036	2218272	2325200	 237ad0	oledTest.elf
'Finished building: oledTest.elf.size'
' '
17:06:07 **** Auto Build of configuration Debug for project oledTest ****
make all 
'Building file: ../src/echo.c'
'Invoking: ARM gcc compiler'
arm-xilinx-eabi-gcc -Wall -O0 -g3 -c -fmessage-length=0 -MT"src/echo.o" -I../../oledTest_bsp/ps7_cortexa9_0/include -MMD -MP -MF"src/echo.d" -MT"src/echo.d" -o "src/echo.o" "../src/echo.c"
../src/echo.c: In function 'recv_callback':
../src/echo.c:69:3: warning: implicit declaration of function 'print_char' [-Wimplicit-function-declaration]
   print_char("%c", p-> payload);
   ^
'Finished building: ../src/echo.c'
' '
'Building target: oledTest.elf'
'Invoking: ARM gcc linker'
arm-xilinx-eabi-gcc -Wl,-T -Wl,../src/lscript.ld -L../../oledTest_bsp/ps7_cortexa9_0/lib -o "oledTest.elf"  ./src/echo.o ./src/i2c_access.o ./src/main.o ./src/platform.o ./src/platform_mb.o ./src/platform_ppc.o ./src/platform_zynq.o ./src/platform_zynqmp.o ./src/sfp.o ./src/si5324.o   -Wl,--start-group,-lxil,-lgcc,-lc,--end-group -Wl,--start-group,-lxil,-llwip4,-lgcc,-lc,--end-group
'Finished building target: oledTest.elf'
' '
'Invoking: ARM Print Size'
arm-xilinx-eabi-size oledTest.elf  |tee "oledTest.elf.size"
   text	   data	    bss	    dec	    hex	filename
 103896	   3036	2218272	2325204	 237ad4	oledTest.elf
'Finished building: oledTest.elf.size'
' '
17:08:15 **** Incremental Build of configuration Debug for project oledTest ****
make all 
make: Nothing to be done for `all'.
17:09:55 **** Auto Build of configuration Debug for project oledTest ****
make all 
'Building file: ../src/main.c'
'Invoking: ARM gcc compiler'
arm-xilinx-eabi-gcc -Wall -O0 -g3 -c -fmessage-length=0 -MT"src/main.o" -I../../oledTest_bsp/ps7_cortexa9_0/include -MMD -MP -MF"src/main.d" -MT"src/main.d" -o "src/main.o" "../src/main.c"
../src/main.c: In function 'main':
../src/main.c:174:2: warning: implicit declaration of function 'clear' [-Wimplicit-function-declaration]
  clear();
  ^
../src/main.c:175:2: warning: implicit declaration of function 'print_message' [-Wimplicit-function-declaration]
  print_message("Hello")
  ^
../src/main.c:177:2: error: expected ';' before 'start_application'
  start_application();
  ^
make: *** [src/main.o] Error 1
17:09:58 **** Auto Build of configuration Debug for project oledTest ****
make all 
'Building file: ../src/main.c'
'Invoking: ARM gcc compiler'
arm-xilinx-eabi-gcc -Wall -O0 -g3 -c -fmessage-length=0 -MT"src/main.o" -I../../oledTest_bsp/ps7_cortexa9_0/include -MMD -MP -MF"src/main.d" -MT"src/main.d" -o "src/main.o" "../src/main.c"
../src/main.c: In function 'main':
../src/main.c:174:2: warning: implicit declaration of function 'clear' [-Wimplicit-function-declaration]
  clear();
  ^
../src/main.c:175:2: warning: implicit declaration of function 'print_message' [-Wimplicit-function-declaration]
  print_message("Hello");
  ^
'Finished building: ../src/main.c'
' '
'Building target: oledTest.elf'
'Invoking: ARM gcc linker'
arm-xilinx-eabi-gcc -Wl,-T -Wl,../src/lscript.ld -L../../oledTest_bsp/ps7_cortexa9_0/lib -o "oledTest.elf"  ./src/echo.o ./src/i2c_access.o ./src/main.o ./src/platform.o ./src/platform_mb.o ./src/platform_ppc.o ./src/platform_zynq.o ./src/platform_zynqmp.o ./src/sfp.o ./src/si5324.o   -Wl,--start-group,-lxil,-lgcc,-lc,--end-group -Wl,--start-group,-lxil,-llwip4,-lgcc,-lc,--end-group
'Finished building target: oledTest.elf'
' '
'Invoking: ARM Print Size'
arm-xilinx-eabi-size oledTest.elf  |tee "oledTest.elf.size"
   text	   data	    bss	    dec	    hex	filename
 103904	   3036	2218272	2325212	 237adc	oledTest.elf
'Finished building: oledTest.elf.size'
' '
17:10:05 **** Incremental Build of configuration Debug for project oledTest ****
make all 
make: Nothing to be done for `all'.
17:11:57 **** Auto Build of configuration Debug for project oledTest ****
make all 
'Building file: ../src/echo.c'
'Invoking: ARM gcc compiler'
arm-xilinx-eabi-gcc -Wall -O0 -g3 -c -fmessage-length=0 -MT"src/echo.o" -I../../oledTest_bsp/ps7_cortexa9_0/include -MMD -MP -MF"src/echo.d" -MT"src/echo.d" -o "src/echo.o" "../src/echo.c"
../src/echo.c: In function 'recv_callback':
../src/echo.c:69:3: warning: format '%c' expects argument of type 'int', but argument 2 has type 'void *' [-Wformat=]
   printf("%c\n", p->payload);
   ^
../src/echo.c:69:3: warning: format '%c' expects argument of type 'int', but argument 2 has type 'void *' [-Wformat=]
'Finished building: ../src/echo.c'
' '
'Building target: oledTest.elf'
'Invoking: ARM gcc linker'
arm-xilinx-eabi-gcc -Wl,-T -Wl,../src/lscript.ld -L../../oledTest_bsp/ps7_cortexa9_0/lib -o "oledTest.elf"  ./src/echo.o ./src/i2c_access.o ./src/main.o ./src/platform.o ./src/platform_mb.o ./src/platform_ppc.o ./src/platform_zynq.o ./src/platform_zynqmp.o ./src/sfp.o ./src/si5324.o   -Wl,--start-group,-lxil,-lgcc,-lc,--end-group -Wl,--start-group,-lxil,-llwip4,-lgcc,-lc,--end-group
'Finished building target: oledTest.elf'
' '
'Invoking: ARM Print Size'
arm-xilinx-eabi-size oledTest.elf  |tee "oledTest.elf.size"
   text	   data	    bss	    dec	    hex	filename
 129260	   3164	2218272	2350696	 23de68	oledTest.elf
'Finished building: oledTest.elf.size'
' '
17:12:08 **** Incremental Build of configuration Debug for project oledTest ****
make all 
make: Nothing to be done for `all'.
17:21:57 **** Auto Build of configuration Debug for project oledTest ****
make all 
'Building file: ../src/echo.c'
'Invoking: ARM gcc compiler'
arm-xilinx-eabi-gcc -Wall -O0 -g3 -c -fmessage-length=0 -MT"src/echo.o" -I../../oledTest_bsp/ps7_cortexa9_0/include -MMD -MP -MF"src/echo.d" -MT"src/echo.d" -o "src/echo.o" "../src/echo.c"
../src/echo.c: In function 'recv_callback':
../src/echo.c:69:18: warning: dereferencing 'void *' pointer
   printf("%c\n", *(p->payload));
                  ^
../src/echo.c:69:3: error: invalid use of void expression
   printf("%c\n", *(p->payload));
   ^
make: *** [src/echo.o] Error 1
17:23:02 **** Auto Build of configuration Debug for project oledTest ****
make all 
'Building file: ../src/echo.c'
'Invoking: ARM gcc compiler'
arm-xilinx-eabi-gcc -Wall -O0 -g3 -c -fmessage-length=0 -MT"src/echo.o" -I../../oledTest_bsp/ps7_cortexa9_0/include -MMD -MP -MF"src/echo.d" -MT"src/echo.d" -o "src/echo.o" "../src/echo.c"
../src/echo.c: In function 'recv_callback':
../src/echo.c:69:21: error: expected identifier before '(' token
   printf("%c\n", p->(*payload));
                     ^
make: *** [src/echo.o] Error 1
17:23:08 **** Auto Build of configuration Debug for project oledTest ****
make all 
'Building file: ../src/echo.c'
'Invoking: ARM gcc compiler'
arm-xilinx-eabi-gcc -Wall -O0 -g3 -c -fmessage-length=0 -MT"src/echo.o" -I../../oledTest_bsp/ps7_cortexa9_0/include -MMD -MP -MF"src/echo.d" -MT"src/echo.d" -o "src/echo.o" "../src/echo.c"
../src/echo.c: In function 'recv_callback':
../src/echo.c:69:3: warning: format '%c' expects argument of type 'int', but argument 2 has type 'void *' [-Wformat=]
   printf("%c\n", p->payload);
   ^
../src/echo.c:69:3: warning: format '%c' expects argument of type 'int', but argument 2 has type 'void *' [-Wformat=]
'Finished building: ../src/echo.c'
' '
'Building target: oledTest.elf'
'Invoking: ARM gcc linker'
arm-xilinx-eabi-gcc -Wl,-T -Wl,../src/lscript.ld -L../../oledTest_bsp/ps7_cortexa9_0/lib -o "oledTest.elf"  ./src/echo.o ./src/i2c_access.o ./src/main.o ./src/platform.o ./src/platform_mb.o ./src/platform_ppc.o ./src/platform_zynq.o ./src/platform_zynqmp.o ./src/sfp.o ./src/si5324.o   -Wl,--start-group,-lxil,-lgcc,-lc,--end-group -Wl,--start-group,-lxil,-llwip4,-lgcc,-lc,--end-group
'Finished building target: oledTest.elf'
' '
'Invoking: ARM Print Size'
arm-xilinx-eabi-size oledTest.elf  |tee "oledTest.elf.size"
   text	   data	    bss	    dec	    hex	filename
 129260	   3164	2218272	2350696	 23de68	oledTest.elf
'Finished building: oledTest.elf.size'
' '
17:23:47 **** Auto Build of configuration Debug for project oledTest ****
make all 
'Building file: ../src/echo.c'
'Invoking: ARM gcc compiler'
arm-xilinx-eabi-gcc -Wall -O0 -g3 -c -fmessage-length=0 -MT"src/echo.o" -I../../oledTest_bsp/ps7_cortexa9_0/include -MMD -MP -MF"src/echo.d" -MT"src/echo.d" -o "src/echo.o" "../src/echo.c"
../src/echo.c: In function 'recv_callback':
../src/echo.c:69:3: warning: format '%d' expects argument of type 'int', but argument 2 has type 'void *' [-Wformat=]
   printf("%d\n", p->payload);
   ^
../src/echo.c:69:3: warning: format '%d' expects argument of type 'int', but argument 2 has type 'void *' [-Wformat=]
'Finished building: ../src/echo.c'
' '
'Building target: oledTest.elf'
'Invoking: ARM gcc linker'
arm-xilinx-eabi-gcc -Wl,-T -Wl,../src/lscript.ld -L../../oledTest_bsp/ps7_cortexa9_0/lib -o "oledTest.elf"  ./src/echo.o ./src/i2c_access.o ./src/main.o ./src/platform.o ./src/platform_mb.o ./src/platform_ppc.o ./src/platform_zynq.o ./src/platform_zynqmp.o ./src/sfp.o ./src/si5324.o   -Wl,--start-group,-lxil,-lgcc,-lc,--end-group -Wl,--start-group,-lxil,-llwip4,-lgcc,-lc,--end-group
'Finished building target: oledTest.elf'
' '
'Invoking: ARM Print Size'
arm-xilinx-eabi-size oledTest.elf  |tee "oledTest.elf.size"
   text	   data	    bss	    dec	    hex	filename
 129260	   3164	2218272	2350696	 23de68	oledTest.elf
'Finished building: oledTest.elf.size'
' '
17:25:13 **** Auto Build of configuration Debug for project oledTest ****
make all 
'Building file: ../src/echo.c'
'Invoking: ARM gcc compiler'
arm-xilinx-eabi-gcc -Wall -O0 -g3 -c -fmessage-length=0 -MT"src/echo.o" -I../../oledTest_bsp/ps7_cortexa9_0/include -MMD -MP -MF"src/echo.d" -MT"src/echo.d" -o "src/echo.o" "../src/echo.c"
'Finished building: ../src/echo.c'
' '
'Building target: oledTest.elf'
'Invoking: ARM gcc linker'
arm-xilinx-eabi-gcc -Wl,-T -Wl,../src/lscript.ld -L../../oledTest_bsp/ps7_cortexa9_0/lib -o "oledTest.elf"  ./src/echo.o ./src/i2c_access.o ./src/main.o ./src/platform.o ./src/platform_mb.o ./src/platform_ppc.o ./src/platform_zynq.o ./src/platform_zynqmp.o ./src/sfp.o ./src/si5324.o   -Wl,--start-group,-lxil,-lgcc,-lc,--end-group -Wl,--start-group,-lxil,-llwip4,-lgcc,-lc,--end-group
'Finished building target: oledTest.elf'
' '
'Invoking: ARM Print Size'
arm-xilinx-eabi-size oledTest.elf  |tee "oledTest.elf.size"
   text	   data	    bss	    dec	    hex	filename
 129260	   3164	2218272	2350696	 23de68	oledTest.elf
'Finished building: oledTest.elf.size'
' '
17:25:21 **** Incremental Build of configuration Debug for project oledTest ****
make all 
make: Nothing to be done for `all'.
17:27:44 **** Auto Build of configuration Debug for project oledTest ****
make all 
'Building file: ../src/echo.c'
'Invoking: ARM gcc compiler'
arm-xilinx-eabi-gcc -Wall -O0 -g3 -c -fmessage-length=0 -MT"src/echo.o" -I../../oledTest_bsp/ps7_cortexa9_0/include -MMD -MP -MF"src/echo.d" -MT"src/echo.d" -o "src/echo.o" "../src/echo.c"
../src/echo.c: In function 'recv_callback':
../src/echo.c:69:24: warning: dereferencing 'void *' pointer
   printf("%c\n", (char)*(p->payload));
                        ^
../src/echo.c:69:3: error: invalid use of void expression
   printf("%c\n", (char)*(p->payload));
   ^
make: *** [src/echo.o] Error 1
17:28:08 **** Auto Build of configuration Debug for project oledTest ****
make all 
'Building file: ../src/echo.c'
'Invoking: ARM gcc compiler'
arm-xilinx-eabi-gcc -Wall -O0 -g3 -c -fmessage-length=0 -MT"src/echo.o" -I../../oledTest_bsp/ps7_cortexa9_0/include -MMD -MP -MF"src/echo.d" -MT"src/echo.d" -o "src/echo.o" "../src/echo.c"
../src/echo.c: In function 'recv_callback':
../src/echo.c:69:18: warning: cast from pointer to integer of different size [-Wpointer-to-int-cast]
   printf("%c\n", (char)p->payload);
                  ^
'Finished building: ../src/echo.c'
' '
'Building target: oledTest.elf'
'Invoking: ARM gcc linker'
arm-xilinx-eabi-gcc -Wl,-T -Wl,../src/lscript.ld -L../../oledTest_bsp/ps7_cortexa9_0/lib -o "oledTest.elf"  ./src/echo.o ./src/i2c_access.o ./src/main.o ./src/platform.o ./src/platform_mb.o ./src/platform_ppc.o ./src/platform_zynq.o ./src/platform_zynqmp.o ./src/sfp.o ./src/si5324.o   -Wl,--start-group,-lxil,-lgcc,-lc,--end-group -Wl,--start-group,-lxil,-llwip4,-lgcc,-lc,--end-group
'Finished building target: oledTest.elf'
' '
'Invoking: ARM Print Size'
arm-xilinx-eabi-size oledTest.elf  |tee "oledTest.elf.size"
   text	   data	    bss	    dec	    hex	filename
 129260	   3164	2218272	2350696	 23de68	oledTest.elf
'Finished building: oledTest.elf.size'
' '
17:31:21 **** Auto Build of configuration Debug for project oledTest ****
make all 
'Building file: ../src/echo.c'
'Invoking: ARM gcc compiler'
arm-xilinx-eabi-gcc -Wall -O0 -g3 -c -fmessage-length=0 -MT"src/echo.o" -I../../oledTest_bsp/ps7_cortexa9_0/include -MMD -MP -MF"src/echo.d" -MT"src/echo.d" -o "src/echo.o" "../src/echo.c"
../src/echo.c: In function 'recv_callback':
../src/echo.c:69:3: warning: format '%c' expects argument of type 'int', but argument 2 has type 'char *' [-Wformat=]
   printf("%c\n", (char *)p->payload);
   ^
../src/echo.c:69:3: warning: format '%c' expects argument of type 'int', but argument 2 has type 'char *' [-Wformat=]
'Finished building: ../src/echo.c'
' '
'Building target: oledTest.elf'
'Invoking: ARM gcc linker'
arm-xilinx-eabi-gcc -Wl,-T -Wl,../src/lscript.ld -L../../oledTest_bsp/ps7_cortexa9_0/lib -o "oledTest.elf"  ./src/echo.o ./src/i2c_access.o ./src/main.o ./src/platform.o ./src/platform_mb.o ./src/platform_ppc.o ./src/platform_zynq.o ./src/platform_zynqmp.o ./src/sfp.o ./src/si5324.o   -Wl,--start-group,-lxil,-lgcc,-lc,--end-group -Wl,--start-group,-lxil,-llwip4,-lgcc,-lc,--end-group
'Finished building target: oledTest.elf'
' '
'Invoking: ARM Print Size'
arm-xilinx-eabi-size oledTest.elf  |tee "oledTest.elf.size"
   text	   data	    bss	    dec	    hex	filename
 129260	   3164	2218272	2350696	 23de68	oledTest.elf
'Finished building: oledTest.elf.size'
' '
17:31:37 **** Incremental Build of configuration Debug for project oledTest ****
make all 
make: Nothing to be done for `all'.
17:33:37 **** Auto Build of configuration Debug for project oledTest ****
make all 
'Building file: ../src/echo.c'
'Invoking: ARM gcc compiler'
arm-xilinx-eabi-gcc -Wall -O0 -g3 -c -fmessage-length=0 -MT"src/echo.o" -I../../oledTest_bsp/ps7_cortexa9_0/include -MMD -MP -MF"src/echo.d" -MT"src/echo.d" -o "src/echo.o" "../src/echo.c"
../src/echo.c: In function 'recv_callback':
../src/echo.c:69:3: warning: format '%d' expects argument of type 'int', but argument 2 has type 'char *' [-Wformat=]
   printf("%d\n", (char *)p->payload);
   ^
../src/echo.c:69:3: warning: format '%d' expects argument of type 'int', but argument 2 has type 'char *' [-Wformat=]
'Finished building: ../src/echo.c'
' '
'Building target: oledTest.elf'
'Invoking: ARM gcc linker'
arm-xilinx-eabi-gcc -Wl,-T -Wl,../src/lscript.ld -L../../oledTest_bsp/ps7_cortexa9_0/lib -o "oledTest.elf"  ./src/echo.o ./src/i2c_access.o ./src/main.o ./src/platform.o ./src/platform_mb.o ./src/platform_ppc.o ./src/platform_zynq.o ./src/platform_zynqmp.o ./src/sfp.o ./src/si5324.o   -Wl,--start-group,-lxil,-lgcc,-lc,--end-group -Wl,--start-group,-lxil,-llwip4,-lgcc,-lc,--end-group
'Finished building target: oledTest.elf'
' '
'Invoking: ARM Print Size'
arm-xilinx-eabi-size oledTest.elf  |tee "oledTest.elf.size"
   text	   data	    bss	    dec	    hex	filename
 129260	   3164	2218272	2350696	 23de68	oledTest.elf
'Finished building: oledTest.elf.size'
' '
17:33:53 **** Incremental Build of configuration Debug for project oledTest ****
make all 
make: Nothing to be done for `all'.
17:34:46 **** Auto Build of configuration Debug for project oledTest ****
make all 
'Building file: ../src/echo.c'
'Invoking: ARM gcc compiler'
arm-xilinx-eabi-gcc -Wall -O0 -g3 -c -fmessage-length=0 -MT"src/echo.o" -I../../oledTest_bsp/ps7_cortexa9_0/include -MMD -MP -MF"src/echo.d" -MT"src/echo.d" -o "src/echo.o" "../src/echo.c"
'Finished building: ../src/echo.c'
' '
'Building target: oledTest.elf'
'Invoking: ARM gcc linker'
arm-xilinx-eabi-gcc -Wl,-T -Wl,../src/lscript.ld -L../../oledTest_bsp/ps7_cortexa9_0/lib -o "oledTest.elf"  ./src/echo.o ./src/i2c_access.o ./src/main.o ./src/platform.o ./src/platform_mb.o ./src/platform_ppc.o ./src/platform_zynq.o ./src/platform_zynqmp.o ./src/sfp.o ./src/si5324.o   -Wl,--start-group,-lxil,-lgcc,-lc,--end-group -Wl,--start-group,-lxil,-llwip4,-lgcc,-lc,--end-group
'Finished building target: oledTest.elf'
' '
'Invoking: ARM Print Size'
arm-xilinx-eabi-size oledTest.elf  |tee "oledTest.elf.size"
   text	   data	    bss	    dec	    hex	filename
 129260	   3164	2218272	2350696	 23de68	oledTest.elf
'Finished building: oledTest.elf.size'
' '
17:34:54 **** Incremental Build of configuration Debug for project oledTest ****
make all 
make: Nothing to be done for `all'.
17:35:51 **** Auto Build of configuration Debug for project oledTest ****
make all 
'Building file: ../src/echo.c'
'Invoking: ARM gcc compiler'
arm-xilinx-eabi-gcc -Wall -O0 -g3 -c -fmessage-length=0 -MT"src/echo.o" -I../../oledTest_bsp/ps7_cortexa9_0/include -MMD -MP -MF"src/echo.d" -MT"src/echo.d" -o "src/echo.o" "../src/echo.c"
'Finished building: ../src/echo.c'
' '
'Building target: oledTest.elf'
'Invoking: ARM gcc linker'
arm-xilinx-eabi-gcc -Wl,-T -Wl,../src/lscript.ld -L../../oledTest_bsp/ps7_cortexa9_0/lib -o "oledTest.elf"  ./src/echo.o ./src/i2c_access.o ./src/main.o ./src/platform.o ./src/platform_mb.o ./src/platform_ppc.o ./src/platform_zynq.o ./src/platform_zynqmp.o ./src/sfp.o ./src/si5324.o   -Wl,--start-group,-lxil,-lgcc,-lc,--end-group -Wl,--start-group,-lxil,-llwip4,-lgcc,-lc,--end-group
'Finished building target: oledTest.elf'
' '
'Invoking: ARM Print Size'
arm-xilinx-eabi-size oledTest.elf  |tee "oledTest.elf.size"
   text	   data	    bss	    dec	    hex	filename
 129260	   3164	2218272	2350696	 23de68	oledTest.elf
'Finished building: oledTest.elf.size'
' '
17:36:02 **** Incremental Build of configuration Debug for project oledTest ****
make all 
make: Nothing to be done for `all'.
11:55:46 **** Auto Build of configuration Debug for project oledTest ****
make all 
'Building file: ../src/echo.c'
'Invoking: ARM gcc compiler'
arm-xilinx-eabi-gcc -Wall -O0 -g3 -c -fmessage-length=0 -MT"src/echo.o" -I../../oledTest_bsp/ps7_cortexa9_0/include -MMD -MP -MF"src/echo.d" -MT"src/echo.d" -o "src/echo.o" "../src/echo.c"
'Finished building: ../src/echo.c'
' '
'Building target: oledTest.elf'
'Invoking: ARM gcc linker'
arm-xilinx-eabi-gcc -Wl,-T -Wl,../src/lscript.ld -L../../oledTest_bsp/ps7_cortexa9_0/lib -o "oledTest.elf"  ./src/echo.o ./src/i2c_access.o ./src/main.o ./src/platform.o ./src/platform_mb.o ./src/platform_ppc.o ./src/platform_zynq.o ./src/platform_zynqmp.o ./src/sfp.o ./src/si5324.o   -Wl,--start-group,-lxil,-lgcc,-lc,--end-group -Wl,--start-group,-lxil,-llwip4,-lgcc,-lc,--end-group
'Finished building target: oledTest.elf'
' '
'Invoking: ARM Print Size'
arm-xilinx-eabi-size oledTest.elf  |tee "oledTest.elf.size"
   text	   data	    bss	    dec	    hex	filename
 129196	   3164	2218272	2350632	 23de28	oledTest.elf
'Finished building: oledTest.elf.size'
' '
11:56:48 **** Incremental Build of configuration Debug for project oledTest ****
make all 
make: Nothing to be done for `all'.
12:07:14 **** Auto Build of configuration Debug for project oledTest ****
make all 
'Building file: ../src/echo.c'
'Invoking: ARM gcc compiler'
arm-xilinx-eabi-gcc -Wall -O0 -g3 -c -fmessage-length=0 -MT"src/echo.o" -I../../oledTest_bsp/ps7_cortexa9_0/include -MMD -MP -MF"src/echo.d" -MT"src/echo.d" -o "src/echo.o" "../src/echo.c"
'Finished building: ../src/echo.c'
' '
'Building target: oledTest.elf'
'Invoking: ARM gcc linker'
arm-xilinx-eabi-gcc -Wl,-T -Wl,../src/lscript.ld -L../../oledTest_bsp/ps7_cortexa9_0/lib -o "oledTest.elf"  ./src/echo.o ./src/i2c_access.o ./src/main.o ./src/platform.o ./src/platform_mb.o ./src/platform_ppc.o ./src/platform_zynq.o ./src/platform_zynqmp.o ./src/sfp.o ./src/si5324.o   -Wl,--start-group,-lxil,-lgcc,-lc,--end-group -Wl,--start-group,-lxil,-llwip4,-lgcc,-lc,--end-group
'Finished building target: oledTest.elf'
' '
'Invoking: ARM Print Size'
arm-xilinx-eabi-size oledTest.elf  |tee "oledTest.elf.size"
   text	   data	    bss	    dec	    hex	filename
 103808	   3036	2218272	2325116	 237a7c	oledTest.elf
'Finished building: oledTest.elf.size'
' '
12:07:57 **** Incremental Build of configuration Debug for project oledTest ****
make all 
make: Nothing to be done for `all'.
12:08:47 **** Incremental Build of configuration Debug for project oledTest ****
make all 
make: Nothing to be done for `all'.
10:25:59 **** Auto Build of configuration Debug for project oledTest ****
make all 
make: Nothing to be done for `all'.
10:53:07 **** Auto Build of configuration Debug for project oledTest ****
make all 
'Building file: ../src/echo.c'
'Invoking: ARM gcc compiler'
arm-xilinx-eabi-gcc -Wall -O0 -g3 -c -fmessage-length=0 -MT"src/echo.o" -I../../oledTest_bsp/ps7_cortexa9_0/include -MMD -MP -MF"src/echo.d" -MT"src/echo.d" -o "src/echo.o" "../src/echo.c"
'Finished building: ../src/echo.c'
' '
'Building target: oledTest.elf'
'Invoking: ARM gcc linker'
arm-xilinx-eabi-gcc -Wl,-T -Wl,../src/lscript.ld -L../../oledTest_bsp/ps7_cortexa9_0/lib -o "oledTest.elf"  ./src/echo.o ./src/i2c_access.o ./src/main.o ./src/platform.o ./src/platform_mb.o ./src/platform_ppc.o ./src/platform_zynq.o ./src/platform_zynqmp.o ./src/sfp.o ./src/si5324.o   -Wl,--start-group,-lxil,-lgcc,-lc,--end-group -Wl,--start-group,-lxil,-llwip4,-lgcc,-lc,--end-group
'Finished building target: oledTest.elf'
' '
'Invoking: ARM Print Size'
arm-xilinx-eabi-size oledTest.elf  |tee "oledTest.elf.size"
   text	   data	    bss	    dec	    hex	filename
 103900	   3036	2218272	2325208	 237ad8	oledTest.elf
'Finished building: oledTest.elf.size'
' '
10:57:19 **** Incremental Build of configuration Debug for project oledTest ****
make all 
make: Nothing to be done for `all'.
