Copyright 1986-2014 Xilinx, Inc. All Rights Reserved.
---------------------------------------------------------------------------------------------------------------------------
| Tool Version : Vivado v.2014.3 (win64) Build 1018564 Mon Sep 15 19:04:16 MDT 2014
| Date         : Thu Sep 25 11:55:45 2014
| Host         : XHDKATTAD30 running 64-bit Service Pack 1  (build 7601)
| Command      : report_utilization -file design_1_wrapper_utilization_synth.rpt -pb design_1_wrapper_utilization_synth.pb
| Design       : design_1_wrapper
| Device       : xc7a200t
| Design State : Synthesized
---------------------------------------------------------------------------------------------------------------------------

Utilization Design Information

Table of Contents
-----------------
1. Slice Logic
1.1 Summary of Registers by Type
2. Memory
3. DSP
4. IO and GT Specific
5. Clocking
6. Specific Feature
7. Primitives
8. Black Boxes
9. Instantiated Netlists

1. Slice Logic
--------------

+----------------------------+-------+-------+-----------+-------+
|          Site Type         |  Used | Fixed | Available | Util% |
+----------------------------+-------+-------+-----------+-------+
| Slice LUTs*                | 32288 |     0 |    134600 | 23.98 |
|   LUT as Logic             | 28653 |     0 |    134600 | 21.28 |
|   LUT as Memory            |  3635 |     0 |     46200 |  7.86 |
|     LUT as Distributed RAM |  2568 |     0 |           |       |
|     LUT as Shift Register  |  1067 |     0 |           |       |
| Slice Registers            | 31863 |     2 |    269200 | 11.83 |
|   Register as Flip Flop    | 31845 |     2 |    269200 | 11.82 |
|   Register as Latch        |     0 |     0 |    269200 |  0.00 |
|   Register as AND/OR       |    18 |     0 |    269200 | <0.01 |
| F7 Muxes                   |   911 |     0 |     67300 |  1.35 |
| F8 Muxes                   |     2 |     0 |     33650 | <0.01 |
+----------------------------+-------+-------+-----------+-------+
* Warning! The Final LUT count, after physical optimizations and full implementation, is typically lower. Run opt_design after synthesis, if not already completed, for a more realistic count.


1.1 Summary of Registers by Type
--------------------------------

+-------+--------------+-------------+--------------+
| Total | Clock Enable | Synchronous | Asynchronous |
+-------+--------------+-------------+--------------+
| 18    |            _ |           - |            - |
| 0     |            _ |           - |          Set |
| 0     |            _ |           - |        Reset |
| 0     |            _ |         Set |            - |
| 0     |            _ |       Reset |            - |
| 0     |          Yes |           - |            - |
| 458   |          Yes |           - |          Set |
| 1194  |          Yes |           - |        Reset |
| 1145  |          Yes |         Set |            - |
| 29048 |          Yes |       Reset |            - |
+-------+--------------+-------------+--------------+


2. Memory
---------

+-------------------+------+-------+-----------+-------+
|     Site Type     | Used | Fixed | Available | Util% |
+-------------------+------+-------+-----------+-------+
| Block RAM Tile    |   84 |     0 |       365 | 23.01 |
|   RAMB36/FIFO*    |   83 |     0 |       365 | 22.73 |
|     RAMB36E1 only |   83 |       |           |       |
|   RAMB18          |    2 |     0 |       730 |  0.27 |
|     RAMB18E1 only |    2 |       |           |       |
+-------------------+------+-------+-----------+-------+
* Note: Each Block RAM Tile only has one FIFO logic available and therefore can accommodate only one FIFO36E1 or one FIFO18E1. However, if a FIFO18E1 occupies a Block RAM Tile, that tile can still accommodate a RAMB18E1


3. DSP
------

+----------------+------+-------+-----------+-------+
|    Site Type   | Used | Fixed | Available | Util% |
+----------------+------+-------+-----------+-------+
| DSPs           |   11 |     0 |       740 |  1.48 |
|   DSP48E1 only |   11 |       |           |       |
+----------------+------+-------+-----------+-------+


4. IO and GT Specific
---------------------

+-----------------------------+------+-------+-----------+-------+
|          Site Type          | Used | Fixed | Available | Util% |
+-----------------------------+------+-------+-----------+-------+
| Bonded IOB                  |  134 |     0 |       400 | 33.50 |
| Bonded IPADs                |    0 |     0 |        26 |  0.00 |
| Bonded OPADs                |    0 |     0 |        16 |  0.00 |
| PHY_CONTROL                 |    3 |     0 |        10 | 30.00 |
| PHASER_REF                  |    3 |     0 |        10 | 30.00 |
| OUT_FIFO                    |   11 |     0 |        40 | 27.50 |
| IN_FIFO                     |    8 |     0 |        40 | 20.00 |
| IDELAYCTRL                  |    2 |     0 |        10 | 20.00 |
| IBUFGDS                     |    0 |     0 |       384 |  0.00 |
| PHASER_OUT/PHASER_OUT_PHY   |   11 |     0 |        40 | 27.50 |
|   PHASER_OUT_PHY only       |   11 |     0 |           |       |
| PHASER_IN/PHASER_IN_PHY     |    8 |     0 |        40 | 20.00 |
|   PHASER_IN_PHY only        |    8 |     0 |           |       |
| IDELAYE2/IDELAYE2_FINEDELAY |   69 |     0 |       500 | 13.80 |
|   IDELAYE2 only             |   69 |     0 |           |       |
| IBUFDS_GTE2                 |    0 |     0 |         8 |  0.00 |
| ILOGIC                      |   69 |     0 |       400 | 17.25 |
|   ISERDES                   |   64 |       |           |       |
|   IDDR                      |    5 |       |           |       |
| OLOGIC                      |  126 |     0 |       400 | 31.50 |
|   OSERDES                   |  103 |       |           |       |
|   ODDR                      |   23 |       |           |       |
+-----------------------------+------+-------+-----------+-------+


5. Clocking
-----------

+--------------+------+-------+-----------+-------+
|   Site Type  | Used | Fixed | Available | Util% |
+--------------+------+-------+-----------+-------+
| BUFGCTRL     |   12 |     0 |        32 | 37.50 |
| BUFIO        |    1 |     0 |        40 |  2.50 |
|   BUFIO only |    1 |     0 |           |       |
| MMCME2_ADV   |    3 |     0 |        10 | 30.00 |
| PLLE2_ADV    |    1 |     0 |        10 | 10.00 |
| BUFMRCE      |    0 |     0 |        20 |  0.00 |
| BUFHCE       |    2 |     0 |       120 |  1.66 |
| BUFR         |    1 |     0 |        40 |  2.50 |
+--------------+------+-------+-----------+-------+


6. Specific Feature
-------------------

+-------------+------+-------+-----------+--------+
|  Site Type  | Used | Fixed | Available |  Util% |
+-------------+------+-------+-----------+--------+
| BSCANE2     |    1 |     0 |         4 |  25.00 |
| CAPTUREE2   |    0 |     0 |         1 |   0.00 |
| DNA_PORT    |    0 |     0 |         1 |   0.00 |
| EFUSE_USR   |    0 |     0 |         1 |   0.00 |
| FRAME_ECCE2 |    0 |     0 |         1 |   0.00 |
| ICAPE2      |    0 |     0 |         2 |   0.00 |
| PCIE_2_1    |    0 |     0 |         1 |   0.00 |
| STARTUPE2   |    0 |     0 |         1 |   0.00 |
| XADC        |    1 |     0 |         1 | 100.00 |
+-------------+------+-------+-----------+--------+


7. Primitives
-------------

+--------------------------+-------+---------------------+
|         Ref Name         |  Used | Functional Category |
+--------------------------+-------+---------------------+
| FDRE                     | 29048 |        Flop & Latch |
| LUT6                     | 10505 |                 LUT |
| LUT3                     |  8287 |                 LUT |
| LUT5                     |  5447 |                 LUT |
| LUT4                     |  5067 |                 LUT |
| LUT2                     |  4182 |                 LUT |
| RAMD32                   |  3208 |  Distributed Memory |
| LUT1                     |  1432 |                 LUT |
| FDCE                     |  1194 |        Flop & Latch |
| FDSE                     |  1145 |        Flop & Latch |
| RAMS32                   |  1048 |  Distributed Memory |
| CARRY4                   |  1009 |          CarryLogic |
| MUXF7                    |   911 |               MuxFx |
| SRLC32E                  |   608 |  Distributed Memory |
| FDPE                     |   458 |        Flop & Latch |
| SRL16E                   |   452 |  Distributed Memory |
| RAMD64E                  |   408 |  Distributed Memory |
| OSERDESE2                |   103 |                  IO |
| RAMB36E1                 |    83 |        Block Memory |
| OBUFT                    |    73 |                  IO |
| IDELAYE2                 |    69 |                  IO |
| ISERDESE2                |    64 |                  IO |
| IBUF_INTERMDISABLE       |    64 |                  IO |
| OBUF                     |    33 |                  IO |
| ODDR                     |    23 |                  IO |
| OBUFTDS                  |    16 |                  IO |
| IBUFDS_INTERMDISABLE_INT |    16 |                  IO |
| AND2B1L                  |    16 |              Others |
| PHASER_OUT_PHY           |    11 |                  IO |
| OUT_FIFO                 |    11 |                  IO |
| DSP48E1                  |    11 |    Block Arithmetic |
| BUFG                     |    10 |               Clock |
| INV                      |     9 |                 LUT |
| IBUF                     |     9 |                  IO |
| PHASER_IN_PHY            |     8 |                  IO |
| IN_FIFO                  |     8 |                  IO |
| SRLC16E                  |     7 |  Distributed Memory |
| IDDR                     |     5 |                  IO |
| PHY_CONTROL              |     3 |                  IO |
| PHASER_REF               |     3 |                  IO |
| MMCME2_ADV               |     3 |               Clock |
| RAMB18E1                 |     2 |        Block Memory |
| OR2L                     |     2 |              Others |
| OBUFDS                   |     2 |                  IO |
| MUXF8                    |     2 |               MuxFx |
| IDELAYCTRL               |     2 |                  IO |
| BUFH                     |     2 |               Clock |
| BUFGCTRL                 |     2 |               Clock |
| XADC                     |     1 |              Others |
| PLLE2_ADV                |     1 |               Clock |
| IBUFDS                   |     1 |                  IO |
| BUFR                     |     1 |               Clock |
| BUFIO                    |     1 |               Clock |
| BSCANE2                  |     1 |              Others |
+--------------------------+-------+---------------------+


8. Black Boxes
--------------

+----------+------+
| Ref Name | Used |
+----------+------+


9. Instantiated Netlists
------------------------

+----------+------+
| Ref Name | Used |
+----------+------+


